[2026-08-12T04:31:11.777+0000] {processor.py:186} INFO - Started process (PID=110) to work on /home/airflow/.local/lib/python3.12/site-packages/airflow/example_dags/example_sensors.py
[2026-08-12T04:31:11.779+0000] {processor.py:914} INFO - Processing file /home/airflow/.local/lib/python3.12/site-packages/airflow/example_dags/example_sensors.py for tasks to queue
[2026-08-12T04:31:11.783+0000] {logging_mixin.py:190} INFO - [2026-08-12T04:31:11.783+0000] {dagbag.py:587} INFO - Filling up the DagBag from /home/airflow/.local/lib/python3.12/site-packages/airflow/example_dags/example_sensors.py
[2026-08-12T04:31:11.799+0000] {processor.py:925} INFO - DAG(s) 'example_sensors' retrieved from /home/airflow/.local/lib/python3.12/site-packages/airflow/example_dags/example_sensors.py
[2026-08-12T04:31:11.930+0000] {logging_mixin.py:190} INFO - [2026-08-12T04:31:11.929+0000] {override.py:1858} INFO - Created Permission View: can delete on DAG:example_sensors
[2026-08-12T04:31:11.945+0000] {logging_mixin.py:190} INFO - [2026-08-12T04:31:11.945+0000] {override.py:1858} INFO - Created Permission View: can read on DAG:example_sensors
[2026-08-12T04:31:11.956+0000] {logging_mixin.py:190} INFO - [2026-08-12T04:31:11.956+0000] {override.py:1858} INFO - Created Permission View: can edit on DAG:example_sensors
[2026-08-12T04:31:11.958+0000] {logging_mixin.py:190} INFO - [2026-08-12T04:31:11.958+0000] {dag.py:3211} INFO - Sync 1 DAGs
[2026-08-12T04:31:11.974+0000] {logging_mixin.py:190} INFO - [2026-08-12T04:31:11.974+0000] {dag.py:3234} INFO - Creating ORM DAG for example_sensors
[2026-08-12T04:31:11.977+0000] {logging_mixin.py:190} INFO - [2026-08-12T04:31:11.976+0000] {dag.py:4138} INFO - Setting next_dagrun for example_sensors to None, run_after=None
[2026-08-12T04:31:11.997+0000] {processor.py:208} INFO - Processing /home/airflow/.local/lib/python3.12/site-packages/airflow/example_dags/example_sensors.py took 0.226 seconds
[2026-08-12T04:31:42.850+0000] {processor.py:186} INFO - Started process (PID=172) to work on /home/airflow/.local/lib/python3.12/site-packages/airflow/example_dags/example_sensors.py
[2026-08-12T04:31:42.852+0000] {processor.py:914} INFO - Processing file /home/airflow/.local/lib/python3.12/site-packages/airflow/example_dags/example_sensors.py for tasks to queue
[2026-08-12T04:31:42.856+0000] {logging_mixin.py:190} INFO - [2026-08-12T04:31:42.856+0000] {dagbag.py:587} INFO - Filling up the DagBag from /home/airflow/.local/lib/python3.12/site-packages/airflow/example_dags/example_sensors.py
[2026-08-12T04:31:42.869+0000] {processor.py:925} INFO - DAG(s) 'example_sensors' retrieved from /home/airflow/.local/lib/python3.12/site-packages/airflow/example_dags/example_sensors.py
[2026-08-12T04:31:42.906+0000] {logging_mixin.py:190} INFO - [2026-08-12T04:31:42.906+0000] {dag.py:3211} INFO - Sync 1 DAGs
[2026-08-12T04:31:42.927+0000] {logging_mixin.py:190} INFO - [2026-08-12T04:31:42.926+0000] {dag.py:4138} INFO - Setting next_dagrun for example_sensors to None, run_after=None
[2026-08-12T04:31:42.962+0000] {processor.py:208} INFO - Processing /home/airflow/.local/lib/python3.12/site-packages/airflow/example_dags/example_sensors.py took 0.119 seconds
[2026-08-12T04:33:01.435+0000] {processor.py:186} INFO - Started process (PID=104) to work on /home/airflow/.local/lib/python3.12/site-packages/airflow/example_dags/example_sensors.py
[2026-08-12T04:33:01.438+0000] {processor.py:914} INFO - Processing file /home/airflow/.local/lib/python3.12/site-packages/airflow/example_dags/example_sensors.py for tasks to queue
[2026-08-12T04:33:01.445+0000] {logging_mixin.py:190} INFO - [2026-08-12T04:33:01.444+0000] {dagbag.py:587} INFO - Filling up the DagBag from /home/airflow/.local/lib/python3.12/site-packages/airflow/example_dags/example_sensors.py
[2026-08-12T04:33:01.474+0000] {processor.py:925} INFO - DAG(s) 'example_sensors' retrieved from /home/airflow/.local/lib/python3.12/site-packages/airflow/example_dags/example_sensors.py
[2026-08-12T04:33:01.568+0000] {logging_mixin.py:190} INFO - [2026-08-12T04:33:01.568+0000] {dag.py:3211} INFO - Sync 1 DAGs
[2026-08-12T04:33:01.621+0000] {logging_mixin.py:190} INFO - [2026-08-12T04:33:01.620+0000] {dag.py:4138} INFO - Setting next_dagrun for example_sensors to None, run_after=None
[2026-08-12T04:33:01.691+0000] {processor.py:208} INFO - Processing /home/airflow/.local/lib/python3.12/site-packages/airflow/example_dags/example_sensors.py took 0.272 seconds
[2026-08-12T04:33:31.824+0000] {processor.py:186} INFO - Started process (PID=166) to work on /home/airflow/.local/lib/python3.12/site-packages/airflow/example_dags/example_sensors.py
[2026-08-12T04:33:31.827+0000] {processor.py:914} INFO - Processing file /home/airflow/.local/lib/python3.12/site-packages/airflow/example_dags/example_sensors.py for tasks to queue
[2026-08-12T04:33:31.832+0000] {logging_mixin.py:190} INFO - [2026-08-12T04:33:31.832+0000] {dagbag.py:587} INFO - Filling up the DagBag from /home/airflow/.local/lib/python3.12/site-packages/airflow/example_dags/example_sensors.py
[2026-08-12T04:33:31.846+0000] {processor.py:925} INFO - DAG(s) 'example_sensors' retrieved from /home/airflow/.local/lib/python3.12/site-packages/airflow/example_dags/example_sensors.py
[2026-08-12T04:33:31.872+0000] {logging_mixin.py:190} INFO - [2026-08-12T04:33:31.872+0000] {dag.py:3211} INFO - Sync 1 DAGs
[2026-08-12T04:33:31.886+0000] {logging_mixin.py:190} INFO - [2026-08-12T04:33:31.886+0000] {dag.py:4138} INFO - Setting next_dagrun for example_sensors to None, run_after=None
[2026-08-12T04:33:31.907+0000] {processor.py:208} INFO - Processing /home/airflow/.local/lib/python3.12/site-packages/airflow/example_dags/example_sensors.py took 0.090 seconds
[2026-08-12T04:34:02.602+0000] {processor.py:186} INFO - Started process (PID=228) to work on /home/airflow/.local/lib/python3.12/site-packages/airflow/example_dags/example_sensors.py
[2026-08-12T04:34:02.604+0000] {processor.py:914} INFO - Processing file /home/airflow/.local/lib/python3.12/site-packages/airflow/example_dags/example_sensors.py for tasks to queue
[2026-08-12T04:34:02.613+0000] {logging_mixin.py:190} INFO - [2026-08-12T04:34:02.611+0000] {dagbag.py:587} INFO - Filling up the DagBag from /home/airflow/.local/lib/python3.12/site-packages/airflow/example_dags/example_sensors.py
[2026-08-12T04:34:02.632+0000] {processor.py:925} INFO - DAG(s) 'example_sensors' retrieved from /home/airflow/.local/lib/python3.12/site-packages/airflow/example_dags/example_sensors.py
[2026-08-12T04:34:02.670+0000] {logging_mixin.py:190} INFO - [2026-08-12T04:34:02.670+0000] {dag.py:3211} INFO - Sync 1 DAGs
[2026-08-12T04:34:02.692+0000] {logging_mixin.py:190} INFO - [2026-08-12T04:34:02.691+0000] {dag.py:4138} INFO - Setting next_dagrun for example_sensors to None, run_after=None
[2026-08-12T04:34:02.720+0000] {processor.py:208} INFO - Processing /home/airflow/.local/lib/python3.12/site-packages/airflow/example_dags/example_sensors.py took 0.125 seconds
[2026-08-12T04:34:33.047+0000] {processor.py:186} INFO - Started process (PID=290) to work on /home/airflow/.local/lib/python3.12/site-packages/airflow/example_dags/example_sensors.py
[2026-08-12T04:34:33.050+0000] {processor.py:914} INFO - Processing file /home/airflow/.local/lib/python3.12/site-packages/airflow/example_dags/example_sensors.py for tasks to queue
[2026-08-12T04:34:33.054+0000] {logging_mixin.py:190} INFO - [2026-08-12T04:34:33.054+0000] {dagbag.py:587} INFO - Filling up the DagBag from /home/airflow/.local/lib/python3.12/site-packages/airflow/example_dags/example_sensors.py
[2026-08-12T04:34:33.066+0000] {processor.py:925} INFO - DAG(s) 'example_sensors' retrieved from /home/airflow/.local/lib/python3.12/site-packages/airflow/example_dags/example_sensors.py
[2026-08-12T04:34:33.096+0000] {logging_mixin.py:190} INFO - [2026-08-12T04:34:33.096+0000] {dag.py:3211} INFO - Sync 1 DAGs
[2026-08-12T04:34:33.113+0000] {logging_mixin.py:190} INFO - [2026-08-12T04:34:33.113+0000] {dag.py:4138} INFO - Setting next_dagrun for example_sensors to None, run_after=None
[2026-08-12T04:34:33.142+0000] {processor.py:208} INFO - Processing /home/airflow/.local/lib/python3.12/site-packages/airflow/example_dags/example_sensors.py took 0.101 seconds
[2026-08-12T04:35:04.089+0000] {processor.py:186} INFO - Started process (PID=352) to work on /home/airflow/.local/lib/python3.12/site-packages/airflow/example_dags/example_sensors.py
[2026-08-12T04:35:04.092+0000] {processor.py:914} INFO - Processing file /home/airflow/.local/lib/python3.12/site-packages/airflow/example_dags/example_sensors.py for tasks to queue
[2026-08-12T04:35:04.096+0000] {logging_mixin.py:190} INFO - [2026-08-12T04:35:04.096+0000] {dagbag.py:587} INFO - Filling up the DagBag from /home/airflow/.local/lib/python3.12/site-packages/airflow/example_dags/example_sensors.py
[2026-08-12T04:35:04.113+0000] {processor.py:925} INFO - DAG(s) 'example_sensors' retrieved from /home/airflow/.local/lib/python3.12/site-packages/airflow/example_dags/example_sensors.py
[2026-08-12T04:35:04.154+0000] {logging_mixin.py:190} INFO - [2026-08-12T04:35:04.153+0000] {dag.py:3211} INFO - Sync 1 DAGs
[2026-08-12T04:35:04.172+0000] {logging_mixin.py:190} INFO - [2026-08-12T04:35:04.172+0000] {dag.py:4138} INFO - Setting next_dagrun for example_sensors to None, run_after=None
[2026-08-12T04:35:04.203+0000] {processor.py:208} INFO - Processing /home/airflow/.local/lib/python3.12/site-packages/airflow/example_dags/example_sensors.py took 0.121 seconds
[2026-08-12T04:35:34.387+0000] {processor.py:186} INFO - Started process (PID=414) to work on /home/airflow/.local/lib/python3.12/site-packages/airflow/example_dags/example_sensors.py
[2026-08-12T04:35:34.390+0000] {processor.py:914} INFO - Processing file /home/airflow/.local/lib/python3.12/site-packages/airflow/example_dags/example_sensors.py for tasks to queue
[2026-08-12T04:35:34.397+0000] {logging_mixin.py:190} INFO - [2026-08-12T04:35:34.396+0000] {dagbag.py:587} INFO - Filling up the DagBag from /home/airflow/.local/lib/python3.12/site-packages/airflow/example_dags/example_sensors.py
[2026-08-12T04:35:34.421+0000] {processor.py:925} INFO - DAG(s) 'example_sensors' retrieved from /home/airflow/.local/lib/python3.12/site-packages/airflow/example_dags/example_sensors.py
[2026-08-12T04:35:34.458+0000] {logging_mixin.py:190} INFO - [2026-08-12T04:35:34.458+0000] {dag.py:3211} INFO - Sync 1 DAGs
[2026-08-12T04:35:34.473+0000] {logging_mixin.py:190} INFO - [2026-08-12T04:35:34.472+0000] {dag.py:4138} INFO - Setting next_dagrun for example_sensors to None, run_after=None
[2026-08-12T04:35:34.499+0000] {processor.py:208} INFO - Processing /home/airflow/.local/lib/python3.12/site-packages/airflow/example_dags/example_sensors.py took 0.122 seconds
[2026-08-12T04:36:04.959+0000] {processor.py:186} INFO - Started process (PID=476) to work on /home/airflow/.local/lib/python3.12/site-packages/airflow/example_dags/example_sensors.py
[2026-08-12T04:36:04.961+0000] {processor.py:914} INFO - Processing file /home/airflow/.local/lib/python3.12/site-packages/airflow/example_dags/example_sensors.py for tasks to queue
[2026-08-12T04:36:04.965+0000] {logging_mixin.py:190} INFO - [2026-08-12T04:36:04.965+0000] {dagbag.py:587} INFO - Filling up the DagBag from /home/airflow/.local/lib/python3.12/site-packages/airflow/example_dags/example_sensors.py
[2026-08-12T04:36:04.983+0000] {processor.py:925} INFO - DAG(s) 'example_sensors' retrieved from /home/airflow/.local/lib/python3.12/site-packages/airflow/example_dags/example_sensors.py
[2026-08-12T04:36:05.019+0000] {logging_mixin.py:190} INFO - [2026-08-12T04:36:05.019+0000] {dag.py:3211} INFO - Sync 1 DAGs
[2026-08-12T04:36:05.041+0000] {logging_mixin.py:190} INFO - [2026-08-12T04:36:05.041+0000] {dag.py:4138} INFO - Setting next_dagrun for example_sensors to None, run_after=None
[2026-08-12T04:36:05.072+0000] {processor.py:208} INFO - Processing /home/airflow/.local/lib/python3.12/site-packages/airflow/example_dags/example_sensors.py took 0.121 seconds
[2026-08-12T04:36:35.388+0000] {processor.py:186} INFO - Started process (PID=538) to work on /home/airflow/.local/lib/python3.12/site-packages/airflow/example_dags/example_sensors.py
[2026-08-12T04:36:35.390+0000] {processor.py:914} INFO - Processing file /home/airflow/.local/lib/python3.12/site-packages/airflow/example_dags/example_sensors.py for tasks to queue
[2026-08-12T04:36:35.394+0000] {logging_mixin.py:190} INFO - [2026-08-12T04:36:35.393+0000] {dagbag.py:587} INFO - Filling up the DagBag from /home/airflow/.local/lib/python3.12/site-packages/airflow/example_dags/example_sensors.py
[2026-08-12T04:36:35.409+0000] {processor.py:925} INFO - DAG(s) 'example_sensors' retrieved from /home/airflow/.local/lib/python3.12/site-packages/airflow/example_dags/example_sensors.py
[2026-08-12T04:36:35.437+0000] {logging_mixin.py:190} INFO - [2026-08-12T04:36:35.436+0000] {dag.py:3211} INFO - Sync 1 DAGs
[2026-08-12T04:36:35.451+0000] {logging_mixin.py:190} INFO - [2026-08-12T04:36:35.451+0000] {dag.py:4138} INFO - Setting next_dagrun for example_sensors to None, run_after=None
[2026-08-12T04:36:35.475+0000] {processor.py:208} INFO - Processing /home/airflow/.local/lib/python3.12/site-packages/airflow/example_dags/example_sensors.py took 0.094 seconds
[2026-08-12T04:37:05.909+0000] {processor.py:186} INFO - Started process (PID=600) to work on /home/airflow/.local/lib/python3.12/site-packages/airflow/example_dags/example_sensors.py
[2026-08-12T04:37:05.911+0000] {processor.py:914} INFO - Processing file /home/airflow/.local/lib/python3.12/site-packages/airflow/example_dags/example_sensors.py for tasks to queue
[2026-08-12T04:37:05.915+0000] {logging_mixin.py:190} INFO - [2026-08-12T04:37:05.914+0000] {dagbag.py:587} INFO - Filling up the DagBag from /home/airflow/.local/lib/python3.12/site-packages/airflow/example_dags/example_sensors.py
[2026-08-12T04:37:05.928+0000] {processor.py:925} INFO - DAG(s) 'example_sensors' retrieved from /home/airflow/.local/lib/python3.12/site-packages/airflow/example_dags/example_sensors.py
[2026-08-12T04:37:05.958+0000] {logging_mixin.py:190} INFO - [2026-08-12T04:37:05.958+0000] {dag.py:3211} INFO - Sync 1 DAGs
[2026-08-12T04:37:05.972+0000] {logging_mixin.py:190} INFO - [2026-08-12T04:37:05.972+0000] {dag.py:4138} INFO - Setting next_dagrun for example_sensors to None, run_after=None
[2026-08-12T04:37:05.993+0000] {processor.py:208} INFO - Processing /home/airflow/.local/lib/python3.12/site-packages/airflow/example_dags/example_sensors.py took 0.090 seconds
[2026-08-12T04:37:36.803+0000] {processor.py:186} INFO - Started process (PID=662) to work on /home/airflow/.local/lib/python3.12/site-packages/airflow/example_dags/example_sensors.py
[2026-08-12T04:37:36.806+0000] {processor.py:914} INFO - Processing file /home/airflow/.local/lib/python3.12/site-packages/airflow/example_dags/example_sensors.py for tasks to queue
[2026-08-12T04:37:36.811+0000] {logging_mixin.py:190} INFO - [2026-08-12T04:37:36.810+0000] {dagbag.py:587} INFO - Filling up the DagBag from /home/airflow/.local/lib/python3.12/site-packages/airflow/example_dags/example_sensors.py
[2026-08-12T04:37:36.826+0000] {processor.py:925} INFO - DAG(s) 'example_sensors' retrieved from /home/airflow/.local/lib/python3.12/site-packages/airflow/example_dags/example_sensors.py
[2026-08-12T04:37:36.860+0000] {logging_mixin.py:190} INFO - [2026-08-12T04:37:36.860+0000] {dag.py:3211} INFO - Sync 1 DAGs
[2026-08-12T04:37:36.878+0000] {logging_mixin.py:190} INFO - [2026-08-12T04:37:36.877+0000] {dag.py:4138} INFO - Setting next_dagrun for example_sensors to None, run_after=None
[2026-08-12T04:37:36.909+0000] {processor.py:208} INFO - Processing /home/airflow/.local/lib/python3.12/site-packages/airflow/example_dags/example_sensors.py took 0.115 seconds
[2026-08-12T04:38:07.193+0000] {processor.py:186} INFO - Started process (PID=724) to work on /home/airflow/.local/lib/python3.12/site-packages/airflow/example_dags/example_sensors.py
[2026-08-12T04:38:07.195+0000] {processor.py:914} INFO - Processing file /home/airflow/.local/lib/python3.12/site-packages/airflow/example_dags/example_sensors.py for tasks to queue
[2026-08-12T04:38:07.199+0000] {logging_mixin.py:190} INFO - [2026-08-12T04:38:07.198+0000] {dagbag.py:587} INFO - Filling up the DagBag from /home/airflow/.local/lib/python3.12/site-packages/airflow/example_dags/example_sensors.py
[2026-08-12T04:38:07.212+0000] {processor.py:925} INFO - DAG(s) 'example_sensors' retrieved from /home/airflow/.local/lib/python3.12/site-packages/airflow/example_dags/example_sensors.py
[2026-08-12T04:38:07.239+0000] {logging_mixin.py:190} INFO - [2026-08-12T04:38:07.238+0000] {dag.py:3211} INFO - Sync 1 DAGs
[2026-08-12T04:38:07.254+0000] {logging_mixin.py:190} INFO - [2026-08-12T04:38:07.254+0000] {dag.py:4138} INFO - Setting next_dagrun for example_sensors to None, run_after=None
[2026-08-12T04:38:07.281+0000] {processor.py:208} INFO - Processing /home/airflow/.local/lib/python3.12/site-packages/airflow/example_dags/example_sensors.py took 0.094 seconds
[2026-08-12T04:38:37.591+0000] {processor.py:186} INFO - Started process (PID=786) to work on /home/airflow/.local/lib/python3.12/site-packages/airflow/example_dags/example_sensors.py
[2026-08-12T04:38:37.593+0000] {processor.py:914} INFO - Processing file /home/airflow/.local/lib/python3.12/site-packages/airflow/example_dags/example_sensors.py for tasks to queue
[2026-08-12T04:38:37.596+0000] {logging_mixin.py:190} INFO - [2026-08-12T04:38:37.596+0000] {dagbag.py:587} INFO - Filling up the DagBag from /home/airflow/.local/lib/python3.12/site-packages/airflow/example_dags/example_sensors.py
[2026-08-12T04:38:37.610+0000] {processor.py:925} INFO - DAG(s) 'example_sensors' retrieved from /home/airflow/.local/lib/python3.12/site-packages/airflow/example_dags/example_sensors.py
[2026-08-12T04:38:37.639+0000] {logging_mixin.py:190} INFO - [2026-08-12T04:38:37.639+0000] {dag.py:3211} INFO - Sync 1 DAGs
[2026-08-12T04:38:37.654+0000] {logging_mixin.py:190} INFO - [2026-08-12T04:38:37.653+0000] {dag.py:4138} INFO - Setting next_dagrun for example_sensors to None, run_after=None
[2026-08-12T04:38:37.679+0000] {processor.py:208} INFO - Processing /home/airflow/.local/lib/python3.12/site-packages/airflow/example_dags/example_sensors.py took 0.094 seconds
[2026-08-12T04:39:07.904+0000] {processor.py:186} INFO - Started process (PID=848) to work on /home/airflow/.local/lib/python3.12/site-packages/airflow/example_dags/example_sensors.py
[2026-08-12T04:39:07.908+0000] {processor.py:914} INFO - Processing file /home/airflow/.local/lib/python3.12/site-packages/airflow/example_dags/example_sensors.py for tasks to queue
[2026-08-12T04:39:07.913+0000] {logging_mixin.py:190} INFO - [2026-08-12T04:39:07.913+0000] {dagbag.py:587} INFO - Filling up the DagBag from /home/airflow/.local/lib/python3.12/site-packages/airflow/example_dags/example_sensors.py
[2026-08-12T04:39:07.928+0000] {processor.py:925} INFO - DAG(s) 'example_sensors' retrieved from /home/airflow/.local/lib/python3.12/site-packages/airflow/example_dags/example_sensors.py
[2026-08-12T04:39:07.964+0000] {logging_mixin.py:190} INFO - [2026-08-12T04:39:07.963+0000] {dag.py:3211} INFO - Sync 1 DAGs
[2026-08-12T04:39:07.981+0000] {logging_mixin.py:190} INFO - [2026-08-12T04:39:07.981+0000] {dag.py:4138} INFO - Setting next_dagrun for example_sensors to None, run_after=None
[2026-08-12T04:39:08.003+0000] {processor.py:208} INFO - Processing /home/airflow/.local/lib/python3.12/site-packages/airflow/example_dags/example_sensors.py took 0.105 seconds
[2026-08-12T04:39:38.953+0000] {processor.py:186} INFO - Started process (PID=910) to work on /home/airflow/.local/lib/python3.12/site-packages/airflow/example_dags/example_sensors.py
[2026-08-12T04:39:38.955+0000] {processor.py:914} INFO - Processing file /home/airflow/.local/lib/python3.12/site-packages/airflow/example_dags/example_sensors.py for tasks to queue
[2026-08-12T04:39:38.959+0000] {logging_mixin.py:190} INFO - [2026-08-12T04:39:38.959+0000] {dagbag.py:587} INFO - Filling up the DagBag from /home/airflow/.local/lib/python3.12/site-packages/airflow/example_dags/example_sensors.py
[2026-08-12T04:39:38.972+0000] {processor.py:925} INFO - DAG(s) 'example_sensors' retrieved from /home/airflow/.local/lib/python3.12/site-packages/airflow/example_dags/example_sensors.py
[2026-08-12T04:39:39.007+0000] {logging_mixin.py:190} INFO - [2026-08-12T04:39:39.007+0000] {dag.py:3211} INFO - Sync 1 DAGs
[2026-08-12T04:39:39.023+0000] {logging_mixin.py:190} INFO - [2026-08-12T04:39:39.023+0000] {dag.py:4138} INFO - Setting next_dagrun for example_sensors to None, run_after=None
[2026-08-12T04:39:39.047+0000] {processor.py:208} INFO - Processing /home/airflow/.local/lib/python3.12/site-packages/airflow/example_dags/example_sensors.py took 0.099 seconds
[2026-08-12T04:40:09.568+0000] {processor.py:186} INFO - Started process (PID=972) to work on /home/airflow/.local/lib/python3.12/site-packages/airflow/example_dags/example_sensors.py
[2026-08-12T04:40:09.571+0000] {processor.py:914} INFO - Processing file /home/airflow/.local/lib/python3.12/site-packages/airflow/example_dags/example_sensors.py for tasks to queue
[2026-08-12T04:40:09.575+0000] {logging_mixin.py:190} INFO - [2026-08-12T04:40:09.574+0000] {dagbag.py:587} INFO - Filling up the DagBag from /home/airflow/.local/lib/python3.12/site-packages/airflow/example_dags/example_sensors.py
[2026-08-12T04:40:09.587+0000] {processor.py:925} INFO - DAG(s) 'example_sensors' retrieved from /home/airflow/.local/lib/python3.12/site-packages/airflow/example_dags/example_sensors.py
[2026-08-12T04:40:09.613+0000] {logging_mixin.py:190} INFO - [2026-08-12T04:40:09.613+0000] {dag.py:3211} INFO - Sync 1 DAGs
[2026-08-12T04:40:09.628+0000] {logging_mixin.py:190} INFO - [2026-08-12T04:40:09.628+0000] {dag.py:4138} INFO - Setting next_dagrun for example_sensors to None, run_after=None
[2026-08-12T04:40:09.649+0000] {processor.py:208} INFO - Processing /home/airflow/.local/lib/python3.12/site-packages/airflow/example_dags/example_sensors.py took 0.087 seconds
[2026-08-12T04:40:39.969+0000] {processor.py:186} INFO - Started process (PID=1034) to work on /home/airflow/.local/lib/python3.12/site-packages/airflow/example_dags/example_sensors.py
[2026-08-12T04:40:39.971+0000] {processor.py:914} INFO - Processing file /home/airflow/.local/lib/python3.12/site-packages/airflow/example_dags/example_sensors.py for tasks to queue
[2026-08-12T04:40:39.975+0000] {logging_mixin.py:190} INFO - [2026-08-12T04:40:39.975+0000] {dagbag.py:587} INFO - Filling up the DagBag from /home/airflow/.local/lib/python3.12/site-packages/airflow/example_dags/example_sensors.py
[2026-08-12T04:40:39.988+0000] {processor.py:925} INFO - DAG(s) 'example_sensors' retrieved from /home/airflow/.local/lib/python3.12/site-packages/airflow/example_dags/example_sensors.py
[2026-08-12T04:40:40.014+0000] {logging_mixin.py:190} INFO - [2026-08-12T04:40:40.013+0000] {dag.py:3211} INFO - Sync 1 DAGs
[2026-08-12T04:40:40.029+0000] {logging_mixin.py:190} INFO - [2026-08-12T04:40:40.029+0000] {dag.py:4138} INFO - Setting next_dagrun for example_sensors to None, run_after=None
[2026-08-12T04:40:40.051+0000] {processor.py:208} INFO - Processing /home/airflow/.local/lib/python3.12/site-packages/airflow/example_dags/example_sensors.py took 0.089 seconds
[2026-08-12T04:41:11.318+0000] {processor.py:186} INFO - Started process (PID=1096) to work on /home/airflow/.local/lib/python3.12/site-packages/airflow/example_dags/example_sensors.py
[2026-08-12T04:41:11.321+0000] {processor.py:914} INFO - Processing file /home/airflow/.local/lib/python3.12/site-packages/airflow/example_dags/example_sensors.py for tasks to queue
[2026-08-12T04:41:11.326+0000] {logging_mixin.py:190} INFO - [2026-08-12T04:41:11.326+0000] {dagbag.py:587} INFO - Filling up the DagBag from /home/airflow/.local/lib/python3.12/site-packages/airflow/example_dags/example_sensors.py
[2026-08-12T04:41:11.340+0000] {processor.py:925} INFO - DAG(s) 'example_sensors' retrieved from /home/airflow/.local/lib/python3.12/site-packages/airflow/example_dags/example_sensors.py
[2026-08-12T04:41:11.375+0000] {logging_mixin.py:190} INFO - [2026-08-12T04:41:11.375+0000] {dag.py:3211} INFO - Sync 1 DAGs
[2026-08-12T04:41:11.393+0000] {logging_mixin.py:190} INFO - [2026-08-12T04:41:11.393+0000] {dag.py:4138} INFO - Setting next_dagrun for example_sensors to None, run_after=None
[2026-08-12T04:41:11.419+0000] {processor.py:208} INFO - Processing /home/airflow/.local/lib/python3.12/site-packages/airflow/example_dags/example_sensors.py took 0.110 seconds
[2026-08-12T04:41:41.935+0000] {processor.py:186} INFO - Started process (PID=1158) to work on /home/airflow/.local/lib/python3.12/site-packages/airflow/example_dags/example_sensors.py
[2026-08-12T04:41:41.945+0000] {processor.py:914} INFO - Processing file /home/airflow/.local/lib/python3.12/site-packages/airflow/example_dags/example_sensors.py for tasks to queue
[2026-08-12T04:41:41.952+0000] {logging_mixin.py:190} INFO - [2026-08-12T04:41:41.951+0000] {dagbag.py:587} INFO - Filling up the DagBag from /home/airflow/.local/lib/python3.12/site-packages/airflow/example_dags/example_sensors.py
[2026-08-12T04:41:41.979+0000] {processor.py:925} INFO - DAG(s) 'example_sensors' retrieved from /home/airflow/.local/lib/python3.12/site-packages/airflow/example_dags/example_sensors.py
[2026-08-12T04:41:42.029+0000] {logging_mixin.py:190} INFO - [2026-08-12T04:41:42.028+0000] {dag.py:3211} INFO - Sync 1 DAGs
[2026-08-12T04:41:42.050+0000] {logging_mixin.py:190} INFO - [2026-08-12T04:41:42.050+0000] {dag.py:4138} INFO - Setting next_dagrun for example_sensors to None, run_after=None
[2026-08-12T04:41:42.076+0000] {processor.py:208} INFO - Processing /home/airflow/.local/lib/python3.12/site-packages/airflow/example_dags/example_sensors.py took 0.159 seconds
[2026-08-12T04:42:12.469+0000] {processor.py:186} INFO - Started process (PID=1220) to work on /home/airflow/.local/lib/python3.12/site-packages/airflow/example_dags/example_sensors.py
[2026-08-12T04:42:12.472+0000] {processor.py:914} INFO - Processing file /home/airflow/.local/lib/python3.12/site-packages/airflow/example_dags/example_sensors.py for tasks to queue
[2026-08-12T04:42:12.479+0000] {logging_mixin.py:190} INFO - [2026-08-12T04:42:12.479+0000] {dagbag.py:587} INFO - Filling up the DagBag from /home/airflow/.local/lib/python3.12/site-packages/airflow/example_dags/example_sensors.py
[2026-08-12T04:42:12.496+0000] {processor.py:925} INFO - DAG(s) 'example_sensors' retrieved from /home/airflow/.local/lib/python3.12/site-packages/airflow/example_dags/example_sensors.py
[2026-08-12T04:42:12.537+0000] {logging_mixin.py:190} INFO - [2026-08-12T04:42:12.537+0000] {dag.py:3211} INFO - Sync 1 DAGs
[2026-08-12T04:42:12.560+0000] {logging_mixin.py:190} INFO - [2026-08-12T04:42:12.559+0000] {dag.py:4138} INFO - Setting next_dagrun for example_sensors to None, run_after=None
[2026-08-12T04:42:12.590+0000] {processor.py:208} INFO - Processing /home/airflow/.local/lib/python3.12/site-packages/airflow/example_dags/example_sensors.py took 0.129 seconds
[2026-08-12T04:42:42.848+0000] {processor.py:186} INFO - Started process (PID=1282) to work on /home/airflow/.local/lib/python3.12/site-packages/airflow/example_dags/example_sensors.py
[2026-08-12T04:42:42.851+0000] {processor.py:914} INFO - Processing file /home/airflow/.local/lib/python3.12/site-packages/airflow/example_dags/example_sensors.py for tasks to queue
[2026-08-12T04:42:42.855+0000] {logging_mixin.py:190} INFO - [2026-08-12T04:42:42.855+0000] {dagbag.py:587} INFO - Filling up the DagBag from /home/airflow/.local/lib/python3.12/site-packages/airflow/example_dags/example_sensors.py
[2026-08-12T04:42:42.869+0000] {processor.py:925} INFO - DAG(s) 'example_sensors' retrieved from /home/airflow/.local/lib/python3.12/site-packages/airflow/example_dags/example_sensors.py
[2026-08-12T04:42:42.900+0000] {logging_mixin.py:190} INFO - [2026-08-12T04:42:42.900+0000] {dag.py:3211} INFO - Sync 1 DAGs
[2026-08-12T04:42:42.925+0000] {logging_mixin.py:190} INFO - [2026-08-12T04:42:42.924+0000] {dag.py:4138} INFO - Setting next_dagrun for example_sensors to None, run_after=None
[2026-08-12T04:42:42.947+0000] {processor.py:208} INFO - Processing /home/airflow/.local/lib/python3.12/site-packages/airflow/example_dags/example_sensors.py took 0.105 seconds
[2026-08-12T04:43:13.744+0000] {processor.py:186} INFO - Started process (PID=1344) to work on /home/airflow/.local/lib/python3.12/site-packages/airflow/example_dags/example_sensors.py
[2026-08-12T04:43:13.747+0000] {processor.py:914} INFO - Processing file /home/airflow/.local/lib/python3.12/site-packages/airflow/example_dags/example_sensors.py for tasks to queue
[2026-08-12T04:43:13.750+0000] {logging_mixin.py:190} INFO - [2026-08-12T04:43:13.750+0000] {dagbag.py:587} INFO - Filling up the DagBag from /home/airflow/.local/lib/python3.12/site-packages/airflow/example_dags/example_sensors.py
[2026-08-12T04:43:13.763+0000] {processor.py:925} INFO - DAG(s) 'example_sensors' retrieved from /home/airflow/.local/lib/python3.12/site-packages/airflow/example_dags/example_sensors.py
[2026-08-12T04:43:13.789+0000] {logging_mixin.py:190} INFO - [2026-08-12T04:43:13.789+0000] {dag.py:3211} INFO - Sync 1 DAGs
[2026-08-12T04:43:13.803+0000] {logging_mixin.py:190} INFO - [2026-08-12T04:43:13.803+0000] {dag.py:4138} INFO - Setting next_dagrun for example_sensors to None, run_after=None
[2026-08-12T04:43:13.827+0000] {processor.py:208} INFO - Processing /home/airflow/.local/lib/python3.12/site-packages/airflow/example_dags/example_sensors.py took 0.089 seconds
[2026-08-12T04:43:44.268+0000] {processor.py:186} INFO - Started process (PID=1406) to work on /home/airflow/.local/lib/python3.12/site-packages/airflow/example_dags/example_sensors.py
[2026-08-12T04:43:44.270+0000] {processor.py:914} INFO - Processing file /home/airflow/.local/lib/python3.12/site-packages/airflow/example_dags/example_sensors.py for tasks to queue
[2026-08-12T04:43:44.274+0000] {logging_mixin.py:190} INFO - [2026-08-12T04:43:44.274+0000] {dagbag.py:587} INFO - Filling up the DagBag from /home/airflow/.local/lib/python3.12/site-packages/airflow/example_dags/example_sensors.py
[2026-08-12T04:43:44.293+0000] {processor.py:925} INFO - DAG(s) 'example_sensors' retrieved from /home/airflow/.local/lib/python3.12/site-packages/airflow/example_dags/example_sensors.py
[2026-08-12T04:43:44.330+0000] {logging_mixin.py:190} INFO - [2026-08-12T04:43:44.329+0000] {dag.py:3211} INFO - Sync 1 DAGs
[2026-08-12T04:43:44.353+0000] {logging_mixin.py:190} INFO - [2026-08-12T04:43:44.353+0000] {dag.py:4138} INFO - Setting next_dagrun for example_sensors to None, run_after=None
[2026-08-12T04:43:44.388+0000] {processor.py:208} INFO - Processing /home/airflow/.local/lib/python3.12/site-packages/airflow/example_dags/example_sensors.py took 0.128 seconds
[2026-08-12T04:44:15.016+0000] {processor.py:186} INFO - Started process (PID=1468) to work on /home/airflow/.local/lib/python3.12/site-packages/airflow/example_dags/example_sensors.py
[2026-08-12T04:44:15.020+0000] {processor.py:914} INFO - Processing file /home/airflow/.local/lib/python3.12/site-packages/airflow/example_dags/example_sensors.py for tasks to queue
[2026-08-12T04:44:15.026+0000] {logging_mixin.py:190} INFO - [2026-08-12T04:44:15.025+0000] {dagbag.py:587} INFO - Filling up the DagBag from /home/airflow/.local/lib/python3.12/site-packages/airflow/example_dags/example_sensors.py
[2026-08-12T04:44:15.043+0000] {processor.py:925} INFO - DAG(s) 'example_sensors' retrieved from /home/airflow/.local/lib/python3.12/site-packages/airflow/example_dags/example_sensors.py
[2026-08-12T04:44:15.078+0000] {logging_mixin.py:190} INFO - [2026-08-12T04:44:15.078+0000] {dag.py:3211} INFO - Sync 1 DAGs
[2026-08-12T04:44:15.094+0000] {logging_mixin.py:190} INFO - [2026-08-12T04:44:15.094+0000] {dag.py:4138} INFO - Setting next_dagrun for example_sensors to None, run_after=None
[2026-08-12T04:44:15.121+0000] {processor.py:208} INFO - Processing /home/airflow/.local/lib/python3.12/site-packages/airflow/example_dags/example_sensors.py took 0.120 seconds
[2026-08-12T04:44:45.288+0000] {processor.py:186} INFO - Started process (PID=1530) to work on /home/airflow/.local/lib/python3.12/site-packages/airflow/example_dags/example_sensors.py
[2026-08-12T04:44:45.290+0000] {processor.py:914} INFO - Processing file /home/airflow/.local/lib/python3.12/site-packages/airflow/example_dags/example_sensors.py for tasks to queue
[2026-08-12T04:44:45.296+0000] {logging_mixin.py:190} INFO - [2026-08-12T04:44:45.296+0000] {dagbag.py:587} INFO - Filling up the DagBag from /home/airflow/.local/lib/python3.12/site-packages/airflow/example_dags/example_sensors.py
[2026-08-12T04:44:45.310+0000] {processor.py:925} INFO - DAG(s) 'example_sensors' retrieved from /home/airflow/.local/lib/python3.12/site-packages/airflow/example_dags/example_sensors.py
[2026-08-12T04:44:45.341+0000] {logging_mixin.py:190} INFO - [2026-08-12T04:44:45.340+0000] {dag.py:3211} INFO - Sync 1 DAGs
[2026-08-12T04:44:45.356+0000] {logging_mixin.py:190} INFO - [2026-08-12T04:44:45.356+0000] {dag.py:4138} INFO - Setting next_dagrun for example_sensors to None, run_after=None
[2026-08-12T04:44:45.378+0000] {processor.py:208} INFO - Processing /home/airflow/.local/lib/python3.12/site-packages/airflow/example_dags/example_sensors.py took 0.099 seconds
[2026-08-12T04:45:15.705+0000] {processor.py:186} INFO - Started process (PID=1592) to work on /home/airflow/.local/lib/python3.12/site-packages/airflow/example_dags/example_sensors.py
[2026-08-12T04:45:15.707+0000] {processor.py:914} INFO - Processing file /home/airflow/.local/lib/python3.12/site-packages/airflow/example_dags/example_sensors.py for tasks to queue
[2026-08-12T04:45:15.715+0000] {logging_mixin.py:190} INFO - [2026-08-12T04:45:15.714+0000] {dagbag.py:587} INFO - Filling up the DagBag from /home/airflow/.local/lib/python3.12/site-packages/airflow/example_dags/example_sensors.py
[2026-08-12T04:45:15.728+0000] {processor.py:925} INFO - DAG(s) 'example_sensors' retrieved from /home/airflow/.local/lib/python3.12/site-packages/airflow/example_dags/example_sensors.py
[2026-08-12T04:45:15.759+0000] {logging_mixin.py:190} INFO - [2026-08-12T04:45:15.759+0000] {dag.py:3211} INFO - Sync 1 DAGs
[2026-08-12T04:45:15.777+0000] {logging_mixin.py:190} INFO - [2026-08-12T04:45:15.776+0000] {dag.py:4138} INFO - Setting next_dagrun for example_sensors to None, run_after=None
[2026-08-12T04:45:15.807+0000] {processor.py:208} INFO - Processing /home/airflow/.local/lib/python3.12/site-packages/airflow/example_dags/example_sensors.py took 0.108 seconds
[2026-08-12T04:45:46.245+0000] {processor.py:186} INFO - Started process (PID=1654) to work on /home/airflow/.local/lib/python3.12/site-packages/airflow/example_dags/example_sensors.py
[2026-08-12T04:45:46.247+0000] {processor.py:914} INFO - Processing file /home/airflow/.local/lib/python3.12/site-packages/airflow/example_dags/example_sensors.py for tasks to queue
[2026-08-12T04:45:46.251+0000] {logging_mixin.py:190} INFO - [2026-08-12T04:45:46.250+0000] {dagbag.py:587} INFO - Filling up the DagBag from /home/airflow/.local/lib/python3.12/site-packages/airflow/example_dags/example_sensors.py
[2026-08-12T04:45:46.264+0000] {processor.py:925} INFO - DAG(s) 'example_sensors' retrieved from /home/airflow/.local/lib/python3.12/site-packages/airflow/example_dags/example_sensors.py
[2026-08-12T04:45:46.292+0000] {logging_mixin.py:190} INFO - [2026-08-12T04:45:46.292+0000] {dag.py:3211} INFO - Sync 1 DAGs
[2026-08-12T04:45:46.318+0000] {logging_mixin.py:190} INFO - [2026-08-12T04:45:46.318+0000] {dag.py:4138} INFO - Setting next_dagrun for example_sensors to None, run_after=None
[2026-08-12T04:45:46.346+0000] {processor.py:208} INFO - Processing /home/airflow/.local/lib/python3.12/site-packages/airflow/example_dags/example_sensors.py took 0.111 seconds
[2026-08-12T04:46:16.595+0000] {processor.py:186} INFO - Started process (PID=1716) to work on /home/airflow/.local/lib/python3.12/site-packages/airflow/example_dags/example_sensors.py
[2026-08-12T04:46:16.597+0000] {processor.py:914} INFO - Processing file /home/airflow/.local/lib/python3.12/site-packages/airflow/example_dags/example_sensors.py for tasks to queue
[2026-08-12T04:46:16.601+0000] {logging_mixin.py:190} INFO - [2026-08-12T04:46:16.600+0000] {dagbag.py:587} INFO - Filling up the DagBag from /home/airflow/.local/lib/python3.12/site-packages/airflow/example_dags/example_sensors.py
[2026-08-12T04:46:16.613+0000] {processor.py:925} INFO - DAG(s) 'example_sensors' retrieved from /home/airflow/.local/lib/python3.12/site-packages/airflow/example_dags/example_sensors.py
[2026-08-12T04:46:16.641+0000] {logging_mixin.py:190} INFO - [2026-08-12T04:46:16.641+0000] {dag.py:3211} INFO - Sync 1 DAGs
[2026-08-12T04:46:16.658+0000] {logging_mixin.py:190} INFO - [2026-08-12T04:46:16.658+0000] {dag.py:4138} INFO - Setting next_dagrun for example_sensors to None, run_after=None
[2026-08-12T04:46:16.681+0000] {processor.py:208} INFO - Processing /home/airflow/.local/lib/python3.12/site-packages/airflow/example_dags/example_sensors.py took 0.093 seconds
[2026-08-12T04:46:47.221+0000] {processor.py:186} INFO - Started process (PID=1778) to work on /home/airflow/.local/lib/python3.12/site-packages/airflow/example_dags/example_sensors.py
[2026-08-12T04:46:47.223+0000] {processor.py:914} INFO - Processing file /home/airflow/.local/lib/python3.12/site-packages/airflow/example_dags/example_sensors.py for tasks to queue
[2026-08-12T04:46:47.227+0000] {logging_mixin.py:190} INFO - [2026-08-12T04:46:47.227+0000] {dagbag.py:587} INFO - Filling up the DagBag from /home/airflow/.local/lib/python3.12/site-packages/airflow/example_dags/example_sensors.py
[2026-08-12T04:46:47.239+0000] {processor.py:925} INFO - DAG(s) 'example_sensors' retrieved from /home/airflow/.local/lib/python3.12/site-packages/airflow/example_dags/example_sensors.py
[2026-08-12T04:46:47.265+0000] {logging_mixin.py:190} INFO - [2026-08-12T04:46:47.265+0000] {dag.py:3211} INFO - Sync 1 DAGs
[2026-08-12T04:46:47.281+0000] {logging_mixin.py:190} INFO - [2026-08-12T04:46:47.281+0000] {dag.py:4138} INFO - Setting next_dagrun for example_sensors to None, run_after=None
[2026-08-12T04:46:47.306+0000] {processor.py:208} INFO - Processing /home/airflow/.local/lib/python3.12/site-packages/airflow/example_dags/example_sensors.py took 0.092 seconds
[2026-08-12T04:47:17.954+0000] {processor.py:186} INFO - Started process (PID=1841) to work on /home/airflow/.local/lib/python3.12/site-packages/airflow/example_dags/example_sensors.py
[2026-08-12T04:47:17.957+0000] {processor.py:914} INFO - Processing file /home/airflow/.local/lib/python3.12/site-packages/airflow/example_dags/example_sensors.py for tasks to queue
[2026-08-12T04:47:17.966+0000] {logging_mixin.py:190} INFO - [2026-08-12T04:47:17.965+0000] {dagbag.py:587} INFO - Filling up the DagBag from /home/airflow/.local/lib/python3.12/site-packages/airflow/example_dags/example_sensors.py
[2026-08-12T04:47:17.987+0000] {processor.py:925} INFO - DAG(s) 'example_sensors' retrieved from /home/airflow/.local/lib/python3.12/site-packages/airflow/example_dags/example_sensors.py
[2026-08-12T04:47:18.023+0000] {logging_mixin.py:190} INFO - [2026-08-12T04:47:18.023+0000] {dag.py:3211} INFO - Sync 1 DAGs
[2026-08-12T04:47:18.041+0000] {logging_mixin.py:190} INFO - [2026-08-12T04:47:18.041+0000] {dag.py:4138} INFO - Setting next_dagrun for example_sensors to None, run_after=None
[2026-08-12T04:47:18.063+0000] {processor.py:208} INFO - Processing /home/airflow/.local/lib/python3.12/site-packages/airflow/example_dags/example_sensors.py took 0.117 seconds
[2026-08-12T04:47:48.628+0000] {processor.py:186} INFO - Started process (PID=1903) to work on /home/airflow/.local/lib/python3.12/site-packages/airflow/example_dags/example_sensors.py
[2026-08-12T04:47:48.633+0000] {processor.py:914} INFO - Processing file /home/airflow/.local/lib/python3.12/site-packages/airflow/example_dags/example_sensors.py for tasks to queue
[2026-08-12T04:47:48.638+0000] {logging_mixin.py:190} INFO - [2026-08-12T04:47:48.637+0000] {dagbag.py:587} INFO - Filling up the DagBag from /home/airflow/.local/lib/python3.12/site-packages/airflow/example_dags/example_sensors.py
[2026-08-12T04:47:48.659+0000] {processor.py:925} INFO - DAG(s) 'example_sensors' retrieved from /home/airflow/.local/lib/python3.12/site-packages/airflow/example_dags/example_sensors.py
[2026-08-12T04:47:48.705+0000] {logging_mixin.py:190} INFO - [2026-08-12T04:47:48.704+0000] {dag.py:3211} INFO - Sync 1 DAGs
[2026-08-12T04:47:48.726+0000] {logging_mixin.py:190} INFO - [2026-08-12T04:47:48.725+0000] {dag.py:4138} INFO - Setting next_dagrun for example_sensors to None, run_after=None
[2026-08-12T04:47:48.754+0000] {processor.py:208} INFO - Processing /home/airflow/.local/lib/python3.12/site-packages/airflow/example_dags/example_sensors.py took 0.132 seconds
[2026-08-12T04:48:19.017+0000] {processor.py:186} INFO - Started process (PID=1965) to work on /home/airflow/.local/lib/python3.12/site-packages/airflow/example_dags/example_sensors.py
[2026-08-12T04:48:19.021+0000] {processor.py:914} INFO - Processing file /home/airflow/.local/lib/python3.12/site-packages/airflow/example_dags/example_sensors.py for tasks to queue
[2026-08-12T04:48:19.029+0000] {logging_mixin.py:190} INFO - [2026-08-12T04:48:19.027+0000] {dagbag.py:587} INFO - Filling up the DagBag from /home/airflow/.local/lib/python3.12/site-packages/airflow/example_dags/example_sensors.py
[2026-08-12T04:48:19.051+0000] {processor.py:925} INFO - DAG(s) 'example_sensors' retrieved from /home/airflow/.local/lib/python3.12/site-packages/airflow/example_dags/example_sensors.py
[2026-08-12T04:48:19.082+0000] {logging_mixin.py:190} INFO - [2026-08-12T04:48:19.082+0000] {dag.py:3211} INFO - Sync 1 DAGs
[2026-08-12T04:48:19.098+0000] {logging_mixin.py:190} INFO - [2026-08-12T04:48:19.097+0000] {dag.py:4138} INFO - Setting next_dagrun for example_sensors to None, run_after=None
[2026-08-12T04:48:19.122+0000] {processor.py:208} INFO - Processing /home/airflow/.local/lib/python3.12/site-packages/airflow/example_dags/example_sensors.py took 0.122 seconds
[2026-08-12T04:48:49.455+0000] {processor.py:186} INFO - Started process (PID=2027) to work on /home/airflow/.local/lib/python3.12/site-packages/airflow/example_dags/example_sensors.py
[2026-08-12T04:48:49.458+0000] {processor.py:914} INFO - Processing file /home/airflow/.local/lib/python3.12/site-packages/airflow/example_dags/example_sensors.py for tasks to queue
[2026-08-12T04:48:49.462+0000] {logging_mixin.py:190} INFO - [2026-08-12T04:48:49.461+0000] {dagbag.py:587} INFO - Filling up the DagBag from /home/airflow/.local/lib/python3.12/site-packages/airflow/example_dags/example_sensors.py
[2026-08-12T04:48:49.475+0000] {processor.py:925} INFO - DAG(s) 'example_sensors' retrieved from /home/airflow/.local/lib/python3.12/site-packages/airflow/example_dags/example_sensors.py
[2026-08-12T04:48:49.499+0000] {logging_mixin.py:190} INFO - [2026-08-12T04:48:49.499+0000] {dag.py:3211} INFO - Sync 1 DAGs
[2026-08-12T04:48:49.514+0000] {logging_mixin.py:190} INFO - [2026-08-12T04:48:49.513+0000] {dag.py:4138} INFO - Setting next_dagrun for example_sensors to None, run_after=None
[2026-08-12T04:48:49.538+0000] {processor.py:208} INFO - Processing /home/airflow/.local/lib/python3.12/site-packages/airflow/example_dags/example_sensors.py took 0.091 seconds
[2026-08-12T04:49:20.150+0000] {processor.py:186} INFO - Started process (PID=2089) to work on /home/airflow/.local/lib/python3.12/site-packages/airflow/example_dags/example_sensors.py
[2026-08-12T04:49:20.152+0000] {processor.py:914} INFO - Processing file /home/airflow/.local/lib/python3.12/site-packages/airflow/example_dags/example_sensors.py for tasks to queue
[2026-08-12T04:49:20.155+0000] {logging_mixin.py:190} INFO - [2026-08-12T04:49:20.155+0000] {dagbag.py:587} INFO - Filling up the DagBag from /home/airflow/.local/lib/python3.12/site-packages/airflow/example_dags/example_sensors.py
[2026-08-12T04:49:20.168+0000] {processor.py:925} INFO - DAG(s) 'example_sensors' retrieved from /home/airflow/.local/lib/python3.12/site-packages/airflow/example_dags/example_sensors.py
[2026-08-12T04:49:20.197+0000] {logging_mixin.py:190} INFO - [2026-08-12T04:49:20.197+0000] {dag.py:3211} INFO - Sync 1 DAGs
[2026-08-12T04:49:20.212+0000] {logging_mixin.py:190} INFO - [2026-08-12T04:49:20.212+0000] {dag.py:4138} INFO - Setting next_dagrun for example_sensors to None, run_after=None
[2026-08-12T04:49:20.238+0000] {processor.py:208} INFO - Processing /home/airflow/.local/lib/python3.12/site-packages/airflow/example_dags/example_sensors.py took 0.095 seconds
[2026-08-12T04:49:50.692+0000] {processor.py:186} INFO - Started process (PID=2151) to work on /home/airflow/.local/lib/python3.12/site-packages/airflow/example_dags/example_sensors.py
[2026-08-12T04:49:50.695+0000] {processor.py:914} INFO - Processing file /home/airflow/.local/lib/python3.12/site-packages/airflow/example_dags/example_sensors.py for tasks to queue
[2026-08-12T04:49:50.699+0000] {logging_mixin.py:190} INFO - [2026-08-12T04:49:50.699+0000] {dagbag.py:587} INFO - Filling up the DagBag from /home/airflow/.local/lib/python3.12/site-packages/airflow/example_dags/example_sensors.py
[2026-08-12T04:49:50.711+0000] {processor.py:925} INFO - DAG(s) 'example_sensors' retrieved from /home/airflow/.local/lib/python3.12/site-packages/airflow/example_dags/example_sensors.py
[2026-08-12T04:49:50.741+0000] {logging_mixin.py:190} INFO - [2026-08-12T04:49:50.741+0000] {dag.py:3211} INFO - Sync 1 DAGs
[2026-08-12T04:49:50.758+0000] {logging_mixin.py:190} INFO - [2026-08-12T04:49:50.757+0000] {dag.py:4138} INFO - Setting next_dagrun for example_sensors to None, run_after=None
[2026-08-12T04:49:50.785+0000] {processor.py:208} INFO - Processing /home/airflow/.local/lib/python3.12/site-packages/airflow/example_dags/example_sensors.py took 0.099 seconds
[2026-08-12T04:50:21.519+0000] {processor.py:186} INFO - Started process (PID=2213) to work on /home/airflow/.local/lib/python3.12/site-packages/airflow/example_dags/example_sensors.py
[2026-08-12T04:50:21.521+0000] {processor.py:914} INFO - Processing file /home/airflow/.local/lib/python3.12/site-packages/airflow/example_dags/example_sensors.py for tasks to queue
[2026-08-12T04:50:21.525+0000] {logging_mixin.py:190} INFO - [2026-08-12T04:50:21.525+0000] {dagbag.py:587} INFO - Filling up the DagBag from /home/airflow/.local/lib/python3.12/site-packages/airflow/example_dags/example_sensors.py
[2026-08-12T04:50:21.537+0000] {processor.py:925} INFO - DAG(s) 'example_sensors' retrieved from /home/airflow/.local/lib/python3.12/site-packages/airflow/example_dags/example_sensors.py
[2026-08-12T04:50:21.564+0000] {logging_mixin.py:190} INFO - [2026-08-12T04:50:21.564+0000] {dag.py:3211} INFO - Sync 1 DAGs
[2026-08-12T04:50:21.583+0000] {logging_mixin.py:190} INFO - [2026-08-12T04:50:21.583+0000] {dag.py:4138} INFO - Setting next_dagrun for example_sensors to None, run_after=None
[2026-08-12T04:50:21.606+0000] {processor.py:208} INFO - Processing /home/airflow/.local/lib/python3.12/site-packages/airflow/example_dags/example_sensors.py took 0.093 seconds
[2026-08-12T04:50:52.220+0000] {processor.py:186} INFO - Started process (PID=2275) to work on /home/airflow/.local/lib/python3.12/site-packages/airflow/example_dags/example_sensors.py
[2026-08-12T04:50:52.223+0000] {processor.py:914} INFO - Processing file /home/airflow/.local/lib/python3.12/site-packages/airflow/example_dags/example_sensors.py for tasks to queue
[2026-08-12T04:50:52.227+0000] {logging_mixin.py:190} INFO - [2026-08-12T04:50:52.226+0000] {dagbag.py:587} INFO - Filling up the DagBag from /home/airflow/.local/lib/python3.12/site-packages/airflow/example_dags/example_sensors.py
[2026-08-12T04:50:52.239+0000] {processor.py:925} INFO - DAG(s) 'example_sensors' retrieved from /home/airflow/.local/lib/python3.12/site-packages/airflow/example_dags/example_sensors.py
[2026-08-12T04:50:52.266+0000] {logging_mixin.py:190} INFO - [2026-08-12T04:50:52.265+0000] {dag.py:3211} INFO - Sync 1 DAGs
[2026-08-12T04:50:52.282+0000] {logging_mixin.py:190} INFO - [2026-08-12T04:50:52.282+0000] {dag.py:4138} INFO - Setting next_dagrun for example_sensors to None, run_after=None
[2026-08-12T04:50:52.310+0000] {processor.py:208} INFO - Processing /home/airflow/.local/lib/python3.12/site-packages/airflow/example_dags/example_sensors.py took 0.096 seconds
[2026-08-12T04:51:22.762+0000] {processor.py:186} INFO - Started process (PID=2337) to work on /home/airflow/.local/lib/python3.12/site-packages/airflow/example_dags/example_sensors.py
[2026-08-12T04:51:22.764+0000] {processor.py:914} INFO - Processing file /home/airflow/.local/lib/python3.12/site-packages/airflow/example_dags/example_sensors.py for tasks to queue
[2026-08-12T04:51:22.769+0000] {logging_mixin.py:190} INFO - [2026-08-12T04:51:22.769+0000] {dagbag.py:587} INFO - Filling up the DagBag from /home/airflow/.local/lib/python3.12/site-packages/airflow/example_dags/example_sensors.py
[2026-08-12T04:51:22.780+0000] {processor.py:925} INFO - DAG(s) 'example_sensors' retrieved from /home/airflow/.local/lib/python3.12/site-packages/airflow/example_dags/example_sensors.py
[2026-08-12T04:51:22.810+0000] {logging_mixin.py:190} INFO - [2026-08-12T04:51:22.810+0000] {dag.py:3211} INFO - Sync 1 DAGs
[2026-08-12T04:51:22.831+0000] {logging_mixin.py:190} INFO - [2026-08-12T04:51:22.831+0000] {dag.py:4138} INFO - Setting next_dagrun for example_sensors to None, run_after=None
[2026-08-12T04:51:22.857+0000] {processor.py:208} INFO - Processing /home/airflow/.local/lib/python3.12/site-packages/airflow/example_dags/example_sensors.py took 0.100 seconds
[2026-08-12T04:51:53.902+0000] {processor.py:186} INFO - Started process (PID=2399) to work on /home/airflow/.local/lib/python3.12/site-packages/airflow/example_dags/example_sensors.py
[2026-08-12T04:51:53.904+0000] {processor.py:914} INFO - Processing file /home/airflow/.local/lib/python3.12/site-packages/airflow/example_dags/example_sensors.py for tasks to queue
[2026-08-12T04:51:53.908+0000] {logging_mixin.py:190} INFO - [2026-08-12T04:51:53.908+0000] {dagbag.py:587} INFO - Filling up the DagBag from /home/airflow/.local/lib/python3.12/site-packages/airflow/example_dags/example_sensors.py
[2026-08-12T04:51:53.920+0000] {processor.py:925} INFO - DAG(s) 'example_sensors' retrieved from /home/airflow/.local/lib/python3.12/site-packages/airflow/example_dags/example_sensors.py
[2026-08-12T04:51:53.946+0000] {logging_mixin.py:190} INFO - [2026-08-12T04:51:53.946+0000] {dag.py:3211} INFO - Sync 1 DAGs
[2026-08-12T04:51:53.961+0000] {logging_mixin.py:190} INFO - [2026-08-12T04:51:53.960+0000] {dag.py:4138} INFO - Setting next_dagrun for example_sensors to None, run_after=None
[2026-08-12T04:51:53.983+0000] {processor.py:208} INFO - Processing /home/airflow/.local/lib/python3.12/site-packages/airflow/example_dags/example_sensors.py took 0.088 seconds
[2026-08-12T04:52:24.687+0000] {processor.py:186} INFO - Started process (PID=2467) to work on /home/airflow/.local/lib/python3.12/site-packages/airflow/example_dags/example_sensors.py
[2026-08-12T04:52:24.689+0000] {processor.py:914} INFO - Processing file /home/airflow/.local/lib/python3.12/site-packages/airflow/example_dags/example_sensors.py for tasks to queue
[2026-08-12T04:52:24.693+0000] {logging_mixin.py:190} INFO - [2026-08-12T04:52:24.692+0000] {dagbag.py:587} INFO - Filling up the DagBag from /home/airflow/.local/lib/python3.12/site-packages/airflow/example_dags/example_sensors.py
[2026-08-12T04:52:24.705+0000] {processor.py:925} INFO - DAG(s) 'example_sensors' retrieved from /home/airflow/.local/lib/python3.12/site-packages/airflow/example_dags/example_sensors.py
[2026-08-12T04:52:24.732+0000] {logging_mixin.py:190} INFO - [2026-08-12T04:52:24.732+0000] {dag.py:3211} INFO - Sync 1 DAGs
[2026-08-12T04:52:24.747+0000] {logging_mixin.py:190} INFO - [2026-08-12T04:52:24.746+0000] {dag.py:4138} INFO - Setting next_dagrun for example_sensors to None, run_after=None
[2026-08-12T04:52:24.769+0000] {processor.py:208} INFO - Processing /home/airflow/.local/lib/python3.12/site-packages/airflow/example_dags/example_sensors.py took 0.087 seconds
[2026-08-12T04:52:55.757+0000] {processor.py:186} INFO - Started process (PID=2531) to work on /home/airflow/.local/lib/python3.12/site-packages/airflow/example_dags/example_sensors.py
[2026-08-12T04:52:55.760+0000] {processor.py:914} INFO - Processing file /home/airflow/.local/lib/python3.12/site-packages/airflow/example_dags/example_sensors.py for tasks to queue
[2026-08-12T04:52:55.766+0000] {logging_mixin.py:190} INFO - [2026-08-12T04:52:55.765+0000] {dagbag.py:587} INFO - Filling up the DagBag from /home/airflow/.local/lib/python3.12/site-packages/airflow/example_dags/example_sensors.py
[2026-08-12T04:52:55.786+0000] {processor.py:925} INFO - DAG(s) 'example_sensors' retrieved from /home/airflow/.local/lib/python3.12/site-packages/airflow/example_dags/example_sensors.py
[2026-08-12T04:52:55.819+0000] {logging_mixin.py:190} INFO - [2026-08-12T04:52:55.819+0000] {dag.py:3211} INFO - Sync 1 DAGs
[2026-08-12T04:52:55.837+0000] {logging_mixin.py:190} INFO - [2026-08-12T04:52:55.837+0000] {dag.py:4138} INFO - Setting next_dagrun for example_sensors to None, run_after=None
[2026-08-12T04:52:55.861+0000] {processor.py:208} INFO - Processing /home/airflow/.local/lib/python3.12/site-packages/airflow/example_dags/example_sensors.py took 0.112 seconds
[2026-08-12T04:53:26.476+0000] {processor.py:186} INFO - Started process (PID=2594) to work on /home/airflow/.local/lib/python3.12/site-packages/airflow/example_dags/example_sensors.py
[2026-08-12T04:53:26.479+0000] {processor.py:914} INFO - Processing file /home/airflow/.local/lib/python3.12/site-packages/airflow/example_dags/example_sensors.py for tasks to queue
[2026-08-12T04:53:26.483+0000] {logging_mixin.py:190} INFO - [2026-08-12T04:53:26.482+0000] {dagbag.py:587} INFO - Filling up the DagBag from /home/airflow/.local/lib/python3.12/site-packages/airflow/example_dags/example_sensors.py
[2026-08-12T04:53:26.495+0000] {processor.py:925} INFO - DAG(s) 'example_sensors' retrieved from /home/airflow/.local/lib/python3.12/site-packages/airflow/example_dags/example_sensors.py
[2026-08-12T04:53:26.521+0000] {logging_mixin.py:190} INFO - [2026-08-12T04:53:26.521+0000] {dag.py:3211} INFO - Sync 1 DAGs
[2026-08-12T04:53:26.537+0000] {logging_mixin.py:190} INFO - [2026-08-12T04:53:26.536+0000] {dag.py:4138} INFO - Setting next_dagrun for example_sensors to None, run_after=None
[2026-08-12T04:53:26.562+0000] {processor.py:208} INFO - Processing /home/airflow/.local/lib/python3.12/site-packages/airflow/example_dags/example_sensors.py took 0.093 seconds
[2026-08-12T04:53:57.238+0000] {processor.py:186} INFO - Started process (PID=2657) to work on /home/airflow/.local/lib/python3.12/site-packages/airflow/example_dags/example_sensors.py
[2026-08-12T04:53:57.241+0000] {processor.py:914} INFO - Processing file /home/airflow/.local/lib/python3.12/site-packages/airflow/example_dags/example_sensors.py for tasks to queue
[2026-08-12T04:53:57.248+0000] {logging_mixin.py:190} INFO - [2026-08-12T04:53:57.246+0000] {dagbag.py:587} INFO - Filling up the DagBag from /home/airflow/.local/lib/python3.12/site-packages/airflow/example_dags/example_sensors.py
[2026-08-12T04:53:57.269+0000] {processor.py:925} INFO - DAG(s) 'example_sensors' retrieved from /home/airflow/.local/lib/python3.12/site-packages/airflow/example_dags/example_sensors.py
[2026-08-12T04:53:57.296+0000] {logging_mixin.py:190} INFO - [2026-08-12T04:53:57.296+0000] {dag.py:3211} INFO - Sync 1 DAGs
[2026-08-12T04:53:57.311+0000] {logging_mixin.py:190} INFO - [2026-08-12T04:53:57.311+0000] {dag.py:4138} INFO - Setting next_dagrun for example_sensors to None, run_after=None
[2026-08-12T04:53:57.333+0000] {processor.py:208} INFO - Processing /home/airflow/.local/lib/python3.12/site-packages/airflow/example_dags/example_sensors.py took 0.103 seconds
[2026-08-12T04:54:28.104+0000] {processor.py:186} INFO - Started process (PID=2719) to work on /home/airflow/.local/lib/python3.12/site-packages/airflow/example_dags/example_sensors.py
[2026-08-12T04:54:28.105+0000] {processor.py:914} INFO - Processing file /home/airflow/.local/lib/python3.12/site-packages/airflow/example_dags/example_sensors.py for tasks to queue
[2026-08-12T04:54:28.109+0000] {logging_mixin.py:190} INFO - [2026-08-12T04:54:28.109+0000] {dagbag.py:587} INFO - Filling up the DagBag from /home/airflow/.local/lib/python3.12/site-packages/airflow/example_dags/example_sensors.py
[2026-08-12T04:54:28.121+0000] {processor.py:925} INFO - DAG(s) 'example_sensors' retrieved from /home/airflow/.local/lib/python3.12/site-packages/airflow/example_dags/example_sensors.py
[2026-08-12T04:54:28.152+0000] {logging_mixin.py:190} INFO - [2026-08-12T04:54:28.151+0000] {dag.py:3211} INFO - Sync 1 DAGs
[2026-08-12T04:54:28.167+0000] {logging_mixin.py:190} INFO - [2026-08-12T04:54:28.167+0000] {dag.py:4138} INFO - Setting next_dagrun for example_sensors to None, run_after=None
[2026-08-12T04:54:28.197+0000] {processor.py:208} INFO - Processing /home/airflow/.local/lib/python3.12/site-packages/airflow/example_dags/example_sensors.py took 0.100 seconds
[2026-08-12T04:54:58.525+0000] {processor.py:186} INFO - Started process (PID=2782) to work on /home/airflow/.local/lib/python3.12/site-packages/airflow/example_dags/example_sensors.py
[2026-08-12T04:54:58.527+0000] {processor.py:914} INFO - Processing file /home/airflow/.local/lib/python3.12/site-packages/airflow/example_dags/example_sensors.py for tasks to queue
[2026-08-12T04:54:58.531+0000] {logging_mixin.py:190} INFO - [2026-08-12T04:54:58.531+0000] {dagbag.py:587} INFO - Filling up the DagBag from /home/airflow/.local/lib/python3.12/site-packages/airflow/example_dags/example_sensors.py
[2026-08-12T04:54:58.543+0000] {processor.py:925} INFO - DAG(s) 'example_sensors' retrieved from /home/airflow/.local/lib/python3.12/site-packages/airflow/example_dags/example_sensors.py
[2026-08-12T04:54:58.568+0000] {logging_mixin.py:190} INFO - [2026-08-12T04:54:58.568+0000] {dag.py:3211} INFO - Sync 1 DAGs
[2026-08-12T04:54:58.585+0000] {logging_mixin.py:190} INFO - [2026-08-12T04:54:58.585+0000] {dag.py:4138} INFO - Setting next_dagrun for example_sensors to None, run_after=None
[2026-08-12T04:54:58.607+0000] {processor.py:208} INFO - Processing /home/airflow/.local/lib/python3.12/site-packages/airflow/example_dags/example_sensors.py took 0.087 seconds
[2026-08-12T04:55:29.574+0000] {processor.py:186} INFO - Started process (PID=2845) to work on /home/airflow/.local/lib/python3.12/site-packages/airflow/example_dags/example_sensors.py
[2026-08-12T04:55:29.576+0000] {processor.py:914} INFO - Processing file /home/airflow/.local/lib/python3.12/site-packages/airflow/example_dags/example_sensors.py for tasks to queue
[2026-08-12T04:55:29.581+0000] {logging_mixin.py:190} INFO - [2026-08-12T04:55:29.580+0000] {dagbag.py:587} INFO - Filling up the DagBag from /home/airflow/.local/lib/python3.12/site-packages/airflow/example_dags/example_sensors.py
[2026-08-12T04:55:29.595+0000] {processor.py:925} INFO - DAG(s) 'example_sensors' retrieved from /home/airflow/.local/lib/python3.12/site-packages/airflow/example_dags/example_sensors.py
[2026-08-12T04:55:29.627+0000] {logging_mixin.py:190} INFO - [2026-08-12T04:55:29.626+0000] {dag.py:3211} INFO - Sync 1 DAGs
[2026-08-12T04:55:29.644+0000] {logging_mixin.py:190} INFO - [2026-08-12T04:55:29.644+0000] {dag.py:4138} INFO - Setting next_dagrun for example_sensors to None, run_after=None
[2026-08-12T04:55:29.674+0000] {processor.py:208} INFO - Processing /home/airflow/.local/lib/python3.12/site-packages/airflow/example_dags/example_sensors.py took 0.106 seconds
[2026-08-12T04:56:00.634+0000] {processor.py:186} INFO - Started process (PID=2908) to work on /home/airflow/.local/lib/python3.12/site-packages/airflow/example_dags/example_sensors.py
[2026-08-12T04:56:00.636+0000] {processor.py:914} INFO - Processing file /home/airflow/.local/lib/python3.12/site-packages/airflow/example_dags/example_sensors.py for tasks to queue
[2026-08-12T04:56:00.641+0000] {logging_mixin.py:190} INFO - [2026-08-12T04:56:00.641+0000] {dagbag.py:587} INFO - Filling up the DagBag from /home/airflow/.local/lib/python3.12/site-packages/airflow/example_dags/example_sensors.py
[2026-08-12T04:56:00.652+0000] {processor.py:925} INFO - DAG(s) 'example_sensors' retrieved from /home/airflow/.local/lib/python3.12/site-packages/airflow/example_dags/example_sensors.py
[2026-08-12T04:56:00.679+0000] {logging_mixin.py:190} INFO - [2026-08-12T04:56:00.679+0000] {dag.py:3211} INFO - Sync 1 DAGs
[2026-08-12T04:56:00.693+0000] {logging_mixin.py:190} INFO - [2026-08-12T04:56:00.693+0000] {dag.py:4138} INFO - Setting next_dagrun for example_sensors to None, run_after=None
[2026-08-12T04:56:00.714+0000] {processor.py:208} INFO - Processing /home/airflow/.local/lib/python3.12/site-packages/airflow/example_dags/example_sensors.py took 0.087 seconds
[2026-08-12T04:56:31.135+0000] {processor.py:186} INFO - Started process (PID=2971) to work on /home/airflow/.local/lib/python3.12/site-packages/airflow/example_dags/example_sensors.py
[2026-08-12T04:56:31.137+0000] {processor.py:914} INFO - Processing file /home/airflow/.local/lib/python3.12/site-packages/airflow/example_dags/example_sensors.py for tasks to queue
[2026-08-12T04:56:31.141+0000] {logging_mixin.py:190} INFO - [2026-08-12T04:56:31.141+0000] {dagbag.py:587} INFO - Filling up the DagBag from /home/airflow/.local/lib/python3.12/site-packages/airflow/example_dags/example_sensors.py
[2026-08-12T04:56:31.154+0000] {processor.py:925} INFO - DAG(s) 'example_sensors' retrieved from /home/airflow/.local/lib/python3.12/site-packages/airflow/example_dags/example_sensors.py
[2026-08-12T04:56:31.186+0000] {logging_mixin.py:190} INFO - [2026-08-12T04:56:31.186+0000] {dag.py:3211} INFO - Sync 1 DAGs
[2026-08-12T04:56:31.202+0000] {logging_mixin.py:190} INFO - [2026-08-12T04:56:31.202+0000] {dag.py:4138} INFO - Setting next_dagrun for example_sensors to None, run_after=None
[2026-08-12T04:56:31.224+0000] {processor.py:208} INFO - Processing /home/airflow/.local/lib/python3.12/site-packages/airflow/example_dags/example_sensors.py took 0.098 seconds
[2026-08-12T04:57:01.858+0000] {processor.py:186} INFO - Started process (PID=3034) to work on /home/airflow/.local/lib/python3.12/site-packages/airflow/example_dags/example_sensors.py
[2026-08-12T04:57:01.861+0000] {processor.py:914} INFO - Processing file /home/airflow/.local/lib/python3.12/site-packages/airflow/example_dags/example_sensors.py for tasks to queue
[2026-08-12T04:57:01.865+0000] {logging_mixin.py:190} INFO - [2026-08-12T04:57:01.865+0000] {dagbag.py:587} INFO - Filling up the DagBag from /home/airflow/.local/lib/python3.12/site-packages/airflow/example_dags/example_sensors.py
[2026-08-12T04:57:01.880+0000] {processor.py:925} INFO - DAG(s) 'example_sensors' retrieved from /home/airflow/.local/lib/python3.12/site-packages/airflow/example_dags/example_sensors.py
[2026-08-12T04:57:01.909+0000] {logging_mixin.py:190} INFO - [2026-08-12T04:57:01.909+0000] {dag.py:3211} INFO - Sync 1 DAGs
[2026-08-12T04:57:01.926+0000] {logging_mixin.py:190} INFO - [2026-08-12T04:57:01.926+0000] {dag.py:4138} INFO - Setting next_dagrun for example_sensors to None, run_after=None
[2026-08-12T04:57:01.952+0000] {processor.py:208} INFO - Processing /home/airflow/.local/lib/python3.12/site-packages/airflow/example_dags/example_sensors.py took 0.101 seconds
[2026-08-12T04:57:33.089+0000] {processor.py:186} INFO - Started process (PID=3097) to work on /home/airflow/.local/lib/python3.12/site-packages/airflow/example_dags/example_sensors.py
[2026-08-12T04:57:33.093+0000] {processor.py:914} INFO - Processing file /home/airflow/.local/lib/python3.12/site-packages/airflow/example_dags/example_sensors.py for tasks to queue
[2026-08-12T04:57:33.097+0000] {logging_mixin.py:190} INFO - [2026-08-12T04:57:33.097+0000] {dagbag.py:587} INFO - Filling up the DagBag from /home/airflow/.local/lib/python3.12/site-packages/airflow/example_dags/example_sensors.py
[2026-08-12T04:57:33.112+0000] {processor.py:925} INFO - DAG(s) 'example_sensors' retrieved from /home/airflow/.local/lib/python3.12/site-packages/airflow/example_dags/example_sensors.py
[2026-08-12T04:57:33.166+0000] {logging_mixin.py:190} INFO - [2026-08-12T04:57:33.165+0000] {dag.py:3211} INFO - Sync 1 DAGs
[2026-08-12T04:57:33.188+0000] {logging_mixin.py:190} INFO - [2026-08-12T04:57:33.187+0000] {dag.py:4138} INFO - Setting next_dagrun for example_sensors to None, run_after=None
[2026-08-12T04:57:33.214+0000] {processor.py:208} INFO - Processing /home/airflow/.local/lib/python3.12/site-packages/airflow/example_dags/example_sensors.py took 0.132 seconds
[2026-08-12T04:58:03.787+0000] {processor.py:186} INFO - Started process (PID=3160) to work on /home/airflow/.local/lib/python3.12/site-packages/airflow/example_dags/example_sensors.py
[2026-08-12T04:58:03.790+0000] {processor.py:914} INFO - Processing file /home/airflow/.local/lib/python3.12/site-packages/airflow/example_dags/example_sensors.py for tasks to queue
[2026-08-12T04:58:03.794+0000] {logging_mixin.py:190} INFO - [2026-08-12T04:58:03.793+0000] {dagbag.py:587} INFO - Filling up the DagBag from /home/airflow/.local/lib/python3.12/site-packages/airflow/example_dags/example_sensors.py
[2026-08-12T04:58:03.808+0000] {processor.py:925} INFO - DAG(s) 'example_sensors' retrieved from /home/airflow/.local/lib/python3.12/site-packages/airflow/example_dags/example_sensors.py
[2026-08-12T04:58:03.842+0000] {logging_mixin.py:190} INFO - [2026-08-12T04:58:03.842+0000] {dag.py:3211} INFO - Sync 1 DAGs
[2026-08-12T04:58:03.861+0000] {logging_mixin.py:190} INFO - [2026-08-12T04:58:03.861+0000] {dag.py:4138} INFO - Setting next_dagrun for example_sensors to None, run_after=None
[2026-08-12T04:58:03.885+0000] {processor.py:208} INFO - Processing /home/airflow/.local/lib/python3.12/site-packages/airflow/example_dags/example_sensors.py took 0.108 seconds
[2026-08-12T04:58:35.141+0000] {processor.py:186} INFO - Started process (PID=3223) to work on /home/airflow/.local/lib/python3.12/site-packages/airflow/example_dags/example_sensors.py
[2026-08-12T04:58:35.143+0000] {processor.py:914} INFO - Processing file /home/airflow/.local/lib/python3.12/site-packages/airflow/example_dags/example_sensors.py for tasks to queue
[2026-08-12T04:58:35.148+0000] {logging_mixin.py:190} INFO - [2026-08-12T04:58:35.147+0000] {dagbag.py:587} INFO - Filling up the DagBag from /home/airflow/.local/lib/python3.12/site-packages/airflow/example_dags/example_sensors.py
[2026-08-12T04:58:35.162+0000] {processor.py:925} INFO - DAG(s) 'example_sensors' retrieved from /home/airflow/.local/lib/python3.12/site-packages/airflow/example_dags/example_sensors.py
[2026-08-12T04:58:35.190+0000] {logging_mixin.py:190} INFO - [2026-08-12T04:58:35.190+0000] {dag.py:3211} INFO - Sync 1 DAGs
[2026-08-12T04:58:35.207+0000] {logging_mixin.py:190} INFO - [2026-08-12T04:58:35.207+0000] {dag.py:4138} INFO - Setting next_dagrun for example_sensors to None, run_after=None
[2026-08-12T04:58:35.231+0000] {processor.py:208} INFO - Processing /home/airflow/.local/lib/python3.12/site-packages/airflow/example_dags/example_sensors.py took 0.098 seconds
[2026-08-12T04:59:06.399+0000] {processor.py:186} INFO - Started process (PID=3286) to work on /home/airflow/.local/lib/python3.12/site-packages/airflow/example_dags/example_sensors.py
[2026-08-12T04:59:06.402+0000] {processor.py:914} INFO - Processing file /home/airflow/.local/lib/python3.12/site-packages/airflow/example_dags/example_sensors.py for tasks to queue
[2026-08-12T04:59:06.406+0000] {logging_mixin.py:190} INFO - [2026-08-12T04:59:06.405+0000] {dagbag.py:587} INFO - Filling up the DagBag from /home/airflow/.local/lib/python3.12/site-packages/airflow/example_dags/example_sensors.py
[2026-08-12T04:59:06.419+0000] {processor.py:925} INFO - DAG(s) 'example_sensors' retrieved from /home/airflow/.local/lib/python3.12/site-packages/airflow/example_dags/example_sensors.py
[2026-08-12T04:59:06.448+0000] {logging_mixin.py:190} INFO - [2026-08-12T04:59:06.448+0000] {dag.py:3211} INFO - Sync 1 DAGs
[2026-08-12T04:59:06.464+0000] {logging_mixin.py:190} INFO - [2026-08-12T04:59:06.463+0000] {dag.py:4138} INFO - Setting next_dagrun for example_sensors to None, run_after=None
[2026-08-12T04:59:06.491+0000] {processor.py:208} INFO - Processing /home/airflow/.local/lib/python3.12/site-packages/airflow/example_dags/example_sensors.py took 0.097 seconds
[2026-08-12T04:59:37.240+0000] {processor.py:186} INFO - Started process (PID=3349) to work on /home/airflow/.local/lib/python3.12/site-packages/airflow/example_dags/example_sensors.py
[2026-08-12T04:59:37.243+0000] {processor.py:914} INFO - Processing file /home/airflow/.local/lib/python3.12/site-packages/airflow/example_dags/example_sensors.py for tasks to queue
[2026-08-12T04:59:37.249+0000] {logging_mixin.py:190} INFO - [2026-08-12T04:59:37.248+0000] {dagbag.py:587} INFO - Filling up the DagBag from /home/airflow/.local/lib/python3.12/site-packages/airflow/example_dags/example_sensors.py
[2026-08-12T04:59:37.262+0000] {processor.py:925} INFO - DAG(s) 'example_sensors' retrieved from /home/airflow/.local/lib/python3.12/site-packages/airflow/example_dags/example_sensors.py
[2026-08-12T04:59:37.290+0000] {logging_mixin.py:190} INFO - [2026-08-12T04:59:37.290+0000] {dag.py:3211} INFO - Sync 1 DAGs
[2026-08-12T04:59:37.307+0000] {logging_mixin.py:190} INFO - [2026-08-12T04:59:37.307+0000] {dag.py:4138} INFO - Setting next_dagrun for example_sensors to None, run_after=None
[2026-08-12T04:59:37.335+0000] {processor.py:208} INFO - Processing /home/airflow/.local/lib/python3.12/site-packages/airflow/example_dags/example_sensors.py took 0.105 seconds
[2026-08-12T05:00:07.839+0000] {processor.py:186} INFO - Started process (PID=3412) to work on /home/airflow/.local/lib/python3.12/site-packages/airflow/example_dags/example_sensors.py
[2026-08-12T05:00:07.844+0000] {processor.py:914} INFO - Processing file /home/airflow/.local/lib/python3.12/site-packages/airflow/example_dags/example_sensors.py for tasks to queue
[2026-08-12T05:00:07.849+0000] {logging_mixin.py:190} INFO - [2026-08-12T05:00:07.848+0000] {dagbag.py:587} INFO - Filling up the DagBag from /home/airflow/.local/lib/python3.12/site-packages/airflow/example_dags/example_sensors.py
[2026-08-12T05:00:07.863+0000] {processor.py:925} INFO - DAG(s) 'example_sensors' retrieved from /home/airflow/.local/lib/python3.12/site-packages/airflow/example_dags/example_sensors.py
[2026-08-12T05:00:07.889+0000] {logging_mixin.py:190} INFO - [2026-08-12T05:00:07.889+0000] {dag.py:3211} INFO - Sync 1 DAGs
[2026-08-12T05:00:07.904+0000] {logging_mixin.py:190} INFO - [2026-08-12T05:00:07.904+0000] {dag.py:4138} INFO - Setting next_dagrun for example_sensors to None, run_after=None
[2026-08-12T05:00:07.929+0000] {processor.py:208} INFO - Processing /home/airflow/.local/lib/python3.12/site-packages/airflow/example_dags/example_sensors.py took 0.103 seconds
[2026-08-12T05:00:38.227+0000] {processor.py:186} INFO - Started process (PID=3475) to work on /home/airflow/.local/lib/python3.12/site-packages/airflow/example_dags/example_sensors.py
[2026-08-12T05:00:38.230+0000] {processor.py:914} INFO - Processing file /home/airflow/.local/lib/python3.12/site-packages/airflow/example_dags/example_sensors.py for tasks to queue
[2026-08-12T05:00:38.233+0000] {logging_mixin.py:190} INFO - [2026-08-12T05:00:38.233+0000] {dagbag.py:587} INFO - Filling up the DagBag from /home/airflow/.local/lib/python3.12/site-packages/airflow/example_dags/example_sensors.py
[2026-08-12T05:00:38.247+0000] {processor.py:925} INFO - DAG(s) 'example_sensors' retrieved from /home/airflow/.local/lib/python3.12/site-packages/airflow/example_dags/example_sensors.py
[2026-08-12T05:00:38.276+0000] {logging_mixin.py:190} INFO - [2026-08-12T05:00:38.275+0000] {dag.py:3211} INFO - Sync 1 DAGs
[2026-08-12T05:00:38.291+0000] {logging_mixin.py:190} INFO - [2026-08-12T05:00:38.290+0000] {dag.py:4138} INFO - Setting next_dagrun for example_sensors to None, run_after=None
[2026-08-12T05:00:38.319+0000] {processor.py:208} INFO - Processing /home/airflow/.local/lib/python3.12/site-packages/airflow/example_dags/example_sensors.py took 0.100 seconds
[2026-08-12T05:01:09.110+0000] {processor.py:186} INFO - Started process (PID=3538) to work on /home/airflow/.local/lib/python3.12/site-packages/airflow/example_dags/example_sensors.py
[2026-08-12T05:01:09.113+0000] {processor.py:914} INFO - Processing file /home/airflow/.local/lib/python3.12/site-packages/airflow/example_dags/example_sensors.py for tasks to queue
[2026-08-12T05:01:09.118+0000] {logging_mixin.py:190} INFO - [2026-08-12T05:01:09.117+0000] {dagbag.py:587} INFO - Filling up the DagBag from /home/airflow/.local/lib/python3.12/site-packages/airflow/example_dags/example_sensors.py
[2026-08-12T05:01:09.137+0000] {processor.py:925} INFO - DAG(s) 'example_sensors' retrieved from /home/airflow/.local/lib/python3.12/site-packages/airflow/example_dags/example_sensors.py
[2026-08-12T05:01:09.179+0000] {logging_mixin.py:190} INFO - [2026-08-12T05:01:09.179+0000] {dag.py:3211} INFO - Sync 1 DAGs
[2026-08-12T05:01:09.198+0000] {logging_mixin.py:190} INFO - [2026-08-12T05:01:09.197+0000] {dag.py:4138} INFO - Setting next_dagrun for example_sensors to None, run_after=None
[2026-08-12T05:01:09.231+0000] {processor.py:208} INFO - Processing /home/airflow/.local/lib/python3.12/site-packages/airflow/example_dags/example_sensors.py took 0.134 seconds
[2026-08-12T05:01:39.874+0000] {processor.py:186} INFO - Started process (PID=3601) to work on /home/airflow/.local/lib/python3.12/site-packages/airflow/example_dags/example_sensors.py
[2026-08-12T05:01:39.877+0000] {processor.py:914} INFO - Processing file /home/airflow/.local/lib/python3.12/site-packages/airflow/example_dags/example_sensors.py for tasks to queue
[2026-08-12T05:01:39.883+0000] {logging_mixin.py:190} INFO - [2026-08-12T05:01:39.882+0000] {dagbag.py:587} INFO - Filling up the DagBag from /home/airflow/.local/lib/python3.12/site-packages/airflow/example_dags/example_sensors.py
[2026-08-12T05:01:39.901+0000] {processor.py:925} INFO - DAG(s) 'example_sensors' retrieved from /home/airflow/.local/lib/python3.12/site-packages/airflow/example_dags/example_sensors.py
[2026-08-12T05:01:39.938+0000] {logging_mixin.py:190} INFO - [2026-08-12T05:01:39.937+0000] {dag.py:3211} INFO - Sync 1 DAGs
[2026-08-12T05:01:39.959+0000] {logging_mixin.py:190} INFO - [2026-08-12T05:01:39.959+0000] {dag.py:4138} INFO - Setting next_dagrun for example_sensors to None, run_after=None
[2026-08-12T05:01:39.993+0000] {processor.py:208} INFO - Processing /home/airflow/.local/lib/python3.12/site-packages/airflow/example_dags/example_sensors.py took 0.128 seconds
[2026-08-12T05:02:10.636+0000] {processor.py:186} INFO - Started process (PID=3665) to work on /home/airflow/.local/lib/python3.12/site-packages/airflow/example_dags/example_sensors.py
[2026-08-12T05:02:10.639+0000] {processor.py:914} INFO - Processing file /home/airflow/.local/lib/python3.12/site-packages/airflow/example_dags/example_sensors.py for tasks to queue
[2026-08-12T05:02:10.643+0000] {logging_mixin.py:190} INFO - [2026-08-12T05:02:10.643+0000] {dagbag.py:587} INFO - Filling up the DagBag from /home/airflow/.local/lib/python3.12/site-packages/airflow/example_dags/example_sensors.py
[2026-08-12T05:02:10.656+0000] {processor.py:925} INFO - DAG(s) 'example_sensors' retrieved from /home/airflow/.local/lib/python3.12/site-packages/airflow/example_dags/example_sensors.py
[2026-08-12T05:02:10.686+0000] {logging_mixin.py:190} INFO - [2026-08-12T05:02:10.686+0000] {dag.py:3211} INFO - Sync 1 DAGs
[2026-08-12T05:02:10.702+0000] {logging_mixin.py:190} INFO - [2026-08-12T05:02:10.702+0000] {dag.py:4138} INFO - Setting next_dagrun for example_sensors to None, run_after=None
[2026-08-12T05:02:10.724+0000] {processor.py:208} INFO - Processing /home/airflow/.local/lib/python3.12/site-packages/airflow/example_dags/example_sensors.py took 0.094 seconds
[2026-08-12T05:02:41.787+0000] {processor.py:186} INFO - Started process (PID=3728) to work on /home/airflow/.local/lib/python3.12/site-packages/airflow/example_dags/example_sensors.py
[2026-08-12T05:02:41.791+0000] {processor.py:914} INFO - Processing file /home/airflow/.local/lib/python3.12/site-packages/airflow/example_dags/example_sensors.py for tasks to queue
[2026-08-12T05:02:41.796+0000] {logging_mixin.py:190} INFO - [2026-08-12T05:02:41.795+0000] {dagbag.py:587} INFO - Filling up the DagBag from /home/airflow/.local/lib/python3.12/site-packages/airflow/example_dags/example_sensors.py
[2026-08-12T05:02:41.824+0000] {processor.py:925} INFO - DAG(s) 'example_sensors' retrieved from /home/airflow/.local/lib/python3.12/site-packages/airflow/example_dags/example_sensors.py
[2026-08-12T05:02:41.881+0000] {logging_mixin.py:190} INFO - [2026-08-12T05:02:41.881+0000] {dag.py:3211} INFO - Sync 1 DAGs
[2026-08-12T05:02:41.910+0000] {logging_mixin.py:190} INFO - [2026-08-12T05:02:41.909+0000] {dag.py:4138} INFO - Setting next_dagrun for example_sensors to None, run_after=None
[2026-08-12T05:02:41.960+0000] {processor.py:208} INFO - Processing /home/airflow/.local/lib/python3.12/site-packages/airflow/example_dags/example_sensors.py took 0.185 seconds
[2026-08-12T05:03:12.369+0000] {processor.py:186} INFO - Started process (PID=3790) to work on /home/airflow/.local/lib/python3.12/site-packages/airflow/example_dags/example_sensors.py
[2026-08-12T05:03:12.371+0000] {processor.py:914} INFO - Processing file /home/airflow/.local/lib/python3.12/site-packages/airflow/example_dags/example_sensors.py for tasks to queue
[2026-08-12T05:03:12.376+0000] {logging_mixin.py:190} INFO - [2026-08-12T05:03:12.375+0000] {dagbag.py:587} INFO - Filling up the DagBag from /home/airflow/.local/lib/python3.12/site-packages/airflow/example_dags/example_sensors.py
[2026-08-12T05:03:12.391+0000] {processor.py:925} INFO - DAG(s) 'example_sensors' retrieved from /home/airflow/.local/lib/python3.12/site-packages/airflow/example_dags/example_sensors.py
[2026-08-12T05:03:12.423+0000] {logging_mixin.py:190} INFO - [2026-08-12T05:03:12.422+0000] {dag.py:3211} INFO - Sync 1 DAGs
[2026-08-12T05:03:12.439+0000] {logging_mixin.py:190} INFO - [2026-08-12T05:03:12.438+0000] {dag.py:4138} INFO - Setting next_dagrun for example_sensors to None, run_after=None
[2026-08-12T05:03:12.466+0000] {processor.py:208} INFO - Processing /home/airflow/.local/lib/python3.12/site-packages/airflow/example_dags/example_sensors.py took 0.103 seconds
[2026-08-12T05:03:43.611+0000] {processor.py:186} INFO - Started process (PID=3853) to work on /home/airflow/.local/lib/python3.12/site-packages/airflow/example_dags/example_sensors.py
[2026-08-12T05:03:43.614+0000] {processor.py:914} INFO - Processing file /home/airflow/.local/lib/python3.12/site-packages/airflow/example_dags/example_sensors.py for tasks to queue
[2026-08-12T05:03:43.621+0000] {logging_mixin.py:190} INFO - [2026-08-12T05:03:43.620+0000] {dagbag.py:587} INFO - Filling up the DagBag from /home/airflow/.local/lib/python3.12/site-packages/airflow/example_dags/example_sensors.py
[2026-08-12T05:03:43.638+0000] {processor.py:925} INFO - DAG(s) 'example_sensors' retrieved from /home/airflow/.local/lib/python3.12/site-packages/airflow/example_dags/example_sensors.py
[2026-08-12T05:03:43.684+0000] {logging_mixin.py:190} INFO - [2026-08-12T05:03:43.683+0000] {dag.py:3211} INFO - Sync 1 DAGs
[2026-08-12T05:03:43.928+0000] {logging_mixin.py:190} INFO - [2026-08-12T05:03:43.928+0000] {dag.py:4138} INFO - Setting next_dagrun for example_sensors to None, run_after=None
[2026-08-12T05:03:43.957+0000] {processor.py:208} INFO - Processing /home/airflow/.local/lib/python3.12/site-packages/airflow/example_dags/example_sensors.py took 0.353 seconds
[2026-08-12T05:04:14.167+0000] {processor.py:186} INFO - Started process (PID=3916) to work on /home/airflow/.local/lib/python3.12/site-packages/airflow/example_dags/example_sensors.py
[2026-08-12T05:04:14.170+0000] {processor.py:914} INFO - Processing file /home/airflow/.local/lib/python3.12/site-packages/airflow/example_dags/example_sensors.py for tasks to queue
[2026-08-12T05:04:14.176+0000] {logging_mixin.py:190} INFO - [2026-08-12T05:04:14.176+0000] {dagbag.py:587} INFO - Filling up the DagBag from /home/airflow/.local/lib/python3.12/site-packages/airflow/example_dags/example_sensors.py
[2026-08-12T05:04:14.192+0000] {processor.py:925} INFO - DAG(s) 'example_sensors' retrieved from /home/airflow/.local/lib/python3.12/site-packages/airflow/example_dags/example_sensors.py
[2026-08-12T05:04:14.229+0000] {logging_mixin.py:190} INFO - [2026-08-12T05:04:14.229+0000] {dag.py:3211} INFO - Sync 1 DAGs
[2026-08-12T05:04:14.481+0000] {logging_mixin.py:190} INFO - [2026-08-12T05:04:14.481+0000] {dag.py:4138} INFO - Setting next_dagrun for example_sensors to None, run_after=None
[2026-08-12T05:04:14.516+0000] {processor.py:208} INFO - Processing /home/airflow/.local/lib/python3.12/site-packages/airflow/example_dags/example_sensors.py took 0.357 seconds
[2026-08-12T05:04:45.317+0000] {processor.py:186} INFO - Started process (PID=3980) to work on /home/airflow/.local/lib/python3.12/site-packages/airflow/example_dags/example_sensors.py
[2026-08-12T05:04:45.319+0000] {processor.py:914} INFO - Processing file /home/airflow/.local/lib/python3.12/site-packages/airflow/example_dags/example_sensors.py for tasks to queue
[2026-08-12T05:04:45.324+0000] {logging_mixin.py:190} INFO - [2026-08-12T05:04:45.323+0000] {dagbag.py:587} INFO - Filling up the DagBag from /home/airflow/.local/lib/python3.12/site-packages/airflow/example_dags/example_sensors.py
[2026-08-12T05:04:45.342+0000] {processor.py:925} INFO - DAG(s) 'example_sensors' retrieved from /home/airflow/.local/lib/python3.12/site-packages/airflow/example_dags/example_sensors.py
[2026-08-12T05:04:45.377+0000] {logging_mixin.py:190} INFO - [2026-08-12T05:04:45.377+0000] {dag.py:3211} INFO - Sync 1 DAGs
[2026-08-12T05:04:45.397+0000] {logging_mixin.py:190} INFO - [2026-08-12T05:04:45.397+0000] {dag.py:4138} INFO - Setting next_dagrun for example_sensors to None, run_after=None
[2026-08-12T05:04:45.615+0000] {processor.py:208} INFO - Processing /home/airflow/.local/lib/python3.12/site-packages/airflow/example_dags/example_sensors.py took 0.309 seconds
[2026-08-12T05:05:16.506+0000] {processor.py:186} INFO - Started process (PID=4043) to work on /home/airflow/.local/lib/python3.12/site-packages/airflow/example_dags/example_sensors.py
[2026-08-12T05:05:16.508+0000] {processor.py:914} INFO - Processing file /home/airflow/.local/lib/python3.12/site-packages/airflow/example_dags/example_sensors.py for tasks to queue
[2026-08-12T05:05:16.512+0000] {logging_mixin.py:190} INFO - [2026-08-12T05:05:16.512+0000] {dagbag.py:587} INFO - Filling up the DagBag from /home/airflow/.local/lib/python3.12/site-packages/airflow/example_dags/example_sensors.py
[2026-08-12T05:05:16.528+0000] {processor.py:925} INFO - DAG(s) 'example_sensors' retrieved from /home/airflow/.local/lib/python3.12/site-packages/airflow/example_dags/example_sensors.py
[2026-08-12T05:05:16.558+0000] {logging_mixin.py:190} INFO - [2026-08-12T05:05:16.557+0000] {dag.py:3211} INFO - Sync 1 DAGs
[2026-08-12T05:05:16.578+0000] {logging_mixin.py:190} INFO - [2026-08-12T05:05:16.578+0000] {dag.py:4138} INFO - Setting next_dagrun for example_sensors to None, run_after=None
[2026-08-12T05:05:16.602+0000] {processor.py:208} INFO - Processing /home/airflow/.local/lib/python3.12/site-packages/airflow/example_dags/example_sensors.py took 0.102 seconds
[2026-08-12T05:05:47.183+0000] {processor.py:186} INFO - Started process (PID=4106) to work on /home/airflow/.local/lib/python3.12/site-packages/airflow/example_dags/example_sensors.py
[2026-08-12T05:05:47.185+0000] {processor.py:914} INFO - Processing file /home/airflow/.local/lib/python3.12/site-packages/airflow/example_dags/example_sensors.py for tasks to queue
[2026-08-12T05:05:47.189+0000] {logging_mixin.py:190} INFO - [2026-08-12T05:05:47.189+0000] {dagbag.py:587} INFO - Filling up the DagBag from /home/airflow/.local/lib/python3.12/site-packages/airflow/example_dags/example_sensors.py
[2026-08-12T05:05:47.203+0000] {processor.py:925} INFO - DAG(s) 'example_sensors' retrieved from /home/airflow/.local/lib/python3.12/site-packages/airflow/example_dags/example_sensors.py
[2026-08-12T05:05:47.236+0000] {logging_mixin.py:190} INFO - [2026-08-12T05:05:47.236+0000] {dag.py:3211} INFO - Sync 1 DAGs
[2026-08-12T05:05:47.253+0000] {logging_mixin.py:190} INFO - [2026-08-12T05:05:47.253+0000] {dag.py:4138} INFO - Setting next_dagrun for example_sensors to None, run_after=None
[2026-08-12T05:05:47.279+0000] {processor.py:208} INFO - Processing /home/airflow/.local/lib/python3.12/site-packages/airflow/example_dags/example_sensors.py took 0.103 seconds
[2026-08-12T05:06:17.641+0000] {processor.py:186} INFO - Started process (PID=4169) to work on /home/airflow/.local/lib/python3.12/site-packages/airflow/example_dags/example_sensors.py
[2026-08-12T05:06:17.644+0000] {processor.py:914} INFO - Processing file /home/airflow/.local/lib/python3.12/site-packages/airflow/example_dags/example_sensors.py for tasks to queue
[2026-08-12T05:06:17.650+0000] {logging_mixin.py:190} INFO - [2026-08-12T05:06:17.650+0000] {dagbag.py:587} INFO - Filling up the DagBag from /home/airflow/.local/lib/python3.12/site-packages/airflow/example_dags/example_sensors.py
[2026-08-12T05:06:17.671+0000] {processor.py:925} INFO - DAG(s) 'example_sensors' retrieved from /home/airflow/.local/lib/python3.12/site-packages/airflow/example_dags/example_sensors.py
[2026-08-12T05:06:17.704+0000] {logging_mixin.py:190} INFO - [2026-08-12T05:06:17.704+0000] {dag.py:3211} INFO - Sync 1 DAGs
[2026-08-12T05:06:17.721+0000] {logging_mixin.py:190} INFO - [2026-08-12T05:06:17.721+0000] {dag.py:4138} INFO - Setting next_dagrun for example_sensors to None, run_after=None
[2026-08-12T05:06:17.747+0000] {processor.py:208} INFO - Processing /home/airflow/.local/lib/python3.12/site-packages/airflow/example_dags/example_sensors.py took 0.113 seconds
[2026-08-12T05:06:48.150+0000] {processor.py:186} INFO - Started process (PID=4232) to work on /home/airflow/.local/lib/python3.12/site-packages/airflow/example_dags/example_sensors.py
[2026-08-12T05:06:48.152+0000] {processor.py:914} INFO - Processing file /home/airflow/.local/lib/python3.12/site-packages/airflow/example_dags/example_sensors.py for tasks to queue
[2026-08-12T05:06:48.156+0000] {logging_mixin.py:190} INFO - [2026-08-12T05:06:48.155+0000] {dagbag.py:587} INFO - Filling up the DagBag from /home/airflow/.local/lib/python3.12/site-packages/airflow/example_dags/example_sensors.py
[2026-08-12T05:06:48.168+0000] {processor.py:925} INFO - DAG(s) 'example_sensors' retrieved from /home/airflow/.local/lib/python3.12/site-packages/airflow/example_dags/example_sensors.py
[2026-08-12T05:06:48.197+0000] {logging_mixin.py:190} INFO - [2026-08-12T05:06:48.196+0000] {dag.py:3211} INFO - Sync 1 DAGs
[2026-08-12T05:06:48.212+0000] {logging_mixin.py:190} INFO - [2026-08-12T05:06:48.211+0000] {dag.py:4138} INFO - Setting next_dagrun for example_sensors to None, run_after=None
[2026-08-12T05:06:48.240+0000] {processor.py:208} INFO - Processing /home/airflow/.local/lib/python3.12/site-packages/airflow/example_dags/example_sensors.py took 0.097 seconds
