[2026-08-12T04:31:05.583+0000] {processor.py:186} INFO - Started process (PID=84) to work on /home/airflow/.local/lib/python3.12/site-packages/airflow/example_dags/example_xcomargs.py
[2026-08-12T04:31:05.586+0000] {processor.py:914} INFO - Processing file /home/airflow/.local/lib/python3.12/site-packages/airflow/example_dags/example_xcomargs.py for tasks to queue
[2026-08-12T04:31:05.591+0000] {logging_mixin.py:190} INFO - [2026-08-12T04:31:05.591+0000] {dagbag.py:587} INFO - Filling up the DagBag from /home/airflow/.local/lib/python3.12/site-packages/airflow/example_dags/example_xcomargs.py
[2026-08-12T04:31:05.609+0000] {processor.py:925} INFO - DAG(s) 'example_xcom_args_with_operators', 'example_xcom_args' retrieved from /home/airflow/.local/lib/python3.12/site-packages/airflow/example_dags/example_xcomargs.py
[2026-08-12T04:31:05.959+0000] {logging_mixin.py:190} INFO - [2026-08-12T04:31:05.958+0000] {override.py:1858} INFO - Created Permission View: can delete on DAG:example_xcom_args_with_operators
[2026-08-12T04:31:05.977+0000] {logging_mixin.py:190} INFO - [2026-08-12T04:31:05.977+0000] {override.py:1858} INFO - Created Permission View: can read on DAG:example_xcom_args_with_operators
[2026-08-12T04:31:05.992+0000] {logging_mixin.py:190} INFO - [2026-08-12T04:31:05.992+0000] {override.py:1858} INFO - Created Permission View: can edit on DAG:example_xcom_args_with_operators
[2026-08-12T04:31:06.016+0000] {logging_mixin.py:190} INFO - [2026-08-12T04:31:06.016+0000] {override.py:1858} INFO - Created Permission View: can delete on DAG:example_xcom_args
[2026-08-12T04:31:06.029+0000] {logging_mixin.py:190} INFO - [2026-08-12T04:31:06.029+0000] {override.py:1858} INFO - Created Permission View: can read on DAG:example_xcom_args
[2026-08-12T04:31:06.046+0000] {logging_mixin.py:190} INFO - [2026-08-12T04:31:06.045+0000] {override.py:1858} INFO - Created Permission View: can edit on DAG:example_xcom_args
[2026-08-12T04:31:06.049+0000] {logging_mixin.py:190} INFO - [2026-08-12T04:31:06.049+0000] {dag.py:3211} INFO - Sync 2 DAGs
[2026-08-12T04:31:06.115+0000] {logging_mixin.py:190} INFO - [2026-08-12T04:31:06.115+0000] {dag.py:3234} INFO - Creating ORM DAG for example_xcom_args
[2026-08-12T04:31:06.118+0000] {logging_mixin.py:190} INFO - [2026-08-12T04:31:06.118+0000] {dag.py:3234} INFO - Creating ORM DAG for example_xcom_args_with_operators
[2026-08-12T04:31:06.122+0000] {logging_mixin.py:190} INFO - [2026-08-12T04:31:06.121+0000] {dag.py:4138} INFO - Setting next_dagrun for example_xcom_args to None, run_after=None
[2026-08-12T04:31:06.125+0000] {logging_mixin.py:190} INFO - [2026-08-12T04:31:06.125+0000] {dag.py:4138} INFO - Setting next_dagrun for example_xcom_args_with_operators to None, run_after=None
[2026-08-12T04:31:06.158+0000] {processor.py:208} INFO - Processing /home/airflow/.local/lib/python3.12/site-packages/airflow/example_dags/example_xcomargs.py took 0.583 seconds
[2026-08-12T04:31:36.665+0000] {processor.py:186} INFO - Started process (PID=146) to work on /home/airflow/.local/lib/python3.12/site-packages/airflow/example_dags/example_xcomargs.py
[2026-08-12T04:31:36.668+0000] {processor.py:914} INFO - Processing file /home/airflow/.local/lib/python3.12/site-packages/airflow/example_dags/example_xcomargs.py for tasks to queue
[2026-08-12T04:31:36.672+0000] {logging_mixin.py:190} INFO - [2026-08-12T04:31:36.671+0000] {dagbag.py:587} INFO - Filling up the DagBag from /home/airflow/.local/lib/python3.12/site-packages/airflow/example_dags/example_xcomargs.py
[2026-08-12T04:31:36.685+0000] {processor.py:925} INFO - DAG(s) 'example_xcom_args_with_operators', 'example_xcom_args' retrieved from /home/airflow/.local/lib/python3.12/site-packages/airflow/example_dags/example_xcomargs.py
[2026-08-12T04:31:36.717+0000] {logging_mixin.py:190} INFO - [2026-08-12T04:31:36.716+0000] {dag.py:3211} INFO - Sync 2 DAGs
[2026-08-12T04:31:36.736+0000] {logging_mixin.py:190} INFO - [2026-08-12T04:31:36.735+0000] {dag.py:4138} INFO - Setting next_dagrun for example_xcom_args to None, run_after=None
[2026-08-12T04:31:36.742+0000] {logging_mixin.py:190} INFO - [2026-08-12T04:31:36.741+0000] {dag.py:4138} INFO - Setting next_dagrun for example_xcom_args_with_operators to None, run_after=None
[2026-08-12T04:31:36.767+0000] {processor.py:208} INFO - Processing /home/airflow/.local/lib/python3.12/site-packages/airflow/example_dags/example_xcomargs.py took 0.107 seconds
[2026-08-12T04:32:54.262+0000] {processor.py:186} INFO - Started process (PID=78) to work on /home/airflow/.local/lib/python3.12/site-packages/airflow/example_dags/example_xcomargs.py
[2026-08-12T04:32:54.267+0000] {processor.py:914} INFO - Processing file /home/airflow/.local/lib/python3.12/site-packages/airflow/example_dags/example_xcomargs.py for tasks to queue
[2026-08-12T04:32:54.276+0000] {logging_mixin.py:190} INFO - [2026-08-12T04:32:54.274+0000] {dagbag.py:587} INFO - Filling up the DagBag from /home/airflow/.local/lib/python3.12/site-packages/airflow/example_dags/example_xcomargs.py
[2026-08-12T04:32:54.328+0000] {processor.py:925} INFO - DAG(s) 'example_xcom_args', 'example_xcom_args_with_operators' retrieved from /home/airflow/.local/lib/python3.12/site-packages/airflow/example_dags/example_xcomargs.py
[2026-08-12T04:32:54.505+0000] {logging_mixin.py:190} INFO - [2026-08-12T04:32:54.504+0000] {dag.py:3211} INFO - Sync 2 DAGs
[2026-08-12T04:32:54.583+0000] {logging_mixin.py:190} INFO - [2026-08-12T04:32:54.583+0000] {dag.py:4138} INFO - Setting next_dagrun for example_xcom_args to None, run_after=None
[2026-08-12T04:32:54.600+0000] {logging_mixin.py:190} INFO - [2026-08-12T04:32:54.599+0000] {dag.py:4138} INFO - Setting next_dagrun for example_xcom_args_with_operators to None, run_after=None
[2026-08-12T04:32:54.680+0000] {processor.py:208} INFO - Processing /home/airflow/.local/lib/python3.12/site-packages/airflow/example_dags/example_xcomargs.py took 0.433 seconds
[2026-08-12T04:33:25.773+0000] {processor.py:186} INFO - Started process (PID=140) to work on /home/airflow/.local/lib/python3.12/site-packages/airflow/example_dags/example_xcomargs.py
[2026-08-12T04:33:25.777+0000] {processor.py:914} INFO - Processing file /home/airflow/.local/lib/python3.12/site-packages/airflow/example_dags/example_xcomargs.py for tasks to queue
[2026-08-12T04:33:25.783+0000] {logging_mixin.py:190} INFO - [2026-08-12T04:33:25.782+0000] {dagbag.py:587} INFO - Filling up the DagBag from /home/airflow/.local/lib/python3.12/site-packages/airflow/example_dags/example_xcomargs.py
[2026-08-12T04:33:25.819+0000] {processor.py:925} INFO - DAG(s) 'example_xcom_args', 'example_xcom_args_with_operators' retrieved from /home/airflow/.local/lib/python3.12/site-packages/airflow/example_dags/example_xcomargs.py
[2026-08-12T04:33:25.857+0000] {logging_mixin.py:190} INFO - [2026-08-12T04:33:25.856+0000] {dag.py:3211} INFO - Sync 2 DAGs
[2026-08-12T04:33:25.875+0000] {logging_mixin.py:190} INFO - [2026-08-12T04:33:25.874+0000] {dag.py:4138} INFO - Setting next_dagrun for example_xcom_args to None, run_after=None
[2026-08-12T04:33:25.881+0000] {logging_mixin.py:190} INFO - [2026-08-12T04:33:25.881+0000] {dag.py:4138} INFO - Setting next_dagrun for example_xcom_args_with_operators to None, run_after=None
[2026-08-12T04:33:25.903+0000] {processor.py:208} INFO - Processing /home/airflow/.local/lib/python3.12/site-packages/airflow/example_dags/example_xcomargs.py took 0.140 seconds
[2026-08-12T04:33:56.606+0000] {processor.py:186} INFO - Started process (PID=202) to work on /home/airflow/.local/lib/python3.12/site-packages/airflow/example_dags/example_xcomargs.py
[2026-08-12T04:33:56.608+0000] {processor.py:914} INFO - Processing file /home/airflow/.local/lib/python3.12/site-packages/airflow/example_dags/example_xcomargs.py for tasks to queue
[2026-08-12T04:33:56.613+0000] {logging_mixin.py:190} INFO - [2026-08-12T04:33:56.612+0000] {dagbag.py:587} INFO - Filling up the DagBag from /home/airflow/.local/lib/python3.12/site-packages/airflow/example_dags/example_xcomargs.py
[2026-08-12T04:33:56.630+0000] {processor.py:925} INFO - DAG(s) 'example_xcom_args_with_operators', 'example_xcom_args' retrieved from /home/airflow/.local/lib/python3.12/site-packages/airflow/example_dags/example_xcomargs.py
[2026-08-12T04:33:56.664+0000] {logging_mixin.py:190} INFO - [2026-08-12T04:33:56.664+0000] {dag.py:3211} INFO - Sync 2 DAGs
[2026-08-12T04:33:56.683+0000] {logging_mixin.py:190} INFO - [2026-08-12T04:33:56.682+0000] {dag.py:4138} INFO - Setting next_dagrun for example_xcom_args to None, run_after=None
[2026-08-12T04:33:56.690+0000] {logging_mixin.py:190} INFO - [2026-08-12T04:33:56.690+0000] {dag.py:4138} INFO - Setting next_dagrun for example_xcom_args_with_operators to None, run_after=None
[2026-08-12T04:33:56.712+0000] {processor.py:208} INFO - Processing /home/airflow/.local/lib/python3.12/site-packages/airflow/example_dags/example_xcomargs.py took 0.113 seconds
[2026-08-12T04:34:26.845+0000] {processor.py:186} INFO - Started process (PID=264) to work on /home/airflow/.local/lib/python3.12/site-packages/airflow/example_dags/example_xcomargs.py
[2026-08-12T04:34:26.848+0000] {processor.py:914} INFO - Processing file /home/airflow/.local/lib/python3.12/site-packages/airflow/example_dags/example_xcomargs.py for tasks to queue
[2026-08-12T04:34:26.853+0000] {logging_mixin.py:190} INFO - [2026-08-12T04:34:26.853+0000] {dagbag.py:587} INFO - Filling up the DagBag from /home/airflow/.local/lib/python3.12/site-packages/airflow/example_dags/example_xcomargs.py
[2026-08-12T04:34:26.866+0000] {processor.py:925} INFO - DAG(s) 'example_xcom_args', 'example_xcom_args_with_operators' retrieved from /home/airflow/.local/lib/python3.12/site-packages/airflow/example_dags/example_xcomargs.py
[2026-08-12T04:34:26.898+0000] {logging_mixin.py:190} INFO - [2026-08-12T04:34:26.898+0000] {dag.py:3211} INFO - Sync 2 DAGs
[2026-08-12T04:34:26.923+0000] {logging_mixin.py:190} INFO - [2026-08-12T04:34:26.922+0000] {dag.py:4138} INFO - Setting next_dagrun for example_xcom_args to None, run_after=None
[2026-08-12T04:34:26.929+0000] {logging_mixin.py:190} INFO - [2026-08-12T04:34:26.929+0000] {dag.py:4138} INFO - Setting next_dagrun for example_xcom_args_with_operators to None, run_after=None
[2026-08-12T04:34:26.956+0000] {processor.py:208} INFO - Processing /home/airflow/.local/lib/python3.12/site-packages/airflow/example_dags/example_xcomargs.py took 0.122 seconds
[2026-08-12T04:34:57.086+0000] {processor.py:186} INFO - Started process (PID=326) to work on /home/airflow/.local/lib/python3.12/site-packages/airflow/example_dags/example_xcomargs.py
[2026-08-12T04:34:57.088+0000] {processor.py:914} INFO - Processing file /home/airflow/.local/lib/python3.12/site-packages/airflow/example_dags/example_xcomargs.py for tasks to queue
[2026-08-12T04:34:57.093+0000] {logging_mixin.py:190} INFO - [2026-08-12T04:34:57.093+0000] {dagbag.py:587} INFO - Filling up the DagBag from /home/airflow/.local/lib/python3.12/site-packages/airflow/example_dags/example_xcomargs.py
[2026-08-12T04:34:57.105+0000] {processor.py:925} INFO - DAG(s) 'example_xcom_args_with_operators', 'example_xcom_args' retrieved from /home/airflow/.local/lib/python3.12/site-packages/airflow/example_dags/example_xcomargs.py
[2026-08-12T04:34:57.136+0000] {logging_mixin.py:190} INFO - [2026-08-12T04:34:57.136+0000] {dag.py:3211} INFO - Sync 2 DAGs
[2026-08-12T04:34:57.153+0000] {logging_mixin.py:190} INFO - [2026-08-12T04:34:57.153+0000] {dag.py:4138} INFO - Setting next_dagrun for example_xcom_args to None, run_after=None
[2026-08-12T04:34:57.161+0000] {logging_mixin.py:190} INFO - [2026-08-12T04:34:57.160+0000] {dag.py:4138} INFO - Setting next_dagrun for example_xcom_args_with_operators to None, run_after=None
[2026-08-12T04:34:57.193+0000] {processor.py:208} INFO - Processing /home/airflow/.local/lib/python3.12/site-packages/airflow/example_dags/example_xcomargs.py took 0.112 seconds
[2026-08-12T04:35:27.908+0000] {processor.py:186} INFO - Started process (PID=388) to work on /home/airflow/.local/lib/python3.12/site-packages/airflow/example_dags/example_xcomargs.py
[2026-08-12T04:35:27.910+0000] {processor.py:914} INFO - Processing file /home/airflow/.local/lib/python3.12/site-packages/airflow/example_dags/example_xcomargs.py for tasks to queue
[2026-08-12T04:35:27.918+0000] {logging_mixin.py:190} INFO - [2026-08-12T04:35:27.917+0000] {dagbag.py:587} INFO - Filling up the DagBag from /home/airflow/.local/lib/python3.12/site-packages/airflow/example_dags/example_xcomargs.py
[2026-08-12T04:35:27.935+0000] {processor.py:925} INFO - DAG(s) 'example_xcom_args_with_operators', 'example_xcom_args' retrieved from /home/airflow/.local/lib/python3.12/site-packages/airflow/example_dags/example_xcomargs.py
[2026-08-12T04:35:27.980+0000] {logging_mixin.py:190} INFO - [2026-08-12T04:35:27.979+0000] {dag.py:3211} INFO - Sync 2 DAGs
[2026-08-12T04:35:28.009+0000] {logging_mixin.py:190} INFO - [2026-08-12T04:35:28.009+0000] {dag.py:4138} INFO - Setting next_dagrun for example_xcom_args to None, run_after=None
[2026-08-12T04:35:28.019+0000] {logging_mixin.py:190} INFO - [2026-08-12T04:35:28.018+0000] {dag.py:4138} INFO - Setting next_dagrun for example_xcom_args_with_operators to None, run_after=None
[2026-08-12T04:35:28.050+0000] {processor.py:208} INFO - Processing /home/airflow/.local/lib/python3.12/site-packages/airflow/example_dags/example_xcomargs.py took 0.148 seconds
[2026-08-12T04:35:58.182+0000] {processor.py:186} INFO - Started process (PID=450) to work on /home/airflow/.local/lib/python3.12/site-packages/airflow/example_dags/example_xcomargs.py
[2026-08-12T04:35:58.185+0000] {processor.py:914} INFO - Processing file /home/airflow/.local/lib/python3.12/site-packages/airflow/example_dags/example_xcomargs.py for tasks to queue
[2026-08-12T04:35:58.189+0000] {logging_mixin.py:190} INFO - [2026-08-12T04:35:58.189+0000] {dagbag.py:587} INFO - Filling up the DagBag from /home/airflow/.local/lib/python3.12/site-packages/airflow/example_dags/example_xcomargs.py
[2026-08-12T04:35:58.202+0000] {processor.py:925} INFO - DAG(s) 'example_xcom_args_with_operators', 'example_xcom_args' retrieved from /home/airflow/.local/lib/python3.12/site-packages/airflow/example_dags/example_xcomargs.py
[2026-08-12T04:35:58.237+0000] {logging_mixin.py:190} INFO - [2026-08-12T04:35:58.237+0000] {dag.py:3211} INFO - Sync 2 DAGs
[2026-08-12T04:35:58.266+0000] {logging_mixin.py:190} INFO - [2026-08-12T04:35:58.266+0000] {dag.py:4138} INFO - Setting next_dagrun for example_xcom_args to None, run_after=None
[2026-08-12T04:35:58.275+0000] {logging_mixin.py:190} INFO - [2026-08-12T04:35:58.274+0000] {dag.py:4138} INFO - Setting next_dagrun for example_xcom_args_with_operators to None, run_after=None
[2026-08-12T04:35:58.307+0000] {processor.py:208} INFO - Processing /home/airflow/.local/lib/python3.12/site-packages/airflow/example_dags/example_xcomargs.py took 0.132 seconds
[2026-08-12T04:36:28.555+0000] {processor.py:186} INFO - Started process (PID=512) to work on /home/airflow/.local/lib/python3.12/site-packages/airflow/example_dags/example_xcomargs.py
[2026-08-12T04:36:28.558+0000] {processor.py:914} INFO - Processing file /home/airflow/.local/lib/python3.12/site-packages/airflow/example_dags/example_xcomargs.py for tasks to queue
[2026-08-12T04:36:28.562+0000] {logging_mixin.py:190} INFO - [2026-08-12T04:36:28.562+0000] {dagbag.py:587} INFO - Filling up the DagBag from /home/airflow/.local/lib/python3.12/site-packages/airflow/example_dags/example_xcomargs.py
[2026-08-12T04:36:28.575+0000] {processor.py:925} INFO - DAG(s) 'example_xcom_args', 'example_xcom_args_with_operators' retrieved from /home/airflow/.local/lib/python3.12/site-packages/airflow/example_dags/example_xcomargs.py
[2026-08-12T04:36:28.605+0000] {logging_mixin.py:190} INFO - [2026-08-12T04:36:28.604+0000] {dag.py:3211} INFO - Sync 2 DAGs
[2026-08-12T04:36:28.622+0000] {logging_mixin.py:190} INFO - [2026-08-12T04:36:28.622+0000] {dag.py:4138} INFO - Setting next_dagrun for example_xcom_args to None, run_after=None
[2026-08-12T04:36:28.627+0000] {logging_mixin.py:190} INFO - [2026-08-12T04:36:28.627+0000] {dag.py:4138} INFO - Setting next_dagrun for example_xcom_args_with_operators to None, run_after=None
[2026-08-12T04:36:28.647+0000] {processor.py:208} INFO - Processing /home/airflow/.local/lib/python3.12/site-packages/airflow/example_dags/example_xcomargs.py took 0.100 seconds
[2026-08-12T04:36:59.192+0000] {processor.py:186} INFO - Started process (PID=574) to work on /home/airflow/.local/lib/python3.12/site-packages/airflow/example_dags/example_xcomargs.py
[2026-08-12T04:36:59.195+0000] {processor.py:914} INFO - Processing file /home/airflow/.local/lib/python3.12/site-packages/airflow/example_dags/example_xcomargs.py for tasks to queue
[2026-08-12T04:36:59.202+0000] {logging_mixin.py:190} INFO - [2026-08-12T04:36:59.201+0000] {dagbag.py:587} INFO - Filling up the DagBag from /home/airflow/.local/lib/python3.12/site-packages/airflow/example_dags/example_xcomargs.py
[2026-08-12T04:36:59.215+0000] {processor.py:925} INFO - DAG(s) 'example_xcom_args', 'example_xcom_args_with_operators' retrieved from /home/airflow/.local/lib/python3.12/site-packages/airflow/example_dags/example_xcomargs.py
[2026-08-12T04:36:59.240+0000] {logging_mixin.py:190} INFO - [2026-08-12T04:36:59.240+0000] {dag.py:3211} INFO - Sync 2 DAGs
[2026-08-12T04:36:59.256+0000] {logging_mixin.py:190} INFO - [2026-08-12T04:36:59.256+0000] {dag.py:4138} INFO - Setting next_dagrun for example_xcom_args to None, run_after=None
[2026-08-12T04:36:59.262+0000] {logging_mixin.py:190} INFO - [2026-08-12T04:36:59.262+0000] {dag.py:4138} INFO - Setting next_dagrun for example_xcom_args_with_operators to None, run_after=None
[2026-08-12T04:36:59.288+0000] {processor.py:208} INFO - Processing /home/airflow/.local/lib/python3.12/site-packages/airflow/example_dags/example_xcomargs.py took 0.106 seconds
[2026-08-12T04:37:29.665+0000] {processor.py:186} INFO - Started process (PID=636) to work on /home/airflow/.local/lib/python3.12/site-packages/airflow/example_dags/example_xcomargs.py
[2026-08-12T04:37:29.667+0000] {processor.py:914} INFO - Processing file /home/airflow/.local/lib/python3.12/site-packages/airflow/example_dags/example_xcomargs.py for tasks to queue
[2026-08-12T04:37:29.671+0000] {logging_mixin.py:190} INFO - [2026-08-12T04:37:29.671+0000] {dagbag.py:587} INFO - Filling up the DagBag from /home/airflow/.local/lib/python3.12/site-packages/airflow/example_dags/example_xcomargs.py
[2026-08-12T04:37:29.682+0000] {processor.py:925} INFO - DAG(s) 'example_xcom_args', 'example_xcom_args_with_operators' retrieved from /home/airflow/.local/lib/python3.12/site-packages/airflow/example_dags/example_xcomargs.py
[2026-08-12T04:37:29.708+0000] {logging_mixin.py:190} INFO - [2026-08-12T04:37:29.708+0000] {dag.py:3211} INFO - Sync 2 DAGs
[2026-08-12T04:37:29.724+0000] {logging_mixin.py:190} INFO - [2026-08-12T04:37:29.724+0000] {dag.py:4138} INFO - Setting next_dagrun for example_xcom_args to None, run_after=None
[2026-08-12T04:37:29.729+0000] {logging_mixin.py:190} INFO - [2026-08-12T04:37:29.729+0000] {dag.py:4138} INFO - Setting next_dagrun for example_xcom_args_with_operators to None, run_after=None
[2026-08-12T04:37:29.758+0000] {processor.py:208} INFO - Processing /home/airflow/.local/lib/python3.12/site-packages/airflow/example_dags/example_xcomargs.py took 0.098 seconds
[2026-08-12T04:37:59.848+0000] {processor.py:186} INFO - Started process (PID=698) to work on /home/airflow/.local/lib/python3.12/site-packages/airflow/example_dags/example_xcomargs.py
[2026-08-12T04:37:59.850+0000] {processor.py:914} INFO - Processing file /home/airflow/.local/lib/python3.12/site-packages/airflow/example_dags/example_xcomargs.py for tasks to queue
[2026-08-12T04:37:59.855+0000] {logging_mixin.py:190} INFO - [2026-08-12T04:37:59.854+0000] {dagbag.py:587} INFO - Filling up the DagBag from /home/airflow/.local/lib/python3.12/site-packages/airflow/example_dags/example_xcomargs.py
[2026-08-12T04:37:59.869+0000] {processor.py:925} INFO - DAG(s) 'example_xcom_args', 'example_xcom_args_with_operators' retrieved from /home/airflow/.local/lib/python3.12/site-packages/airflow/example_dags/example_xcomargs.py
[2026-08-12T04:37:59.899+0000] {logging_mixin.py:190} INFO - [2026-08-12T04:37:59.899+0000] {dag.py:3211} INFO - Sync 2 DAGs
[2026-08-12T04:37:59.917+0000] {logging_mixin.py:190} INFO - [2026-08-12T04:37:59.917+0000] {dag.py:4138} INFO - Setting next_dagrun for example_xcom_args to None, run_after=None
[2026-08-12T04:37:59.923+0000] {logging_mixin.py:190} INFO - [2026-08-12T04:37:59.922+0000] {dag.py:4138} INFO - Setting next_dagrun for example_xcom_args_with_operators to None, run_after=None
[2026-08-12T04:37:59.950+0000] {processor.py:208} INFO - Processing /home/airflow/.local/lib/python3.12/site-packages/airflow/example_dags/example_xcomargs.py took 0.110 seconds
[2026-08-12T04:38:30.122+0000] {processor.py:186} INFO - Started process (PID=760) to work on /home/airflow/.local/lib/python3.12/site-packages/airflow/example_dags/example_xcomargs.py
[2026-08-12T04:38:30.124+0000] {processor.py:914} INFO - Processing file /home/airflow/.local/lib/python3.12/site-packages/airflow/example_dags/example_xcomargs.py for tasks to queue
[2026-08-12T04:38:30.128+0000] {logging_mixin.py:190} INFO - [2026-08-12T04:38:30.127+0000] {dagbag.py:587} INFO - Filling up the DagBag from /home/airflow/.local/lib/python3.12/site-packages/airflow/example_dags/example_xcomargs.py
[2026-08-12T04:38:30.141+0000] {processor.py:925} INFO - DAG(s) 'example_xcom_args_with_operators', 'example_xcom_args' retrieved from /home/airflow/.local/lib/python3.12/site-packages/airflow/example_dags/example_xcomargs.py
[2026-08-12T04:38:30.166+0000] {logging_mixin.py:190} INFO - [2026-08-12T04:38:30.166+0000] {dag.py:3211} INFO - Sync 2 DAGs
[2026-08-12T04:38:30.182+0000] {logging_mixin.py:190} INFO - [2026-08-12T04:38:30.182+0000] {dag.py:4138} INFO - Setting next_dagrun for example_xcom_args to None, run_after=None
[2026-08-12T04:38:30.187+0000] {logging_mixin.py:190} INFO - [2026-08-12T04:38:30.187+0000] {dag.py:4138} INFO - Setting next_dagrun for example_xcom_args_with_operators to None, run_after=None
[2026-08-12T04:38:30.207+0000] {processor.py:208} INFO - Processing /home/airflow/.local/lib/python3.12/site-packages/airflow/example_dags/example_xcomargs.py took 0.093 seconds
[2026-08-12T04:39:00.384+0000] {processor.py:186} INFO - Started process (PID=822) to work on /home/airflow/.local/lib/python3.12/site-packages/airflow/example_dags/example_xcomargs.py
[2026-08-12T04:39:00.387+0000] {processor.py:914} INFO - Processing file /home/airflow/.local/lib/python3.12/site-packages/airflow/example_dags/example_xcomargs.py for tasks to queue
[2026-08-12T04:39:00.394+0000] {logging_mixin.py:190} INFO - [2026-08-12T04:39:00.393+0000] {dagbag.py:587} INFO - Filling up the DagBag from /home/airflow/.local/lib/python3.12/site-packages/airflow/example_dags/example_xcomargs.py
[2026-08-12T04:39:00.423+0000] {processor.py:925} INFO - DAG(s) 'example_xcom_args', 'example_xcom_args_with_operators' retrieved from /home/airflow/.local/lib/python3.12/site-packages/airflow/example_dags/example_xcomargs.py
[2026-08-12T04:39:00.465+0000] {logging_mixin.py:190} INFO - [2026-08-12T04:39:00.465+0000] {dag.py:3211} INFO - Sync 2 DAGs
[2026-08-12T04:39:00.488+0000] {logging_mixin.py:190} INFO - [2026-08-12T04:39:00.488+0000] {dag.py:4138} INFO - Setting next_dagrun for example_xcom_args to None, run_after=None
[2026-08-12T04:39:00.495+0000] {logging_mixin.py:190} INFO - [2026-08-12T04:39:00.495+0000] {dag.py:4138} INFO - Setting next_dagrun for example_xcom_args_with_operators to None, run_after=None
[2026-08-12T04:39:00.528+0000] {processor.py:208} INFO - Processing /home/airflow/.local/lib/python3.12/site-packages/airflow/example_dags/example_xcomargs.py took 0.153 seconds
[2026-08-12T04:39:31.329+0000] {processor.py:186} INFO - Started process (PID=884) to work on /home/airflow/.local/lib/python3.12/site-packages/airflow/example_dags/example_xcomargs.py
[2026-08-12T04:39:31.332+0000] {processor.py:914} INFO - Processing file /home/airflow/.local/lib/python3.12/site-packages/airflow/example_dags/example_xcomargs.py for tasks to queue
[2026-08-12T04:39:31.337+0000] {logging_mixin.py:190} INFO - [2026-08-12T04:39:31.336+0000] {dagbag.py:587} INFO - Filling up the DagBag from /home/airflow/.local/lib/python3.12/site-packages/airflow/example_dags/example_xcomargs.py
[2026-08-12T04:39:31.361+0000] {processor.py:925} INFO - DAG(s) 'example_xcom_args_with_operators', 'example_xcom_args' retrieved from /home/airflow/.local/lib/python3.12/site-packages/airflow/example_dags/example_xcomargs.py
[2026-08-12T04:39:31.398+0000] {logging_mixin.py:190} INFO - [2026-08-12T04:39:31.397+0000] {dag.py:3211} INFO - Sync 2 DAGs
[2026-08-12T04:39:31.414+0000] {logging_mixin.py:190} INFO - [2026-08-12T04:39:31.413+0000] {dag.py:4138} INFO - Setting next_dagrun for example_xcom_args to None, run_after=None
[2026-08-12T04:39:31.421+0000] {logging_mixin.py:190} INFO - [2026-08-12T04:39:31.421+0000] {dag.py:4138} INFO - Setting next_dagrun for example_xcom_args_with_operators to None, run_after=None
[2026-08-12T04:39:31.444+0000] {processor.py:208} INFO - Processing /home/airflow/.local/lib/python3.12/site-packages/airflow/example_dags/example_xcomargs.py took 0.123 seconds
[2026-08-12T04:40:01.863+0000] {processor.py:186} INFO - Started process (PID=946) to work on /home/airflow/.local/lib/python3.12/site-packages/airflow/example_dags/example_xcomargs.py
[2026-08-12T04:40:01.865+0000] {processor.py:914} INFO - Processing file /home/airflow/.local/lib/python3.12/site-packages/airflow/example_dags/example_xcomargs.py for tasks to queue
[2026-08-12T04:40:01.871+0000] {logging_mixin.py:190} INFO - [2026-08-12T04:40:01.870+0000] {dagbag.py:587} INFO - Filling up the DagBag from /home/airflow/.local/lib/python3.12/site-packages/airflow/example_dags/example_xcomargs.py
[2026-08-12T04:40:01.891+0000] {processor.py:925} INFO - DAG(s) 'example_xcom_args_with_operators', 'example_xcom_args' retrieved from /home/airflow/.local/lib/python3.12/site-packages/airflow/example_dags/example_xcomargs.py
[2026-08-12T04:40:01.938+0000] {logging_mixin.py:190} INFO - [2026-08-12T04:40:01.937+0000] {dag.py:3211} INFO - Sync 2 DAGs
[2026-08-12T04:40:01.963+0000] {logging_mixin.py:190} INFO - [2026-08-12T04:40:01.963+0000] {dag.py:4138} INFO - Setting next_dagrun for example_xcom_args to None, run_after=None
[2026-08-12T04:40:01.969+0000] {logging_mixin.py:190} INFO - [2026-08-12T04:40:01.968+0000] {dag.py:4138} INFO - Setting next_dagrun for example_xcom_args_with_operators to None, run_after=None
[2026-08-12T04:40:01.994+0000] {processor.py:208} INFO - Processing /home/airflow/.local/lib/python3.12/site-packages/airflow/example_dags/example_xcomargs.py took 0.143 seconds
[2026-08-12T04:40:32.188+0000] {processor.py:186} INFO - Started process (PID=1008) to work on /home/airflow/.local/lib/python3.12/site-packages/airflow/example_dags/example_xcomargs.py
[2026-08-12T04:40:32.191+0000] {processor.py:914} INFO - Processing file /home/airflow/.local/lib/python3.12/site-packages/airflow/example_dags/example_xcomargs.py for tasks to queue
[2026-08-12T04:40:32.194+0000] {logging_mixin.py:190} INFO - [2026-08-12T04:40:32.194+0000] {dagbag.py:587} INFO - Filling up the DagBag from /home/airflow/.local/lib/python3.12/site-packages/airflow/example_dags/example_xcomargs.py
[2026-08-12T04:40:32.205+0000] {processor.py:925} INFO - DAG(s) 'example_xcom_args', 'example_xcom_args_with_operators' retrieved from /home/airflow/.local/lib/python3.12/site-packages/airflow/example_dags/example_xcomargs.py
[2026-08-12T04:40:32.229+0000] {logging_mixin.py:190} INFO - [2026-08-12T04:40:32.229+0000] {dag.py:3211} INFO - Sync 2 DAGs
[2026-08-12T04:40:32.244+0000] {logging_mixin.py:190} INFO - [2026-08-12T04:40:32.244+0000] {dag.py:4138} INFO - Setting next_dagrun for example_xcom_args to None, run_after=None
[2026-08-12T04:40:32.249+0000] {logging_mixin.py:190} INFO - [2026-08-12T04:40:32.249+0000] {dag.py:4138} INFO - Setting next_dagrun for example_xcom_args_with_operators to None, run_after=None
[2026-08-12T04:40:32.267+0000] {processor.py:208} INFO - Processing /home/airflow/.local/lib/python3.12/site-packages/airflow/example_dags/example_xcomargs.py took 0.085 seconds
[2026-08-12T04:41:02.472+0000] {processor.py:186} INFO - Started process (PID=1070) to work on /home/airflow/.local/lib/python3.12/site-packages/airflow/example_dags/example_xcomargs.py
[2026-08-12T04:41:02.476+0000] {processor.py:914} INFO - Processing file /home/airflow/.local/lib/python3.12/site-packages/airflow/example_dags/example_xcomargs.py for tasks to queue
[2026-08-12T04:41:02.482+0000] {logging_mixin.py:190} INFO - [2026-08-12T04:41:02.481+0000] {dagbag.py:587} INFO - Filling up the DagBag from /home/airflow/.local/lib/python3.12/site-packages/airflow/example_dags/example_xcomargs.py
[2026-08-12T04:41:02.494+0000] {processor.py:925} INFO - DAG(s) 'example_xcom_args', 'example_xcom_args_with_operators' retrieved from /home/airflow/.local/lib/python3.12/site-packages/airflow/example_dags/example_xcomargs.py
[2026-08-12T04:41:02.522+0000] {logging_mixin.py:190} INFO - [2026-08-12T04:41:02.522+0000] {dag.py:3211} INFO - Sync 2 DAGs
[2026-08-12T04:41:02.537+0000] {logging_mixin.py:190} INFO - [2026-08-12T04:41:02.537+0000] {dag.py:4138} INFO - Setting next_dagrun for example_xcom_args to None, run_after=None
[2026-08-12T04:41:02.542+0000] {logging_mixin.py:190} INFO - [2026-08-12T04:41:02.542+0000] {dag.py:4138} INFO - Setting next_dagrun for example_xcom_args_with_operators to None, run_after=None
[2026-08-12T04:41:02.560+0000] {processor.py:208} INFO - Processing /home/airflow/.local/lib/python3.12/site-packages/airflow/example_dags/example_xcomargs.py took 0.097 seconds
[2026-08-12T04:41:32.980+0000] {processor.py:186} INFO - Started process (PID=1132) to work on /home/airflow/.local/lib/python3.12/site-packages/airflow/example_dags/example_xcomargs.py
[2026-08-12T04:41:32.983+0000] {processor.py:914} INFO - Processing file /home/airflow/.local/lib/python3.12/site-packages/airflow/example_dags/example_xcomargs.py for tasks to queue
[2026-08-12T04:41:32.987+0000] {logging_mixin.py:190} INFO - [2026-08-12T04:41:32.987+0000] {dagbag.py:587} INFO - Filling up the DagBag from /home/airflow/.local/lib/python3.12/site-packages/airflow/example_dags/example_xcomargs.py
[2026-08-12T04:41:32.999+0000] {processor.py:925} INFO - DAG(s) 'example_xcom_args_with_operators', 'example_xcom_args' retrieved from /home/airflow/.local/lib/python3.12/site-packages/airflow/example_dags/example_xcomargs.py
[2026-08-12T04:41:33.029+0000] {logging_mixin.py:190} INFO - [2026-08-12T04:41:33.029+0000] {dag.py:3211} INFO - Sync 2 DAGs
[2026-08-12T04:41:33.047+0000] {logging_mixin.py:190} INFO - [2026-08-12T04:41:33.047+0000] {dag.py:4138} INFO - Setting next_dagrun for example_xcom_args to None, run_after=None
[2026-08-12T04:41:33.056+0000] {logging_mixin.py:190} INFO - [2026-08-12T04:41:33.056+0000] {dag.py:4138} INFO - Setting next_dagrun for example_xcom_args_with_operators to None, run_after=None
[2026-08-12T04:41:33.078+0000] {processor.py:208} INFO - Processing /home/airflow/.local/lib/python3.12/site-packages/airflow/example_dags/example_xcomargs.py took 0.105 seconds
[2026-08-12T04:42:03.668+0000] {processor.py:186} INFO - Started process (PID=1194) to work on /home/airflow/.local/lib/python3.12/site-packages/airflow/example_dags/example_xcomargs.py
[2026-08-12T04:42:03.672+0000] {processor.py:914} INFO - Processing file /home/airflow/.local/lib/python3.12/site-packages/airflow/example_dags/example_xcomargs.py for tasks to queue
[2026-08-12T04:42:03.678+0000] {logging_mixin.py:190} INFO - [2026-08-12T04:42:03.677+0000] {dagbag.py:587} INFO - Filling up the DagBag from /home/airflow/.local/lib/python3.12/site-packages/airflow/example_dags/example_xcomargs.py
[2026-08-12T04:42:03.692+0000] {processor.py:925} INFO - DAG(s) 'example_xcom_args_with_operators', 'example_xcom_args' retrieved from /home/airflow/.local/lib/python3.12/site-packages/airflow/example_dags/example_xcomargs.py
[2026-08-12T04:42:03.717+0000] {logging_mixin.py:190} INFO - [2026-08-12T04:42:03.717+0000] {dag.py:3211} INFO - Sync 2 DAGs
[2026-08-12T04:42:03.733+0000] {logging_mixin.py:190} INFO - [2026-08-12T04:42:03.733+0000] {dag.py:4138} INFO - Setting next_dagrun for example_xcom_args to None, run_after=None
[2026-08-12T04:42:03.738+0000] {logging_mixin.py:190} INFO - [2026-08-12T04:42:03.738+0000] {dag.py:4138} INFO - Setting next_dagrun for example_xcom_args_with_operators to None, run_after=None
[2026-08-12T04:42:03.758+0000] {processor.py:208} INFO - Processing /home/airflow/.local/lib/python3.12/site-packages/airflow/example_dags/example_xcomargs.py took 0.097 seconds
[2026-08-12T04:42:34.162+0000] {processor.py:186} INFO - Started process (PID=1256) to work on /home/airflow/.local/lib/python3.12/site-packages/airflow/example_dags/example_xcomargs.py
[2026-08-12T04:42:34.164+0000] {processor.py:914} INFO - Processing file /home/airflow/.local/lib/python3.12/site-packages/airflow/example_dags/example_xcomargs.py for tasks to queue
[2026-08-12T04:42:34.168+0000] {logging_mixin.py:190} INFO - [2026-08-12T04:42:34.168+0000] {dagbag.py:587} INFO - Filling up the DagBag from /home/airflow/.local/lib/python3.12/site-packages/airflow/example_dags/example_xcomargs.py
[2026-08-12T04:42:34.180+0000] {processor.py:925} INFO - DAG(s) 'example_xcom_args_with_operators', 'example_xcom_args' retrieved from /home/airflow/.local/lib/python3.12/site-packages/airflow/example_dags/example_xcomargs.py
[2026-08-12T04:42:34.214+0000] {logging_mixin.py:190} INFO - [2026-08-12T04:42:34.213+0000] {dag.py:3211} INFO - Sync 2 DAGs
[2026-08-12T04:42:34.238+0000] {logging_mixin.py:190} INFO - [2026-08-12T04:42:34.237+0000] {dag.py:4138} INFO - Setting next_dagrun for example_xcom_args to None, run_after=None
[2026-08-12T04:42:34.244+0000] {logging_mixin.py:190} INFO - [2026-08-12T04:42:34.244+0000] {dag.py:4138} INFO - Setting next_dagrun for example_xcom_args_with_operators to None, run_after=None
[2026-08-12T04:42:34.266+0000] {processor.py:208} INFO - Processing /home/airflow/.local/lib/python3.12/site-packages/airflow/example_dags/example_xcomargs.py took 0.110 seconds
[2026-08-12T04:43:05.310+0000] {processor.py:186} INFO - Started process (PID=1318) to work on /home/airflow/.local/lib/python3.12/site-packages/airflow/example_dags/example_xcomargs.py
[2026-08-12T04:43:05.312+0000] {processor.py:914} INFO - Processing file /home/airflow/.local/lib/python3.12/site-packages/airflow/example_dags/example_xcomargs.py for tasks to queue
[2026-08-12T04:43:05.316+0000] {logging_mixin.py:190} INFO - [2026-08-12T04:43:05.316+0000] {dagbag.py:587} INFO - Filling up the DagBag from /home/airflow/.local/lib/python3.12/site-packages/airflow/example_dags/example_xcomargs.py
[2026-08-12T04:43:05.327+0000] {processor.py:925} INFO - DAG(s) 'example_xcom_args', 'example_xcom_args_with_operators' retrieved from /home/airflow/.local/lib/python3.12/site-packages/airflow/example_dags/example_xcomargs.py
[2026-08-12T04:43:05.352+0000] {logging_mixin.py:190} INFO - [2026-08-12T04:43:05.351+0000] {dag.py:3211} INFO - Sync 2 DAGs
[2026-08-12T04:43:05.367+0000] {logging_mixin.py:190} INFO - [2026-08-12T04:43:05.367+0000] {dag.py:4138} INFO - Setting next_dagrun for example_xcom_args to None, run_after=None
[2026-08-12T04:43:05.372+0000] {logging_mixin.py:190} INFO - [2026-08-12T04:43:05.372+0000] {dag.py:4138} INFO - Setting next_dagrun for example_xcom_args_with_operators to None, run_after=None
[2026-08-12T04:43:05.392+0000] {processor.py:208} INFO - Processing /home/airflow/.local/lib/python3.12/site-packages/airflow/example_dags/example_xcomargs.py took 0.087 seconds
[2026-08-12T04:43:35.549+0000] {processor.py:186} INFO - Started process (PID=1380) to work on /home/airflow/.local/lib/python3.12/site-packages/airflow/example_dags/example_xcomargs.py
[2026-08-12T04:43:35.552+0000] {processor.py:914} INFO - Processing file /home/airflow/.local/lib/python3.12/site-packages/airflow/example_dags/example_xcomargs.py for tasks to queue
[2026-08-12T04:43:35.556+0000] {logging_mixin.py:190} INFO - [2026-08-12T04:43:35.555+0000] {dagbag.py:587} INFO - Filling up the DagBag from /home/airflow/.local/lib/python3.12/site-packages/airflow/example_dags/example_xcomargs.py
[2026-08-12T04:43:35.568+0000] {processor.py:925} INFO - DAG(s) 'example_xcom_args', 'example_xcom_args_with_operators' retrieved from /home/airflow/.local/lib/python3.12/site-packages/airflow/example_dags/example_xcomargs.py
[2026-08-12T04:43:35.596+0000] {logging_mixin.py:190} INFO - [2026-08-12T04:43:35.596+0000] {dag.py:3211} INFO - Sync 2 DAGs
[2026-08-12T04:43:35.613+0000] {logging_mixin.py:190} INFO - [2026-08-12T04:43:35.612+0000] {dag.py:4138} INFO - Setting next_dagrun for example_xcom_args to None, run_after=None
[2026-08-12T04:43:35.622+0000] {logging_mixin.py:190} INFO - [2026-08-12T04:43:35.621+0000] {dag.py:4138} INFO - Setting next_dagrun for example_xcom_args_with_operators to None, run_after=None
[2026-08-12T04:43:35.656+0000] {processor.py:208} INFO - Processing /home/airflow/.local/lib/python3.12/site-packages/airflow/example_dags/example_xcomargs.py took 0.113 seconds
[2026-08-12T04:44:05.897+0000] {processor.py:186} INFO - Started process (PID=1442) to work on /home/airflow/.local/lib/python3.12/site-packages/airflow/example_dags/example_xcomargs.py
[2026-08-12T04:44:05.900+0000] {processor.py:914} INFO - Processing file /home/airflow/.local/lib/python3.12/site-packages/airflow/example_dags/example_xcomargs.py for tasks to queue
[2026-08-12T04:44:05.906+0000] {logging_mixin.py:190} INFO - [2026-08-12T04:44:05.906+0000] {dagbag.py:587} INFO - Filling up the DagBag from /home/airflow/.local/lib/python3.12/site-packages/airflow/example_dags/example_xcomargs.py
[2026-08-12T04:44:05.929+0000] {processor.py:925} INFO - DAG(s) 'example_xcom_args_with_operators', 'example_xcom_args' retrieved from /home/airflow/.local/lib/python3.12/site-packages/airflow/example_dags/example_xcomargs.py
[2026-08-12T04:44:05.971+0000] {logging_mixin.py:190} INFO - [2026-08-12T04:44:05.971+0000] {dag.py:3211} INFO - Sync 2 DAGs
[2026-08-12T04:44:05.994+0000] {logging_mixin.py:190} INFO - [2026-08-12T04:44:05.994+0000] {dag.py:4138} INFO - Setting next_dagrun for example_xcom_args to None, run_after=None
[2026-08-12T04:44:06.003+0000] {logging_mixin.py:190} INFO - [2026-08-12T04:44:06.002+0000] {dag.py:4138} INFO - Setting next_dagrun for example_xcom_args_with_operators to None, run_after=None
[2026-08-12T04:44:06.026+0000] {processor.py:208} INFO - Processing /home/airflow/.local/lib/python3.12/site-packages/airflow/example_dags/example_xcomargs.py took 0.139 seconds
[2026-08-12T04:44:36.262+0000] {processor.py:186} INFO - Started process (PID=1504) to work on /home/airflow/.local/lib/python3.12/site-packages/airflow/example_dags/example_xcomargs.py
[2026-08-12T04:44:36.264+0000] {processor.py:914} INFO - Processing file /home/airflow/.local/lib/python3.12/site-packages/airflow/example_dags/example_xcomargs.py for tasks to queue
[2026-08-12T04:44:36.268+0000] {logging_mixin.py:190} INFO - [2026-08-12T04:44:36.268+0000] {dagbag.py:587} INFO - Filling up the DagBag from /home/airflow/.local/lib/python3.12/site-packages/airflow/example_dags/example_xcomargs.py
[2026-08-12T04:44:36.280+0000] {processor.py:925} INFO - DAG(s) 'example_xcom_args_with_operators', 'example_xcom_args' retrieved from /home/airflow/.local/lib/python3.12/site-packages/airflow/example_dags/example_xcomargs.py
[2026-08-12T04:44:36.307+0000] {logging_mixin.py:190} INFO - [2026-08-12T04:44:36.307+0000] {dag.py:3211} INFO - Sync 2 DAGs
[2026-08-12T04:44:36.324+0000] {logging_mixin.py:190} INFO - [2026-08-12T04:44:36.324+0000] {dag.py:4138} INFO - Setting next_dagrun for example_xcom_args to None, run_after=None
[2026-08-12T04:44:36.330+0000] {logging_mixin.py:190} INFO - [2026-08-12T04:44:36.330+0000] {dag.py:4138} INFO - Setting next_dagrun for example_xcom_args_with_operators to None, run_after=None
[2026-08-12T04:44:36.356+0000] {processor.py:208} INFO - Processing /home/airflow/.local/lib/python3.12/site-packages/airflow/example_dags/example_xcomargs.py took 0.100 seconds
[2026-08-12T04:45:07.040+0000] {processor.py:186} INFO - Started process (PID=1566) to work on /home/airflow/.local/lib/python3.12/site-packages/airflow/example_dags/example_xcomargs.py
[2026-08-12T04:45:07.042+0000] {processor.py:914} INFO - Processing file /home/airflow/.local/lib/python3.12/site-packages/airflow/example_dags/example_xcomargs.py for tasks to queue
[2026-08-12T04:45:07.047+0000] {logging_mixin.py:190} INFO - [2026-08-12T04:45:07.047+0000] {dagbag.py:587} INFO - Filling up the DagBag from /home/airflow/.local/lib/python3.12/site-packages/airflow/example_dags/example_xcomargs.py
[2026-08-12T04:45:07.061+0000] {processor.py:925} INFO - DAG(s) 'example_xcom_args_with_operators', 'example_xcom_args' retrieved from /home/airflow/.local/lib/python3.12/site-packages/airflow/example_dags/example_xcomargs.py
[2026-08-12T04:45:07.088+0000] {logging_mixin.py:190} INFO - [2026-08-12T04:45:07.088+0000] {dag.py:3211} INFO - Sync 2 DAGs
[2026-08-12T04:45:07.105+0000] {logging_mixin.py:190} INFO - [2026-08-12T04:45:07.105+0000] {dag.py:4138} INFO - Setting next_dagrun for example_xcom_args to None, run_after=None
[2026-08-12T04:45:07.111+0000] {logging_mixin.py:190} INFO - [2026-08-12T04:45:07.111+0000] {dag.py:4138} INFO - Setting next_dagrun for example_xcom_args_with_operators to None, run_after=None
[2026-08-12T04:45:07.137+0000] {processor.py:208} INFO - Processing /home/airflow/.local/lib/python3.12/site-packages/airflow/example_dags/example_xcomargs.py took 0.104 seconds
[2026-08-12T04:45:38.006+0000] {processor.py:186} INFO - Started process (PID=1628) to work on /home/airflow/.local/lib/python3.12/site-packages/airflow/example_dags/example_xcomargs.py
[2026-08-12T04:45:38.008+0000] {processor.py:914} INFO - Processing file /home/airflow/.local/lib/python3.12/site-packages/airflow/example_dags/example_xcomargs.py for tasks to queue
[2026-08-12T04:45:38.012+0000] {logging_mixin.py:190} INFO - [2026-08-12T04:45:38.012+0000] {dagbag.py:587} INFO - Filling up the DagBag from /home/airflow/.local/lib/python3.12/site-packages/airflow/example_dags/example_xcomargs.py
[2026-08-12T04:45:38.026+0000] {processor.py:925} INFO - DAG(s) 'example_xcom_args', 'example_xcom_args_with_operators' retrieved from /home/airflow/.local/lib/python3.12/site-packages/airflow/example_dags/example_xcomargs.py
[2026-08-12T04:45:38.052+0000] {logging_mixin.py:190} INFO - [2026-08-12T04:45:38.051+0000] {dag.py:3211} INFO - Sync 2 DAGs
[2026-08-12T04:45:38.072+0000] {logging_mixin.py:190} INFO - [2026-08-12T04:45:38.072+0000] {dag.py:4138} INFO - Setting next_dagrun for example_xcom_args to None, run_after=None
[2026-08-12T04:45:38.080+0000] {logging_mixin.py:190} INFO - [2026-08-12T04:45:38.080+0000] {dag.py:4138} INFO - Setting next_dagrun for example_xcom_args_with_operators to None, run_after=None
[2026-08-12T04:45:38.106+0000] {processor.py:208} INFO - Processing /home/airflow/.local/lib/python3.12/site-packages/airflow/example_dags/example_xcomargs.py took 0.107 seconds
[2026-08-12T04:46:08.895+0000] {processor.py:186} INFO - Started process (PID=1690) to work on /home/airflow/.local/lib/python3.12/site-packages/airflow/example_dags/example_xcomargs.py
[2026-08-12T04:46:08.899+0000] {processor.py:914} INFO - Processing file /home/airflow/.local/lib/python3.12/site-packages/airflow/example_dags/example_xcomargs.py for tasks to queue
[2026-08-12T04:46:08.908+0000] {logging_mixin.py:190} INFO - [2026-08-12T04:46:08.907+0000] {dagbag.py:587} INFO - Filling up the DagBag from /home/airflow/.local/lib/python3.12/site-packages/airflow/example_dags/example_xcomargs.py
[2026-08-12T04:46:08.929+0000] {processor.py:925} INFO - DAG(s) 'example_xcom_args_with_operators', 'example_xcom_args' retrieved from /home/airflow/.local/lib/python3.12/site-packages/airflow/example_dags/example_xcomargs.py
[2026-08-12T04:46:08.960+0000] {logging_mixin.py:190} INFO - [2026-08-12T04:46:08.960+0000] {dag.py:3211} INFO - Sync 2 DAGs
[2026-08-12T04:46:08.986+0000] {logging_mixin.py:190} INFO - [2026-08-12T04:46:08.986+0000] {dag.py:4138} INFO - Setting next_dagrun for example_xcom_args to None, run_after=None
[2026-08-12T04:46:08.997+0000] {logging_mixin.py:190} INFO - [2026-08-12T04:46:08.996+0000] {dag.py:4138} INFO - Setting next_dagrun for example_xcom_args_with_operators to None, run_after=None
[2026-08-12T04:46:09.033+0000] {processor.py:208} INFO - Processing /home/airflow/.local/lib/python3.12/site-packages/airflow/example_dags/example_xcomargs.py took 0.153 seconds
[2026-08-12T04:46:39.584+0000] {processor.py:186} INFO - Started process (PID=1752) to work on /home/airflow/.local/lib/python3.12/site-packages/airflow/example_dags/example_xcomargs.py
[2026-08-12T04:46:39.588+0000] {processor.py:914} INFO - Processing file /home/airflow/.local/lib/python3.12/site-packages/airflow/example_dags/example_xcomargs.py for tasks to queue
[2026-08-12T04:46:39.592+0000] {logging_mixin.py:190} INFO - [2026-08-12T04:46:39.592+0000] {dagbag.py:587} INFO - Filling up the DagBag from /home/airflow/.local/lib/python3.12/site-packages/airflow/example_dags/example_xcomargs.py
[2026-08-12T04:46:39.607+0000] {processor.py:925} INFO - DAG(s) 'example_xcom_args_with_operators', 'example_xcom_args' retrieved from /home/airflow/.local/lib/python3.12/site-packages/airflow/example_dags/example_xcomargs.py
[2026-08-12T04:46:39.635+0000] {logging_mixin.py:190} INFO - [2026-08-12T04:46:39.635+0000] {dag.py:3211} INFO - Sync 2 DAGs
[2026-08-12T04:46:39.651+0000] {logging_mixin.py:190} INFO - [2026-08-12T04:46:39.650+0000] {dag.py:4138} INFO - Setting next_dagrun for example_xcom_args to None, run_after=None
[2026-08-12T04:46:39.657+0000] {logging_mixin.py:190} INFO - [2026-08-12T04:46:39.657+0000] {dag.py:4138} INFO - Setting next_dagrun for example_xcom_args_with_operators to None, run_after=None
[2026-08-12T04:46:39.677+0000] {processor.py:208} INFO - Processing /home/airflow/.local/lib/python3.12/site-packages/airflow/example_dags/example_xcomargs.py took 0.100 seconds
[2026-08-12T04:47:10.208+0000] {processor.py:186} INFO - Started process (PID=1815) to work on /home/airflow/.local/lib/python3.12/site-packages/airflow/example_dags/example_xcomargs.py
[2026-08-12T04:47:10.211+0000] {processor.py:914} INFO - Processing file /home/airflow/.local/lib/python3.12/site-packages/airflow/example_dags/example_xcomargs.py for tasks to queue
[2026-08-12T04:47:10.216+0000] {logging_mixin.py:190} INFO - [2026-08-12T04:47:10.215+0000] {dagbag.py:587} INFO - Filling up the DagBag from /home/airflow/.local/lib/python3.12/site-packages/airflow/example_dags/example_xcomargs.py
[2026-08-12T04:47:10.233+0000] {processor.py:925} INFO - DAG(s) 'example_xcom_args_with_operators', 'example_xcom_args' retrieved from /home/airflow/.local/lib/python3.12/site-packages/airflow/example_dags/example_xcomargs.py
[2026-08-12T04:47:10.262+0000] {logging_mixin.py:190} INFO - [2026-08-12T04:47:10.262+0000] {dag.py:3211} INFO - Sync 2 DAGs
[2026-08-12T04:47:10.279+0000] {logging_mixin.py:190} INFO - [2026-08-12T04:47:10.278+0000] {dag.py:4138} INFO - Setting next_dagrun for example_xcom_args to None, run_after=None
[2026-08-12T04:47:10.285+0000] {logging_mixin.py:190} INFO - [2026-08-12T04:47:10.284+0000] {dag.py:4138} INFO - Setting next_dagrun for example_xcom_args_with_operators to None, run_after=None
[2026-08-12T04:47:10.303+0000] {processor.py:208} INFO - Processing /home/airflow/.local/lib/python3.12/site-packages/airflow/example_dags/example_xcomargs.py took 0.104 seconds
[2026-08-12T04:47:40.934+0000] {processor.py:186} INFO - Started process (PID=1877) to work on /home/airflow/.local/lib/python3.12/site-packages/airflow/example_dags/example_xcomargs.py
[2026-08-12T04:47:40.936+0000] {processor.py:914} INFO - Processing file /home/airflow/.local/lib/python3.12/site-packages/airflow/example_dags/example_xcomargs.py for tasks to queue
[2026-08-12T04:47:40.941+0000] {logging_mixin.py:190} INFO - [2026-08-12T04:47:40.940+0000] {dagbag.py:587} INFO - Filling up the DagBag from /home/airflow/.local/lib/python3.12/site-packages/airflow/example_dags/example_xcomargs.py
[2026-08-12T04:47:40.957+0000] {processor.py:925} INFO - DAG(s) 'example_xcom_args', 'example_xcom_args_with_operators' retrieved from /home/airflow/.local/lib/python3.12/site-packages/airflow/example_dags/example_xcomargs.py
[2026-08-12T04:47:40.984+0000] {logging_mixin.py:190} INFO - [2026-08-12T04:47:40.984+0000] {dag.py:3211} INFO - Sync 2 DAGs
[2026-08-12T04:47:41.002+0000] {logging_mixin.py:190} INFO - [2026-08-12T04:47:41.002+0000] {dag.py:4138} INFO - Setting next_dagrun for example_xcom_args to None, run_after=None
[2026-08-12T04:47:41.007+0000] {logging_mixin.py:190} INFO - [2026-08-12T04:47:41.007+0000] {dag.py:4138} INFO - Setting next_dagrun for example_xcom_args_with_operators to None, run_after=None
[2026-08-12T04:47:41.033+0000] {processor.py:208} INFO - Processing /home/airflow/.local/lib/python3.12/site-packages/airflow/example_dags/example_xcomargs.py took 0.106 seconds
