[2026-08-12T04:31:12.072+0000] {processor.py:186} INFO - Started process (PID=111) to work on /home/airflow/.local/lib/python3.12/site-packages/airflow/example_dags/example_python_decorator.py
[2026-08-12T04:31:12.075+0000] {processor.py:914} INFO - Processing file /home/airflow/.local/lib/python3.12/site-packages/airflow/example_dags/example_python_decorator.py for tasks to queue
[2026-08-12T04:31:12.079+0000] {logging_mixin.py:190} INFO - [2026-08-12T04:31:12.078+0000] {dagbag.py:587} INFO - Filling up the DagBag from /home/airflow/.local/lib/python3.12/site-packages/airflow/example_dags/example_python_decorator.py
[2026-08-12T04:31:12.098+0000] {processor.py:925} INFO - DAG(s) 'example_python_decorator' retrieved from /home/airflow/.local/lib/python3.12/site-packages/airflow/example_dags/example_python_decorator.py
[2026-08-12T04:31:12.210+0000] {logging_mixin.py:190} INFO - [2026-08-12T04:31:12.209+0000] {override.py:1858} INFO - Created Permission View: can delete on DAG:example_python_decorator
[2026-08-12T04:31:12.223+0000] {logging_mixin.py:190} INFO - [2026-08-12T04:31:12.223+0000] {override.py:1858} INFO - Created Permission View: can read on DAG:example_python_decorator
[2026-08-12T04:31:12.232+0000] {logging_mixin.py:190} INFO - [2026-08-12T04:31:12.232+0000] {override.py:1858} INFO - Created Permission View: can edit on DAG:example_python_decorator
[2026-08-12T04:31:12.235+0000] {logging_mixin.py:190} INFO - [2026-08-12T04:31:12.234+0000] {dag.py:3211} INFO - Sync 1 DAGs
[2026-08-12T04:31:12.250+0000] {logging_mixin.py:190} INFO - [2026-08-12T04:31:12.249+0000] {dag.py:3234} INFO - Creating ORM DAG for example_python_decorator
[2026-08-12T04:31:12.252+0000] {logging_mixin.py:190} INFO - [2026-08-12T04:31:12.252+0000] {dag.py:4138} INFO - Setting next_dagrun for example_python_decorator to None, run_after=None
[2026-08-12T04:31:12.275+0000] {processor.py:208} INFO - Processing /home/airflow/.local/lib/python3.12/site-packages/airflow/example_dags/example_python_decorator.py took 0.209 seconds
[2026-08-12T04:31:43.059+0000] {processor.py:186} INFO - Started process (PID=173) to work on /home/airflow/.local/lib/python3.12/site-packages/airflow/example_dags/example_python_decorator.py
[2026-08-12T04:31:43.062+0000] {processor.py:914} INFO - Processing file /home/airflow/.local/lib/python3.12/site-packages/airflow/example_dags/example_python_decorator.py for tasks to queue
[2026-08-12T04:31:43.067+0000] {logging_mixin.py:190} INFO - [2026-08-12T04:31:43.066+0000] {dagbag.py:587} INFO - Filling up the DagBag from /home/airflow/.local/lib/python3.12/site-packages/airflow/example_dags/example_python_decorator.py
[2026-08-12T04:31:43.084+0000] {processor.py:925} INFO - DAG(s) 'example_python_decorator' retrieved from /home/airflow/.local/lib/python3.12/site-packages/airflow/example_dags/example_python_decorator.py
[2026-08-12T04:31:43.109+0000] {logging_mixin.py:190} INFO - [2026-08-12T04:31:43.109+0000] {dag.py:3211} INFO - Sync 1 DAGs
[2026-08-12T04:31:43.138+0000] {logging_mixin.py:190} INFO - [2026-08-12T04:31:43.138+0000] {dag.py:4138} INFO - Setting next_dagrun for example_python_decorator to None, run_after=None
[2026-08-12T04:31:43.164+0000] {processor.py:208} INFO - Processing /home/airflow/.local/lib/python3.12/site-packages/airflow/example_dags/example_python_decorator.py took 0.116 seconds
[2026-08-12T04:33:01.437+0000] {processor.py:186} INFO - Started process (PID=105) to work on /home/airflow/.local/lib/python3.12/site-packages/airflow/example_dags/example_python_decorator.py
[2026-08-12T04:33:01.441+0000] {processor.py:914} INFO - Processing file /home/airflow/.local/lib/python3.12/site-packages/airflow/example_dags/example_python_decorator.py for tasks to queue
[2026-08-12T04:33:01.449+0000] {logging_mixin.py:190} INFO - [2026-08-12T04:33:01.448+0000] {dagbag.py:587} INFO - Filling up the DagBag from /home/airflow/.local/lib/python3.12/site-packages/airflow/example_dags/example_python_decorator.py
[2026-08-12T04:33:01.490+0000] {processor.py:925} INFO - DAG(s) 'example_python_decorator' retrieved from /home/airflow/.local/lib/python3.12/site-packages/airflow/example_dags/example_python_decorator.py
[2026-08-12T04:33:01.838+0000] {logging_mixin.py:190} INFO - [2026-08-12T04:33:01.838+0000] {dag.py:3211} INFO - Sync 1 DAGs
[2026-08-12T04:33:01.861+0000] {logging_mixin.py:190} INFO - [2026-08-12T04:33:01.861+0000] {dag.py:4138} INFO - Setting next_dagrun for example_python_decorator to None, run_after=None
[2026-08-12T04:33:01.896+0000] {processor.py:208} INFO - Processing /home/airflow/.local/lib/python3.12/site-packages/airflow/example_dags/example_python_decorator.py took 0.473 seconds
[2026-08-12T04:33:31.979+0000] {processor.py:186} INFO - Started process (PID=167) to work on /home/airflow/.local/lib/python3.12/site-packages/airflow/example_dags/example_python_decorator.py
[2026-08-12T04:33:31.981+0000] {processor.py:914} INFO - Processing file /home/airflow/.local/lib/python3.12/site-packages/airflow/example_dags/example_python_decorator.py for tasks to queue
[2026-08-12T04:33:31.984+0000] {logging_mixin.py:190} INFO - [2026-08-12T04:33:31.984+0000] {dagbag.py:587} INFO - Filling up the DagBag from /home/airflow/.local/lib/python3.12/site-packages/airflow/example_dags/example_python_decorator.py
[2026-08-12T04:33:31.999+0000] {processor.py:925} INFO - DAG(s) 'example_python_decorator' retrieved from /home/airflow/.local/lib/python3.12/site-packages/airflow/example_dags/example_python_decorator.py
[2026-08-12T04:33:32.025+0000] {logging_mixin.py:190} INFO - [2026-08-12T04:33:32.025+0000] {dag.py:3211} INFO - Sync 1 DAGs
[2026-08-12T04:33:32.040+0000] {logging_mixin.py:190} INFO - [2026-08-12T04:33:32.039+0000] {dag.py:4138} INFO - Setting next_dagrun for example_python_decorator to None, run_after=None
[2026-08-12T04:33:32.066+0000] {processor.py:208} INFO - Processing /home/airflow/.local/lib/python3.12/site-packages/airflow/example_dags/example_python_decorator.py took 0.092 seconds
[2026-08-12T04:34:02.601+0000] {processor.py:186} INFO - Started process (PID=229) to work on /home/airflow/.local/lib/python3.12/site-packages/airflow/example_dags/example_python_decorator.py
[2026-08-12T04:34:02.603+0000] {processor.py:914} INFO - Processing file /home/airflow/.local/lib/python3.12/site-packages/airflow/example_dags/example_python_decorator.py for tasks to queue
[2026-08-12T04:34:02.607+0000] {logging_mixin.py:190} INFO - [2026-08-12T04:34:02.606+0000] {dagbag.py:587} INFO - Filling up the DagBag from /home/airflow/.local/lib/python3.12/site-packages/airflow/example_dags/example_python_decorator.py
[2026-08-12T04:34:02.631+0000] {processor.py:925} INFO - DAG(s) 'example_python_decorator' retrieved from /home/airflow/.local/lib/python3.12/site-packages/airflow/example_dags/example_python_decorator.py
[2026-08-12T04:34:02.661+0000] {logging_mixin.py:190} INFO - [2026-08-12T04:34:02.661+0000] {dag.py:3211} INFO - Sync 1 DAGs
[2026-08-12T04:34:02.676+0000] {logging_mixin.py:190} INFO - [2026-08-12T04:34:02.676+0000] {dag.py:4138} INFO - Setting next_dagrun for example_python_decorator to None, run_after=None
[2026-08-12T04:34:02.701+0000] {processor.py:208} INFO - Processing /home/airflow/.local/lib/python3.12/site-packages/airflow/example_dags/example_python_decorator.py took 0.106 seconds
[2026-08-12T04:34:33.047+0000] {processor.py:186} INFO - Started process (PID=291) to work on /home/airflow/.local/lib/python3.12/site-packages/airflow/example_dags/example_python_decorator.py
[2026-08-12T04:34:33.050+0000] {processor.py:914} INFO - Processing file /home/airflow/.local/lib/python3.12/site-packages/airflow/example_dags/example_python_decorator.py for tasks to queue
[2026-08-12T04:34:33.054+0000] {logging_mixin.py:190} INFO - [2026-08-12T04:34:33.054+0000] {dagbag.py:587} INFO - Filling up the DagBag from /home/airflow/.local/lib/python3.12/site-packages/airflow/example_dags/example_python_decorator.py
[2026-08-12T04:34:33.071+0000] {processor.py:925} INFO - DAG(s) 'example_python_decorator' retrieved from /home/airflow/.local/lib/python3.12/site-packages/airflow/example_dags/example_python_decorator.py
[2026-08-12T04:34:33.096+0000] {logging_mixin.py:190} INFO - [2026-08-12T04:34:33.096+0000] {dag.py:3211} INFO - Sync 1 DAGs
[2026-08-12T04:34:33.113+0000] {logging_mixin.py:190} INFO - [2026-08-12T04:34:33.113+0000] {dag.py:4138} INFO - Setting next_dagrun for example_python_decorator to None, run_after=None
[2026-08-12T04:34:33.142+0000] {processor.py:208} INFO - Processing /home/airflow/.local/lib/python3.12/site-packages/airflow/example_dags/example_python_decorator.py took 0.101 seconds
[2026-08-12T04:35:04.089+0000] {processor.py:186} INFO - Started process (PID=353) to work on /home/airflow/.local/lib/python3.12/site-packages/airflow/example_dags/example_python_decorator.py
[2026-08-12T04:35:04.092+0000] {processor.py:914} INFO - Processing file /home/airflow/.local/lib/python3.12/site-packages/airflow/example_dags/example_python_decorator.py for tasks to queue
[2026-08-12T04:35:04.096+0000] {logging_mixin.py:190} INFO - [2026-08-12T04:35:04.096+0000] {dagbag.py:587} INFO - Filling up the DagBag from /home/airflow/.local/lib/python3.12/site-packages/airflow/example_dags/example_python_decorator.py
[2026-08-12T04:35:04.118+0000] {processor.py:925} INFO - DAG(s) 'example_python_decorator' retrieved from /home/airflow/.local/lib/python3.12/site-packages/airflow/example_dags/example_python_decorator.py
[2026-08-12T04:35:04.155+0000] {logging_mixin.py:190} INFO - [2026-08-12T04:35:04.154+0000] {dag.py:3211} INFO - Sync 1 DAGs
[2026-08-12T04:35:04.172+0000] {logging_mixin.py:190} INFO - [2026-08-12T04:35:04.171+0000] {dag.py:4138} INFO - Setting next_dagrun for example_python_decorator to None, run_after=None
[2026-08-12T04:35:04.207+0000] {processor.py:208} INFO - Processing /home/airflow/.local/lib/python3.12/site-packages/airflow/example_dags/example_python_decorator.py took 0.125 seconds
[2026-08-12T04:35:34.387+0000] {processor.py:186} INFO - Started process (PID=415) to work on /home/airflow/.local/lib/python3.12/site-packages/airflow/example_dags/example_python_decorator.py
[2026-08-12T04:35:34.390+0000] {processor.py:914} INFO - Processing file /home/airflow/.local/lib/python3.12/site-packages/airflow/example_dags/example_python_decorator.py for tasks to queue
[2026-08-12T04:35:34.398+0000] {logging_mixin.py:190} INFO - [2026-08-12T04:35:34.396+0000] {dagbag.py:587} INFO - Filling up the DagBag from /home/airflow/.local/lib/python3.12/site-packages/airflow/example_dags/example_python_decorator.py
[2026-08-12T04:35:34.433+0000] {processor.py:925} INFO - DAG(s) 'example_python_decorator' retrieved from /home/airflow/.local/lib/python3.12/site-packages/airflow/example_dags/example_python_decorator.py
[2026-08-12T04:35:34.461+0000] {logging_mixin.py:190} INFO - [2026-08-12T04:35:34.461+0000] {dag.py:3211} INFO - Sync 1 DAGs
[2026-08-12T04:35:34.476+0000] {logging_mixin.py:190} INFO - [2026-08-12T04:35:34.476+0000] {dag.py:4138} INFO - Setting next_dagrun for example_python_decorator to None, run_after=None
[2026-08-12T04:35:34.503+0000] {processor.py:208} INFO - Processing /home/airflow/.local/lib/python3.12/site-packages/airflow/example_dags/example_python_decorator.py took 0.125 seconds
[2026-08-12T04:36:05.055+0000] {processor.py:186} INFO - Started process (PID=477) to work on /home/airflow/.local/lib/python3.12/site-packages/airflow/example_dags/example_python_decorator.py
[2026-08-12T04:36:05.057+0000] {processor.py:914} INFO - Processing file /home/airflow/.local/lib/python3.12/site-packages/airflow/example_dags/example_python_decorator.py for tasks to queue
[2026-08-12T04:36:05.061+0000] {logging_mixin.py:190} INFO - [2026-08-12T04:36:05.061+0000] {dagbag.py:587} INFO - Filling up the DagBag from /home/airflow/.local/lib/python3.12/site-packages/airflow/example_dags/example_python_decorator.py
[2026-08-12T04:36:05.079+0000] {processor.py:925} INFO - DAG(s) 'example_python_decorator' retrieved from /home/airflow/.local/lib/python3.12/site-packages/airflow/example_dags/example_python_decorator.py
[2026-08-12T04:36:05.110+0000] {logging_mixin.py:190} INFO - [2026-08-12T04:36:05.110+0000] {dag.py:3211} INFO - Sync 1 DAGs
[2026-08-12T04:36:05.131+0000] {logging_mixin.py:190} INFO - [2026-08-12T04:36:05.131+0000] {dag.py:4138} INFO - Setting next_dagrun for example_python_decorator to None, run_after=None
[2026-08-12T04:36:05.162+0000] {processor.py:208} INFO - Processing /home/airflow/.local/lib/python3.12/site-packages/airflow/example_dags/example_python_decorator.py took 0.114 seconds
[2026-08-12T04:36:35.490+0000] {processor.py:186} INFO - Started process (PID=539) to work on /home/airflow/.local/lib/python3.12/site-packages/airflow/example_dags/example_python_decorator.py
[2026-08-12T04:36:35.492+0000] {processor.py:914} INFO - Processing file /home/airflow/.local/lib/python3.12/site-packages/airflow/example_dags/example_python_decorator.py for tasks to queue
[2026-08-12T04:36:35.496+0000] {logging_mixin.py:190} INFO - [2026-08-12T04:36:35.496+0000] {dagbag.py:587} INFO - Filling up the DagBag from /home/airflow/.local/lib/python3.12/site-packages/airflow/example_dags/example_python_decorator.py
[2026-08-12T04:36:35.513+0000] {processor.py:925} INFO - DAG(s) 'example_python_decorator' retrieved from /home/airflow/.local/lib/python3.12/site-packages/airflow/example_dags/example_python_decorator.py
[2026-08-12T04:36:35.538+0000] {logging_mixin.py:190} INFO - [2026-08-12T04:36:35.537+0000] {dag.py:3211} INFO - Sync 1 DAGs
[2026-08-12T04:36:35.553+0000] {logging_mixin.py:190} INFO - [2026-08-12T04:36:35.552+0000] {dag.py:4138} INFO - Setting next_dagrun for example_python_decorator to None, run_after=None
[2026-08-12T04:36:35.578+0000] {processor.py:208} INFO - Processing /home/airflow/.local/lib/python3.12/site-packages/airflow/example_dags/example_python_decorator.py took 0.096 seconds
[2026-08-12T04:37:05.984+0000] {processor.py:186} INFO - Started process (PID=601) to work on /home/airflow/.local/lib/python3.12/site-packages/airflow/example_dags/example_python_decorator.py
[2026-08-12T04:37:05.986+0000] {processor.py:914} INFO - Processing file /home/airflow/.local/lib/python3.12/site-packages/airflow/example_dags/example_python_decorator.py for tasks to queue
[2026-08-12T04:37:05.989+0000] {logging_mixin.py:190} INFO - [2026-08-12T04:37:05.989+0000] {dagbag.py:587} INFO - Filling up the DagBag from /home/airflow/.local/lib/python3.12/site-packages/airflow/example_dags/example_python_decorator.py
[2026-08-12T04:37:06.004+0000] {processor.py:925} INFO - DAG(s) 'example_python_decorator' retrieved from /home/airflow/.local/lib/python3.12/site-packages/airflow/example_dags/example_python_decorator.py
[2026-08-12T04:37:06.027+0000] {logging_mixin.py:190} INFO - [2026-08-12T04:37:06.027+0000] {dag.py:3211} INFO - Sync 1 DAGs
[2026-08-12T04:37:06.043+0000] {logging_mixin.py:190} INFO - [2026-08-12T04:37:06.042+0000] {dag.py:4138} INFO - Setting next_dagrun for example_python_decorator to None, run_after=None
[2026-08-12T04:37:06.064+0000] {processor.py:208} INFO - Processing /home/airflow/.local/lib/python3.12/site-packages/airflow/example_dags/example_python_decorator.py took 0.086 seconds
[2026-08-12T04:37:36.978+0000] {processor.py:186} INFO - Started process (PID=663) to work on /home/airflow/.local/lib/python3.12/site-packages/airflow/example_dags/example_python_decorator.py
[2026-08-12T04:37:36.981+0000] {processor.py:914} INFO - Processing file /home/airflow/.local/lib/python3.12/site-packages/airflow/example_dags/example_python_decorator.py for tasks to queue
[2026-08-12T04:37:36.986+0000] {logging_mixin.py:190} INFO - [2026-08-12T04:37:36.985+0000] {dagbag.py:587} INFO - Filling up the DagBag from /home/airflow/.local/lib/python3.12/site-packages/airflow/example_dags/example_python_decorator.py
[2026-08-12T04:37:37.002+0000] {processor.py:925} INFO - DAG(s) 'example_python_decorator' retrieved from /home/airflow/.local/lib/python3.12/site-packages/airflow/example_dags/example_python_decorator.py
[2026-08-12T04:37:37.026+0000] {logging_mixin.py:190} INFO - [2026-08-12T04:37:37.026+0000] {dag.py:3211} INFO - Sync 1 DAGs
[2026-08-12T04:37:37.043+0000] {logging_mixin.py:190} INFO - [2026-08-12T04:37:37.042+0000] {dag.py:4138} INFO - Setting next_dagrun for example_python_decorator to None, run_after=None
[2026-08-12T04:37:37.062+0000] {processor.py:208} INFO - Processing /home/airflow/.local/lib/python3.12/site-packages/airflow/example_dags/example_python_decorator.py took 0.096 seconds
[2026-08-12T04:38:07.239+0000] {processor.py:186} INFO - Started process (PID=725) to work on /home/airflow/.local/lib/python3.12/site-packages/airflow/example_dags/example_python_decorator.py
[2026-08-12T04:38:07.241+0000] {processor.py:914} INFO - Processing file /home/airflow/.local/lib/python3.12/site-packages/airflow/example_dags/example_python_decorator.py for tasks to queue
[2026-08-12T04:38:07.245+0000] {logging_mixin.py:190} INFO - [2026-08-12T04:38:07.245+0000] {dagbag.py:587} INFO - Filling up the DagBag from /home/airflow/.local/lib/python3.12/site-packages/airflow/example_dags/example_python_decorator.py
[2026-08-12T04:38:07.260+0000] {processor.py:925} INFO - DAG(s) 'example_python_decorator' retrieved from /home/airflow/.local/lib/python3.12/site-packages/airflow/example_dags/example_python_decorator.py
[2026-08-12T04:38:07.285+0000] {logging_mixin.py:190} INFO - [2026-08-12T04:38:07.285+0000] {dag.py:3211} INFO - Sync 1 DAGs
[2026-08-12T04:38:07.303+0000] {logging_mixin.py:190} INFO - [2026-08-12T04:38:07.303+0000] {dag.py:4138} INFO - Setting next_dagrun for example_python_decorator to None, run_after=None
[2026-08-12T04:38:07.328+0000] {processor.py:208} INFO - Processing /home/airflow/.local/lib/python3.12/site-packages/airflow/example_dags/example_python_decorator.py took 0.095 seconds
[2026-08-12T04:38:37.646+0000] {processor.py:186} INFO - Started process (PID=787) to work on /home/airflow/.local/lib/python3.12/site-packages/airflow/example_dags/example_python_decorator.py
[2026-08-12T04:38:37.648+0000] {processor.py:914} INFO - Processing file /home/airflow/.local/lib/python3.12/site-packages/airflow/example_dags/example_python_decorator.py for tasks to queue
[2026-08-12T04:38:37.652+0000] {logging_mixin.py:190} INFO - [2026-08-12T04:38:37.652+0000] {dagbag.py:587} INFO - Filling up the DagBag from /home/airflow/.local/lib/python3.12/site-packages/airflow/example_dags/example_python_decorator.py
[2026-08-12T04:38:37.667+0000] {processor.py:925} INFO - DAG(s) 'example_python_decorator' retrieved from /home/airflow/.local/lib/python3.12/site-packages/airflow/example_dags/example_python_decorator.py
[2026-08-12T04:38:37.691+0000] {logging_mixin.py:190} INFO - [2026-08-12T04:38:37.691+0000] {dag.py:3211} INFO - Sync 1 DAGs
[2026-08-12T04:38:37.706+0000] {logging_mixin.py:190} INFO - [2026-08-12T04:38:37.706+0000] {dag.py:4138} INFO - Setting next_dagrun for example_python_decorator to None, run_after=None
[2026-08-12T04:38:37.727+0000] {processor.py:208} INFO - Processing /home/airflow/.local/lib/python3.12/site-packages/airflow/example_dags/example_python_decorator.py took 0.087 seconds
[2026-08-12T04:39:07.948+0000] {processor.py:186} INFO - Started process (PID=849) to work on /home/airflow/.local/lib/python3.12/site-packages/airflow/example_dags/example_python_decorator.py
[2026-08-12T04:39:07.950+0000] {processor.py:914} INFO - Processing file /home/airflow/.local/lib/python3.12/site-packages/airflow/example_dags/example_python_decorator.py for tasks to queue
[2026-08-12T04:39:07.954+0000] {logging_mixin.py:190} INFO - [2026-08-12T04:39:07.953+0000] {dagbag.py:587} INFO - Filling up the DagBag from /home/airflow/.local/lib/python3.12/site-packages/airflow/example_dags/example_python_decorator.py
[2026-08-12T04:39:07.970+0000] {processor.py:925} INFO - DAG(s) 'example_python_decorator' retrieved from /home/airflow/.local/lib/python3.12/site-packages/airflow/example_dags/example_python_decorator.py
[2026-08-12T04:39:07.998+0000] {logging_mixin.py:190} INFO - [2026-08-12T04:39:07.998+0000] {dag.py:3211} INFO - Sync 1 DAGs
[2026-08-12T04:39:08.017+0000] {logging_mixin.py:190} INFO - [2026-08-12T04:39:08.016+0000] {dag.py:4138} INFO - Setting next_dagrun for example_python_decorator to None, run_after=None
[2026-08-12T04:39:08.044+0000] {processor.py:208} INFO - Processing /home/airflow/.local/lib/python3.12/site-packages/airflow/example_dags/example_python_decorator.py took 0.107 seconds
[2026-08-12T04:39:39.103+0000] {processor.py:186} INFO - Started process (PID=911) to work on /home/airflow/.local/lib/python3.12/site-packages/airflow/example_dags/example_python_decorator.py
[2026-08-12T04:39:39.105+0000] {processor.py:914} INFO - Processing file /home/airflow/.local/lib/python3.12/site-packages/airflow/example_dags/example_python_decorator.py for tasks to queue
[2026-08-12T04:39:39.109+0000] {logging_mixin.py:190} INFO - [2026-08-12T04:39:39.108+0000] {dagbag.py:587} INFO - Filling up the DagBag from /home/airflow/.local/lib/python3.12/site-packages/airflow/example_dags/example_python_decorator.py
[2026-08-12T04:39:39.124+0000] {processor.py:925} INFO - DAG(s) 'example_python_decorator' retrieved from /home/airflow/.local/lib/python3.12/site-packages/airflow/example_dags/example_python_decorator.py
[2026-08-12T04:39:39.149+0000] {logging_mixin.py:190} INFO - [2026-08-12T04:39:39.148+0000] {dag.py:3211} INFO - Sync 1 DAGs
[2026-08-12T04:39:39.164+0000] {logging_mixin.py:190} INFO - [2026-08-12T04:39:39.163+0000] {dag.py:4138} INFO - Setting next_dagrun for example_python_decorator to None, run_after=None
[2026-08-12T04:39:39.185+0000] {processor.py:208} INFO - Processing /home/airflow/.local/lib/python3.12/site-packages/airflow/example_dags/example_python_decorator.py took 0.089 seconds
[2026-08-12T04:40:09.665+0000] {processor.py:186} INFO - Started process (PID=973) to work on /home/airflow/.local/lib/python3.12/site-packages/airflow/example_dags/example_python_decorator.py
[2026-08-12T04:40:09.668+0000] {processor.py:914} INFO - Processing file /home/airflow/.local/lib/python3.12/site-packages/airflow/example_dags/example_python_decorator.py for tasks to queue
[2026-08-12T04:40:09.672+0000] {logging_mixin.py:190} INFO - [2026-08-12T04:40:09.672+0000] {dagbag.py:587} INFO - Filling up the DagBag from /home/airflow/.local/lib/python3.12/site-packages/airflow/example_dags/example_python_decorator.py
[2026-08-12T04:40:09.688+0000] {processor.py:925} INFO - DAG(s) 'example_python_decorator' retrieved from /home/airflow/.local/lib/python3.12/site-packages/airflow/example_dags/example_python_decorator.py
[2026-08-12T04:40:09.711+0000] {logging_mixin.py:190} INFO - [2026-08-12T04:40:09.711+0000] {dag.py:3211} INFO - Sync 1 DAGs
[2026-08-12T04:40:09.727+0000] {logging_mixin.py:190} INFO - [2026-08-12T04:40:09.727+0000] {dag.py:4138} INFO - Setting next_dagrun for example_python_decorator to None, run_after=None
[2026-08-12T04:40:09.747+0000] {processor.py:208} INFO - Processing /home/airflow/.local/lib/python3.12/site-packages/airflow/example_dags/example_python_decorator.py took 0.088 seconds
[2026-08-12T04:40:40.071+0000] {processor.py:186} INFO - Started process (PID=1035) to work on /home/airflow/.local/lib/python3.12/site-packages/airflow/example_dags/example_python_decorator.py
[2026-08-12T04:40:40.073+0000] {processor.py:914} INFO - Processing file /home/airflow/.local/lib/python3.12/site-packages/airflow/example_dags/example_python_decorator.py for tasks to queue
[2026-08-12T04:40:40.078+0000] {logging_mixin.py:190} INFO - [2026-08-12T04:40:40.077+0000] {dagbag.py:587} INFO - Filling up the DagBag from /home/airflow/.local/lib/python3.12/site-packages/airflow/example_dags/example_python_decorator.py
[2026-08-12T04:40:40.094+0000] {processor.py:925} INFO - DAG(s) 'example_python_decorator' retrieved from /home/airflow/.local/lib/python3.12/site-packages/airflow/example_dags/example_python_decorator.py
[2026-08-12T04:40:40.118+0000] {logging_mixin.py:190} INFO - [2026-08-12T04:40:40.117+0000] {dag.py:3211} INFO - Sync 1 DAGs
[2026-08-12T04:40:40.134+0000] {logging_mixin.py:190} INFO - [2026-08-12T04:40:40.133+0000] {dag.py:4138} INFO - Setting next_dagrun for example_python_decorator to None, run_after=None
[2026-08-12T04:40:40.162+0000] {processor.py:208} INFO - Processing /home/airflow/.local/lib/python3.12/site-packages/airflow/example_dags/example_python_decorator.py took 0.096 seconds
[2026-08-12T04:41:11.399+0000] {processor.py:186} INFO - Started process (PID=1097) to work on /home/airflow/.local/lib/python3.12/site-packages/airflow/example_dags/example_python_decorator.py
[2026-08-12T04:41:11.402+0000] {processor.py:914} INFO - Processing file /home/airflow/.local/lib/python3.12/site-packages/airflow/example_dags/example_python_decorator.py for tasks to queue
[2026-08-12T04:41:11.405+0000] {logging_mixin.py:190} INFO - [2026-08-12T04:41:11.405+0000] {dagbag.py:587} INFO - Filling up the DagBag from /home/airflow/.local/lib/python3.12/site-packages/airflow/example_dags/example_python_decorator.py
[2026-08-12T04:41:11.423+0000] {processor.py:925} INFO - DAG(s) 'example_python_decorator' retrieved from /home/airflow/.local/lib/python3.12/site-packages/airflow/example_dags/example_python_decorator.py
[2026-08-12T04:41:11.449+0000] {logging_mixin.py:190} INFO - [2026-08-12T04:41:11.448+0000] {dag.py:3211} INFO - Sync 1 DAGs
[2026-08-12T04:41:11.463+0000] {logging_mixin.py:190} INFO - [2026-08-12T04:41:11.463+0000] {dag.py:4138} INFO - Setting next_dagrun for example_python_decorator to None, run_after=None
[2026-08-12T04:41:11.484+0000] {processor.py:208} INFO - Processing /home/airflow/.local/lib/python3.12/site-packages/airflow/example_dags/example_python_decorator.py took 0.092 seconds
[2026-08-12T04:41:42.044+0000] {processor.py:186} INFO - Started process (PID=1159) to work on /home/airflow/.local/lib/python3.12/site-packages/airflow/example_dags/example_python_decorator.py
[2026-08-12T04:41:42.047+0000] {processor.py:914} INFO - Processing file /home/airflow/.local/lib/python3.12/site-packages/airflow/example_dags/example_python_decorator.py for tasks to queue
[2026-08-12T04:41:42.052+0000] {logging_mixin.py:190} INFO - [2026-08-12T04:41:42.051+0000] {dagbag.py:587} INFO - Filling up the DagBag from /home/airflow/.local/lib/python3.12/site-packages/airflow/example_dags/example_python_decorator.py
[2026-08-12T04:41:42.069+0000] {processor.py:925} INFO - DAG(s) 'example_python_decorator' retrieved from /home/airflow/.local/lib/python3.12/site-packages/airflow/example_dags/example_python_decorator.py
[2026-08-12T04:41:42.098+0000] {logging_mixin.py:190} INFO - [2026-08-12T04:41:42.097+0000] {dag.py:3211} INFO - Sync 1 DAGs
[2026-08-12T04:41:42.115+0000] {logging_mixin.py:190} INFO - [2026-08-12T04:41:42.114+0000] {dag.py:4138} INFO - Setting next_dagrun for example_python_decorator to None, run_after=None
[2026-08-12T04:41:42.140+0000] {processor.py:208} INFO - Processing /home/airflow/.local/lib/python3.12/site-packages/airflow/example_dags/example_python_decorator.py took 0.106 seconds
[2026-08-12T04:42:12.579+0000] {processor.py:186} INFO - Started process (PID=1221) to work on /home/airflow/.local/lib/python3.12/site-packages/airflow/example_dags/example_python_decorator.py
[2026-08-12T04:42:12.582+0000] {processor.py:914} INFO - Processing file /home/airflow/.local/lib/python3.12/site-packages/airflow/example_dags/example_python_decorator.py for tasks to queue
[2026-08-12T04:42:12.587+0000] {logging_mixin.py:190} INFO - [2026-08-12T04:42:12.587+0000] {dagbag.py:587} INFO - Filling up the DagBag from /home/airflow/.local/lib/python3.12/site-packages/airflow/example_dags/example_python_decorator.py
[2026-08-12T04:42:12.607+0000] {processor.py:925} INFO - DAG(s) 'example_python_decorator' retrieved from /home/airflow/.local/lib/python3.12/site-packages/airflow/example_dags/example_python_decorator.py
[2026-08-12T04:42:12.641+0000] {logging_mixin.py:190} INFO - [2026-08-12T04:42:12.641+0000] {dag.py:3211} INFO - Sync 1 DAGs
[2026-08-12T04:42:12.660+0000] {logging_mixin.py:190} INFO - [2026-08-12T04:42:12.660+0000] {dag.py:4138} INFO - Setting next_dagrun for example_python_decorator to None, run_after=None
[2026-08-12T04:42:12.687+0000] {processor.py:208} INFO - Processing /home/airflow/.local/lib/python3.12/site-packages/airflow/example_dags/example_python_decorator.py took 0.116 seconds
[2026-08-12T04:42:42.961+0000] {processor.py:186} INFO - Started process (PID=1283) to work on /home/airflow/.local/lib/python3.12/site-packages/airflow/example_dags/example_python_decorator.py
[2026-08-12T04:42:42.963+0000] {processor.py:914} INFO - Processing file /home/airflow/.local/lib/python3.12/site-packages/airflow/example_dags/example_python_decorator.py for tasks to queue
[2026-08-12T04:42:42.968+0000] {logging_mixin.py:190} INFO - [2026-08-12T04:42:42.967+0000] {dagbag.py:587} INFO - Filling up the DagBag from /home/airflow/.local/lib/python3.12/site-packages/airflow/example_dags/example_python_decorator.py
[2026-08-12T04:42:42.986+0000] {processor.py:925} INFO - DAG(s) 'example_python_decorator' retrieved from /home/airflow/.local/lib/python3.12/site-packages/airflow/example_dags/example_python_decorator.py
[2026-08-12T04:42:43.014+0000] {logging_mixin.py:190} INFO - [2026-08-12T04:42:43.014+0000] {dag.py:3211} INFO - Sync 1 DAGs
[2026-08-12T04:42:43.031+0000] {logging_mixin.py:190} INFO - [2026-08-12T04:42:43.031+0000] {dag.py:4138} INFO - Setting next_dagrun for example_python_decorator to None, run_after=None
[2026-08-12T04:42:43.060+0000] {processor.py:208} INFO - Processing /home/airflow/.local/lib/python3.12/site-packages/airflow/example_dags/example_python_decorator.py took 0.108 seconds
[2026-08-12T04:43:13.843+0000] {processor.py:186} INFO - Started process (PID=1345) to work on /home/airflow/.local/lib/python3.12/site-packages/airflow/example_dags/example_python_decorator.py
[2026-08-12T04:43:13.845+0000] {processor.py:914} INFO - Processing file /home/airflow/.local/lib/python3.12/site-packages/airflow/example_dags/example_python_decorator.py for tasks to queue
[2026-08-12T04:43:13.849+0000] {logging_mixin.py:190} INFO - [2026-08-12T04:43:13.849+0000] {dagbag.py:587} INFO - Filling up the DagBag from /home/airflow/.local/lib/python3.12/site-packages/airflow/example_dags/example_python_decorator.py
[2026-08-12T04:43:13.865+0000] {processor.py:925} INFO - DAG(s) 'example_python_decorator' retrieved from /home/airflow/.local/lib/python3.12/site-packages/airflow/example_dags/example_python_decorator.py
[2026-08-12T04:43:13.888+0000] {logging_mixin.py:190} INFO - [2026-08-12T04:43:13.888+0000] {dag.py:3211} INFO - Sync 1 DAGs
[2026-08-12T04:43:13.905+0000] {logging_mixin.py:190} INFO - [2026-08-12T04:43:13.905+0000] {dag.py:4138} INFO - Setting next_dagrun for example_python_decorator to None, run_after=None
[2026-08-12T04:43:13.931+0000] {processor.py:208} INFO - Processing /home/airflow/.local/lib/python3.12/site-packages/airflow/example_dags/example_python_decorator.py took 0.094 seconds
[2026-08-12T04:43:44.416+0000] {processor.py:186} INFO - Started process (PID=1407) to work on /home/airflow/.local/lib/python3.12/site-packages/airflow/example_dags/example_python_decorator.py
[2026-08-12T04:43:44.418+0000] {processor.py:914} INFO - Processing file /home/airflow/.local/lib/python3.12/site-packages/airflow/example_dags/example_python_decorator.py for tasks to queue
[2026-08-12T04:43:44.423+0000] {logging_mixin.py:190} INFO - [2026-08-12T04:43:44.422+0000] {dagbag.py:587} INFO - Filling up the DagBag from /home/airflow/.local/lib/python3.12/site-packages/airflow/example_dags/example_python_decorator.py
[2026-08-12T04:43:44.439+0000] {processor.py:925} INFO - DAG(s) 'example_python_decorator' retrieved from /home/airflow/.local/lib/python3.12/site-packages/airflow/example_dags/example_python_decorator.py
[2026-08-12T04:43:44.468+0000] {logging_mixin.py:190} INFO - [2026-08-12T04:43:44.468+0000] {dag.py:3211} INFO - Sync 1 DAGs
[2026-08-12T04:43:44.484+0000] {logging_mixin.py:190} INFO - [2026-08-12T04:43:44.484+0000] {dag.py:4138} INFO - Setting next_dagrun for example_python_decorator to None, run_after=None
[2026-08-12T04:43:44.509+0000] {processor.py:208} INFO - Processing /home/airflow/.local/lib/python3.12/site-packages/airflow/example_dags/example_python_decorator.py took 0.103 seconds
[2026-08-12T04:44:15.016+0000] {processor.py:186} INFO - Started process (PID=1469) to work on /home/airflow/.local/lib/python3.12/site-packages/airflow/example_dags/example_python_decorator.py
[2026-08-12T04:44:15.021+0000] {processor.py:914} INFO - Processing file /home/airflow/.local/lib/python3.12/site-packages/airflow/example_dags/example_python_decorator.py for tasks to queue
[2026-08-12T04:44:15.026+0000] {logging_mixin.py:190} INFO - [2026-08-12T04:44:15.026+0000] {dagbag.py:587} INFO - Filling up the DagBag from /home/airflow/.local/lib/python3.12/site-packages/airflow/example_dags/example_python_decorator.py
[2026-08-12T04:44:15.047+0000] {processor.py:925} INFO - DAG(s) 'example_python_decorator' retrieved from /home/airflow/.local/lib/python3.12/site-packages/airflow/example_dags/example_python_decorator.py
[2026-08-12T04:44:15.079+0000] {logging_mixin.py:190} INFO - [2026-08-12T04:44:15.078+0000] {dag.py:3211} INFO - Sync 1 DAGs
[2026-08-12T04:44:15.096+0000] {logging_mixin.py:190} INFO - [2026-08-12T04:44:15.095+0000] {dag.py:4138} INFO - Setting next_dagrun for example_python_decorator to None, run_after=None
[2026-08-12T04:44:15.122+0000] {processor.py:208} INFO - Processing /home/airflow/.local/lib/python3.12/site-packages/airflow/example_dags/example_python_decorator.py took 0.120 seconds
[2026-08-12T04:44:45.288+0000] {processor.py:186} INFO - Started process (PID=1531) to work on /home/airflow/.local/lib/python3.12/site-packages/airflow/example_dags/example_python_decorator.py
[2026-08-12T04:44:45.290+0000] {processor.py:914} INFO - Processing file /home/airflow/.local/lib/python3.12/site-packages/airflow/example_dags/example_python_decorator.py for tasks to queue
[2026-08-12T04:44:45.296+0000] {logging_mixin.py:190} INFO - [2026-08-12T04:44:45.296+0000] {dagbag.py:587} INFO - Filling up the DagBag from /home/airflow/.local/lib/python3.12/site-packages/airflow/example_dags/example_python_decorator.py
[2026-08-12T04:44:45.313+0000] {processor.py:925} INFO - DAG(s) 'example_python_decorator' retrieved from /home/airflow/.local/lib/python3.12/site-packages/airflow/example_dags/example_python_decorator.py
[2026-08-12T04:44:45.342+0000] {logging_mixin.py:190} INFO - [2026-08-12T04:44:45.342+0000] {dag.py:3211} INFO - Sync 1 DAGs
[2026-08-12T04:44:45.356+0000] {logging_mixin.py:190} INFO - [2026-08-12T04:44:45.356+0000] {dag.py:4138} INFO - Setting next_dagrun for example_python_decorator to None, run_after=None
[2026-08-12T04:44:45.378+0000] {processor.py:208} INFO - Processing /home/airflow/.local/lib/python3.12/site-packages/airflow/example_dags/example_python_decorator.py took 0.099 seconds
[2026-08-12T04:45:15.885+0000] {processor.py:186} INFO - Started process (PID=1593) to work on /home/airflow/.local/lib/python3.12/site-packages/airflow/example_dags/example_python_decorator.py
[2026-08-12T04:45:15.889+0000] {processor.py:914} INFO - Processing file /home/airflow/.local/lib/python3.12/site-packages/airflow/example_dags/example_python_decorator.py for tasks to queue
[2026-08-12T04:45:15.895+0000] {logging_mixin.py:190} INFO - [2026-08-12T04:45:15.894+0000] {dagbag.py:587} INFO - Filling up the DagBag from /home/airflow/.local/lib/python3.12/site-packages/airflow/example_dags/example_python_decorator.py
[2026-08-12T04:45:15.914+0000] {processor.py:925} INFO - DAG(s) 'example_python_decorator' retrieved from /home/airflow/.local/lib/python3.12/site-packages/airflow/example_dags/example_python_decorator.py
[2026-08-12T04:45:15.941+0000] {logging_mixin.py:190} INFO - [2026-08-12T04:45:15.941+0000] {dag.py:3211} INFO - Sync 1 DAGs
[2026-08-12T04:45:15.957+0000] {logging_mixin.py:190} INFO - [2026-08-12T04:45:15.957+0000] {dag.py:4138} INFO - Setting next_dagrun for example_python_decorator to None, run_after=None
[2026-08-12T04:45:15.981+0000] {processor.py:208} INFO - Processing /home/airflow/.local/lib/python3.12/site-packages/airflow/example_dags/example_python_decorator.py took 0.108 seconds
[2026-08-12T04:45:46.377+0000] {processor.py:186} INFO - Started process (PID=1655) to work on /home/airflow/.local/lib/python3.12/site-packages/airflow/example_dags/example_python_decorator.py
[2026-08-12T04:45:46.379+0000] {processor.py:914} INFO - Processing file /home/airflow/.local/lib/python3.12/site-packages/airflow/example_dags/example_python_decorator.py for tasks to queue
[2026-08-12T04:45:46.383+0000] {logging_mixin.py:190} INFO - [2026-08-12T04:45:46.382+0000] {dagbag.py:587} INFO - Filling up the DagBag from /home/airflow/.local/lib/python3.12/site-packages/airflow/example_dags/example_python_decorator.py
[2026-08-12T04:45:46.399+0000] {processor.py:925} INFO - DAG(s) 'example_python_decorator' retrieved from /home/airflow/.local/lib/python3.12/site-packages/airflow/example_dags/example_python_decorator.py
[2026-08-12T04:45:46.427+0000] {logging_mixin.py:190} INFO - [2026-08-12T04:45:46.427+0000] {dag.py:3211} INFO - Sync 1 DAGs
[2026-08-12T04:45:46.443+0000] {logging_mixin.py:190} INFO - [2026-08-12T04:45:46.443+0000] {dag.py:4138} INFO - Setting next_dagrun for example_python_decorator to None, run_after=None
[2026-08-12T04:45:46.466+0000] {processor.py:208} INFO - Processing /home/airflow/.local/lib/python3.12/site-packages/airflow/example_dags/example_python_decorator.py took 0.097 seconds
[2026-08-12T04:46:16.704+0000] {processor.py:186} INFO - Started process (PID=1717) to work on /home/airflow/.local/lib/python3.12/site-packages/airflow/example_dags/example_python_decorator.py
[2026-08-12T04:46:16.707+0000] {processor.py:914} INFO - Processing file /home/airflow/.local/lib/python3.12/site-packages/airflow/example_dags/example_python_decorator.py for tasks to queue
[2026-08-12T04:46:16.711+0000] {logging_mixin.py:190} INFO - [2026-08-12T04:46:16.711+0000] {dagbag.py:587} INFO - Filling up the DagBag from /home/airflow/.local/lib/python3.12/site-packages/airflow/example_dags/example_python_decorator.py
[2026-08-12T04:46:16.731+0000] {processor.py:925} INFO - DAG(s) 'example_python_decorator' retrieved from /home/airflow/.local/lib/python3.12/site-packages/airflow/example_dags/example_python_decorator.py
[2026-08-12T04:46:16.754+0000] {logging_mixin.py:190} INFO - [2026-08-12T04:46:16.754+0000] {dag.py:3211} INFO - Sync 1 DAGs
[2026-08-12T04:46:16.769+0000] {logging_mixin.py:190} INFO - [2026-08-12T04:46:16.769+0000] {dag.py:4138} INFO - Setting next_dagrun for example_python_decorator to None, run_after=None
[2026-08-12T04:46:16.798+0000] {processor.py:208} INFO - Processing /home/airflow/.local/lib/python3.12/site-packages/airflow/example_dags/example_python_decorator.py took 0.100 seconds
[2026-08-12T04:46:47.337+0000] {processor.py:186} INFO - Started process (PID=1779) to work on /home/airflow/.local/lib/python3.12/site-packages/airflow/example_dags/example_python_decorator.py
[2026-08-12T04:46:47.339+0000] {processor.py:914} INFO - Processing file /home/airflow/.local/lib/python3.12/site-packages/airflow/example_dags/example_python_decorator.py for tasks to queue
[2026-08-12T04:46:47.342+0000] {logging_mixin.py:190} INFO - [2026-08-12T04:46:47.342+0000] {dagbag.py:587} INFO - Filling up the DagBag from /home/airflow/.local/lib/python3.12/site-packages/airflow/example_dags/example_python_decorator.py
[2026-08-12T04:46:47.358+0000] {processor.py:925} INFO - DAG(s) 'example_python_decorator' retrieved from /home/airflow/.local/lib/python3.12/site-packages/airflow/example_dags/example_python_decorator.py
[2026-08-12T04:46:47.382+0000] {logging_mixin.py:190} INFO - [2026-08-12T04:46:47.382+0000] {dag.py:3211} INFO - Sync 1 DAGs
[2026-08-12T04:46:47.397+0000] {logging_mixin.py:190} INFO - [2026-08-12T04:46:47.397+0000] {dag.py:4138} INFO - Setting next_dagrun for example_python_decorator to None, run_after=None
[2026-08-12T04:46:47.421+0000] {processor.py:208} INFO - Processing /home/airflow/.local/lib/python3.12/site-packages/airflow/example_dags/example_python_decorator.py took 0.091 seconds
[2026-08-12T04:47:18.097+0000] {processor.py:186} INFO - Started process (PID=1842) to work on /home/airflow/.local/lib/python3.12/site-packages/airflow/example_dags/example_python_decorator.py
[2026-08-12T04:47:18.099+0000] {processor.py:914} INFO - Processing file /home/airflow/.local/lib/python3.12/site-packages/airflow/example_dags/example_python_decorator.py for tasks to queue
[2026-08-12T04:47:18.104+0000] {logging_mixin.py:190} INFO - [2026-08-12T04:47:18.104+0000] {dagbag.py:587} INFO - Filling up the DagBag from /home/airflow/.local/lib/python3.12/site-packages/airflow/example_dags/example_python_decorator.py
[2026-08-12T04:47:18.127+0000] {processor.py:925} INFO - DAG(s) 'example_python_decorator' retrieved from /home/airflow/.local/lib/python3.12/site-packages/airflow/example_dags/example_python_decorator.py
[2026-08-12T04:47:18.152+0000] {logging_mixin.py:190} INFO - [2026-08-12T04:47:18.151+0000] {dag.py:3211} INFO - Sync 1 DAGs
[2026-08-12T04:47:18.166+0000] {logging_mixin.py:190} INFO - [2026-08-12T04:47:18.166+0000] {dag.py:4138} INFO - Setting next_dagrun for example_python_decorator to None, run_after=None
[2026-08-12T04:47:18.186+0000] {processor.py:208} INFO - Processing /home/airflow/.local/lib/python3.12/site-packages/airflow/example_dags/example_python_decorator.py took 0.098 seconds
[2026-08-12T04:47:48.629+0000] {processor.py:186} INFO - Started process (PID=1904) to work on /home/airflow/.local/lib/python3.12/site-packages/airflow/example_dags/example_python_decorator.py
[2026-08-12T04:47:48.636+0000] {processor.py:914} INFO - Processing file /home/airflow/.local/lib/python3.12/site-packages/airflow/example_dags/example_python_decorator.py for tasks to queue
[2026-08-12T04:47:48.643+0000] {logging_mixin.py:190} INFO - [2026-08-12T04:47:48.643+0000] {dagbag.py:587} INFO - Filling up the DagBag from /home/airflow/.local/lib/python3.12/site-packages/airflow/example_dags/example_python_decorator.py
[2026-08-12T04:47:48.668+0000] {processor.py:925} INFO - DAG(s) 'example_python_decorator' retrieved from /home/airflow/.local/lib/python3.12/site-packages/airflow/example_dags/example_python_decorator.py
[2026-08-12T04:47:48.708+0000] {logging_mixin.py:190} INFO - [2026-08-12T04:47:48.708+0000] {dag.py:3211} INFO - Sync 1 DAGs
[2026-08-12T04:47:48.731+0000] {logging_mixin.py:190} INFO - [2026-08-12T04:47:48.731+0000] {dag.py:4138} INFO - Setting next_dagrun for example_python_decorator to None, run_after=None
[2026-08-12T04:47:48.758+0000] {processor.py:208} INFO - Processing /home/airflow/.local/lib/python3.12/site-packages/airflow/example_dags/example_python_decorator.py took 0.135 seconds
[2026-08-12T04:48:19.158+0000] {processor.py:186} INFO - Started process (PID=1966) to work on /home/airflow/.local/lib/python3.12/site-packages/airflow/example_dags/example_python_decorator.py
[2026-08-12T04:48:19.160+0000] {processor.py:914} INFO - Processing file /home/airflow/.local/lib/python3.12/site-packages/airflow/example_dags/example_python_decorator.py for tasks to queue
[2026-08-12T04:48:19.165+0000] {logging_mixin.py:190} INFO - [2026-08-12T04:48:19.165+0000] {dagbag.py:587} INFO - Filling up the DagBag from /home/airflow/.local/lib/python3.12/site-packages/airflow/example_dags/example_python_decorator.py
[2026-08-12T04:48:19.188+0000] {processor.py:925} INFO - DAG(s) 'example_python_decorator' retrieved from /home/airflow/.local/lib/python3.12/site-packages/airflow/example_dags/example_python_decorator.py
[2026-08-12T04:48:19.217+0000] {logging_mixin.py:190} INFO - [2026-08-12T04:48:19.217+0000] {dag.py:3211} INFO - Sync 1 DAGs
[2026-08-12T04:48:19.233+0000] {logging_mixin.py:190} INFO - [2026-08-12T04:48:19.233+0000] {dag.py:4138} INFO - Setting next_dagrun for example_python_decorator to None, run_after=None
[2026-08-12T04:48:19.259+0000] {processor.py:208} INFO - Processing /home/airflow/.local/lib/python3.12/site-packages/airflow/example_dags/example_python_decorator.py took 0.113 seconds
[2026-08-12T04:48:49.488+0000] {processor.py:186} INFO - Started process (PID=2028) to work on /home/airflow/.local/lib/python3.12/site-packages/airflow/example_dags/example_python_decorator.py
[2026-08-12T04:48:49.490+0000] {processor.py:914} INFO - Processing file /home/airflow/.local/lib/python3.12/site-packages/airflow/example_dags/example_python_decorator.py for tasks to queue
[2026-08-12T04:48:49.494+0000] {logging_mixin.py:190} INFO - [2026-08-12T04:48:49.493+0000] {dagbag.py:587} INFO - Filling up the DagBag from /home/airflow/.local/lib/python3.12/site-packages/airflow/example_dags/example_python_decorator.py
[2026-08-12T04:48:49.509+0000] {processor.py:925} INFO - DAG(s) 'example_python_decorator' retrieved from /home/airflow/.local/lib/python3.12/site-packages/airflow/example_dags/example_python_decorator.py
[2026-08-12T04:48:49.533+0000] {logging_mixin.py:190} INFO - [2026-08-12T04:48:49.533+0000] {dag.py:3211} INFO - Sync 1 DAGs
[2026-08-12T04:48:49.550+0000] {logging_mixin.py:190} INFO - [2026-08-12T04:48:49.549+0000] {dag.py:4138} INFO - Setting next_dagrun for example_python_decorator to None, run_after=None
[2026-08-12T04:48:49.573+0000] {processor.py:208} INFO - Processing /home/airflow/.local/lib/python3.12/site-packages/airflow/example_dags/example_python_decorator.py took 0.092 seconds
[2026-08-12T04:49:20.151+0000] {processor.py:186} INFO - Started process (PID=2090) to work on /home/airflow/.local/lib/python3.12/site-packages/airflow/example_dags/example_python_decorator.py
[2026-08-12T04:49:20.153+0000] {processor.py:914} INFO - Processing file /home/airflow/.local/lib/python3.12/site-packages/airflow/example_dags/example_python_decorator.py for tasks to queue
[2026-08-12T04:49:20.158+0000] {logging_mixin.py:190} INFO - [2026-08-12T04:49:20.158+0000] {dagbag.py:587} INFO - Filling up the DagBag from /home/airflow/.local/lib/python3.12/site-packages/airflow/example_dags/example_python_decorator.py
[2026-08-12T04:49:20.178+0000] {processor.py:925} INFO - DAG(s) 'example_python_decorator' retrieved from /home/airflow/.local/lib/python3.12/site-packages/airflow/example_dags/example_python_decorator.py
[2026-08-12T04:49:20.205+0000] {logging_mixin.py:190} INFO - [2026-08-12T04:49:20.204+0000] {dag.py:3211} INFO - Sync 1 DAGs
[2026-08-12T04:49:20.222+0000] {logging_mixin.py:190} INFO - [2026-08-12T04:49:20.221+0000] {dag.py:4138} INFO - Setting next_dagrun for example_python_decorator to None, run_after=None
[2026-08-12T04:49:20.247+0000] {processor.py:208} INFO - Processing /home/airflow/.local/lib/python3.12/site-packages/airflow/example_dags/example_python_decorator.py took 0.103 seconds
[2026-08-12T04:49:50.806+0000] {processor.py:186} INFO - Started process (PID=2152) to work on /home/airflow/.local/lib/python3.12/site-packages/airflow/example_dags/example_python_decorator.py
[2026-08-12T04:49:50.808+0000] {processor.py:914} INFO - Processing file /home/airflow/.local/lib/python3.12/site-packages/airflow/example_dags/example_python_decorator.py for tasks to queue
[2026-08-12T04:49:50.812+0000] {logging_mixin.py:190} INFO - [2026-08-12T04:49:50.812+0000] {dagbag.py:587} INFO - Filling up the DagBag from /home/airflow/.local/lib/python3.12/site-packages/airflow/example_dags/example_python_decorator.py
[2026-08-12T04:49:50.829+0000] {processor.py:925} INFO - DAG(s) 'example_python_decorator' retrieved from /home/airflow/.local/lib/python3.12/site-packages/airflow/example_dags/example_python_decorator.py
[2026-08-12T04:49:50.855+0000] {logging_mixin.py:190} INFO - [2026-08-12T04:49:50.855+0000] {dag.py:3211} INFO - Sync 1 DAGs
[2026-08-12T04:49:50.872+0000] {logging_mixin.py:190} INFO - [2026-08-12T04:49:50.871+0000] {dag.py:4138} INFO - Setting next_dagrun for example_python_decorator to None, run_after=None
[2026-08-12T04:49:50.900+0000] {processor.py:208} INFO - Processing /home/airflow/.local/lib/python3.12/site-packages/airflow/example_dags/example_python_decorator.py took 0.101 seconds
[2026-08-12T04:50:21.654+0000] {processor.py:186} INFO - Started process (PID=2214) to work on /home/airflow/.local/lib/python3.12/site-packages/airflow/example_dags/example_python_decorator.py
[2026-08-12T04:50:21.656+0000] {processor.py:914} INFO - Processing file /home/airflow/.local/lib/python3.12/site-packages/airflow/example_dags/example_python_decorator.py for tasks to queue
[2026-08-12T04:50:21.660+0000] {logging_mixin.py:190} INFO - [2026-08-12T04:50:21.659+0000] {dagbag.py:587} INFO - Filling up the DagBag from /home/airflow/.local/lib/python3.12/site-packages/airflow/example_dags/example_python_decorator.py
[2026-08-12T04:50:21.675+0000] {processor.py:925} INFO - DAG(s) 'example_python_decorator' retrieved from /home/airflow/.local/lib/python3.12/site-packages/airflow/example_dags/example_python_decorator.py
[2026-08-12T04:50:21.699+0000] {logging_mixin.py:190} INFO - [2026-08-12T04:50:21.699+0000] {dag.py:3211} INFO - Sync 1 DAGs
[2026-08-12T04:50:21.717+0000] {logging_mixin.py:190} INFO - [2026-08-12T04:50:21.717+0000] {dag.py:4138} INFO - Setting next_dagrun for example_python_decorator to None, run_after=None
[2026-08-12T04:50:21.743+0000] {processor.py:208} INFO - Processing /home/airflow/.local/lib/python3.12/site-packages/airflow/example_dags/example_python_decorator.py took 0.094 seconds
[2026-08-12T04:50:52.322+0000] {processor.py:186} INFO - Started process (PID=2276) to work on /home/airflow/.local/lib/python3.12/site-packages/airflow/example_dags/example_python_decorator.py
[2026-08-12T04:50:52.325+0000] {processor.py:914} INFO - Processing file /home/airflow/.local/lib/python3.12/site-packages/airflow/example_dags/example_python_decorator.py for tasks to queue
[2026-08-12T04:50:52.331+0000] {logging_mixin.py:190} INFO - [2026-08-12T04:50:52.330+0000] {dagbag.py:587} INFO - Filling up the DagBag from /home/airflow/.local/lib/python3.12/site-packages/airflow/example_dags/example_python_decorator.py
[2026-08-12T04:50:52.350+0000] {processor.py:925} INFO - DAG(s) 'example_python_decorator' retrieved from /home/airflow/.local/lib/python3.12/site-packages/airflow/example_dags/example_python_decorator.py
[2026-08-12T04:50:52.376+0000] {logging_mixin.py:190} INFO - [2026-08-12T04:50:52.375+0000] {dag.py:3211} INFO - Sync 1 DAGs
[2026-08-12T04:50:52.392+0000] {logging_mixin.py:190} INFO - [2026-08-12T04:50:52.392+0000] {dag.py:4138} INFO - Setting next_dagrun for example_python_decorator to None, run_after=None
[2026-08-12T04:50:52.424+0000] {processor.py:208} INFO - Processing /home/airflow/.local/lib/python3.12/site-packages/airflow/example_dags/example_python_decorator.py took 0.110 seconds
[2026-08-12T04:51:22.862+0000] {processor.py:186} INFO - Started process (PID=2338) to work on /home/airflow/.local/lib/python3.12/site-packages/airflow/example_dags/example_python_decorator.py
[2026-08-12T04:51:22.864+0000] {processor.py:914} INFO - Processing file /home/airflow/.local/lib/python3.12/site-packages/airflow/example_dags/example_python_decorator.py for tasks to queue
[2026-08-12T04:51:22.868+0000] {logging_mixin.py:190} INFO - [2026-08-12T04:51:22.867+0000] {dagbag.py:587} INFO - Filling up the DagBag from /home/airflow/.local/lib/python3.12/site-packages/airflow/example_dags/example_python_decorator.py
[2026-08-12T04:51:22.885+0000] {processor.py:925} INFO - DAG(s) 'example_python_decorator' retrieved from /home/airflow/.local/lib/python3.12/site-packages/airflow/example_dags/example_python_decorator.py
[2026-08-12T04:51:22.908+0000] {logging_mixin.py:190} INFO - [2026-08-12T04:51:22.907+0000] {dag.py:3211} INFO - Sync 1 DAGs
[2026-08-12T04:51:22.922+0000] {logging_mixin.py:190} INFO - [2026-08-12T04:51:22.922+0000] {dag.py:4138} INFO - Setting next_dagrun for example_python_decorator to None, run_after=None
[2026-08-12T04:51:22.943+0000] {processor.py:208} INFO - Processing /home/airflow/.local/lib/python3.12/site-packages/airflow/example_dags/example_python_decorator.py took 0.087 seconds
[2026-08-12T04:51:54.061+0000] {processor.py:186} INFO - Started process (PID=2400) to work on /home/airflow/.local/lib/python3.12/site-packages/airflow/example_dags/example_python_decorator.py
[2026-08-12T04:51:54.064+0000] {processor.py:914} INFO - Processing file /home/airflow/.local/lib/python3.12/site-packages/airflow/example_dags/example_python_decorator.py for tasks to queue
[2026-08-12T04:51:54.069+0000] {logging_mixin.py:190} INFO - [2026-08-12T04:51:54.069+0000] {dagbag.py:587} INFO - Filling up the DagBag from /home/airflow/.local/lib/python3.12/site-packages/airflow/example_dags/example_python_decorator.py
[2026-08-12T04:51:54.097+0000] {processor.py:925} INFO - DAG(s) 'example_python_decorator' retrieved from /home/airflow/.local/lib/python3.12/site-packages/airflow/example_dags/example_python_decorator.py
[2026-08-12T04:51:54.127+0000] {logging_mixin.py:190} INFO - [2026-08-12T04:51:54.126+0000] {dag.py:3211} INFO - Sync 1 DAGs
[2026-08-12T04:51:54.144+0000] {logging_mixin.py:190} INFO - [2026-08-12T04:51:54.144+0000] {dag.py:4138} INFO - Setting next_dagrun for example_python_decorator to None, run_after=None
[2026-08-12T04:51:54.166+0000] {processor.py:208} INFO - Processing /home/airflow/.local/lib/python3.12/site-packages/airflow/example_dags/example_python_decorator.py took 0.116 seconds
[2026-08-12T04:52:24.799+0000] {processor.py:186} INFO - Started process (PID=2468) to work on /home/airflow/.local/lib/python3.12/site-packages/airflow/example_dags/example_python_decorator.py
[2026-08-12T04:52:24.802+0000] {processor.py:914} INFO - Processing file /home/airflow/.local/lib/python3.12/site-packages/airflow/example_dags/example_python_decorator.py for tasks to queue
[2026-08-12T04:52:24.805+0000] {logging_mixin.py:190} INFO - [2026-08-12T04:52:24.805+0000] {dagbag.py:587} INFO - Filling up the DagBag from /home/airflow/.local/lib/python3.12/site-packages/airflow/example_dags/example_python_decorator.py
[2026-08-12T04:52:24.825+0000] {processor.py:925} INFO - DAG(s) 'example_python_decorator' retrieved from /home/airflow/.local/lib/python3.12/site-packages/airflow/example_dags/example_python_decorator.py
[2026-08-12T04:52:24.848+0000] {logging_mixin.py:190} INFO - [2026-08-12T04:52:24.847+0000] {dag.py:3211} INFO - Sync 1 DAGs
[2026-08-12T04:52:24.864+0000] {logging_mixin.py:190} INFO - [2026-08-12T04:52:24.863+0000] {dag.py:4138} INFO - Setting next_dagrun for example_python_decorator to None, run_after=None
[2026-08-12T04:52:24.884+0000] {processor.py:208} INFO - Processing /home/airflow/.local/lib/python3.12/site-packages/airflow/example_dags/example_python_decorator.py took 0.093 seconds
[2026-08-12T04:52:55.758+0000] {processor.py:186} INFO - Started process (PID=2532) to work on /home/airflow/.local/lib/python3.12/site-packages/airflow/example_dags/example_python_decorator.py
[2026-08-12T04:52:55.761+0000] {processor.py:914} INFO - Processing file /home/airflow/.local/lib/python3.12/site-packages/airflow/example_dags/example_python_decorator.py for tasks to queue
[2026-08-12T04:52:55.766+0000] {logging_mixin.py:190} INFO - [2026-08-12T04:52:55.766+0000] {dagbag.py:587} INFO - Filling up the DagBag from /home/airflow/.local/lib/python3.12/site-packages/airflow/example_dags/example_python_decorator.py
[2026-08-12T04:52:55.790+0000] {processor.py:925} INFO - DAG(s) 'example_python_decorator' retrieved from /home/airflow/.local/lib/python3.12/site-packages/airflow/example_dags/example_python_decorator.py
[2026-08-12T04:52:55.820+0000] {logging_mixin.py:190} INFO - [2026-08-12T04:52:55.820+0000] {dag.py:3211} INFO - Sync 1 DAGs
[2026-08-12T04:52:55.837+0000] {logging_mixin.py:190} INFO - [2026-08-12T04:52:55.837+0000] {dag.py:4138} INFO - Setting next_dagrun for example_python_decorator to None, run_after=None
[2026-08-12T04:52:55.861+0000] {processor.py:208} INFO - Processing /home/airflow/.local/lib/python3.12/site-packages/airflow/example_dags/example_python_decorator.py took 0.110 seconds
[2026-08-12T04:53:26.579+0000] {processor.py:186} INFO - Started process (PID=2595) to work on /home/airflow/.local/lib/python3.12/site-packages/airflow/example_dags/example_python_decorator.py
[2026-08-12T04:53:26.581+0000] {processor.py:914} INFO - Processing file /home/airflow/.local/lib/python3.12/site-packages/airflow/example_dags/example_python_decorator.py for tasks to queue
[2026-08-12T04:53:26.585+0000] {logging_mixin.py:190} INFO - [2026-08-12T04:53:26.584+0000] {dagbag.py:587} INFO - Filling up the DagBag from /home/airflow/.local/lib/python3.12/site-packages/airflow/example_dags/example_python_decorator.py
[2026-08-12T04:53:26.602+0000] {processor.py:925} INFO - DAG(s) 'example_python_decorator' retrieved from /home/airflow/.local/lib/python3.12/site-packages/airflow/example_dags/example_python_decorator.py
[2026-08-12T04:53:26.630+0000] {logging_mixin.py:190} INFO - [2026-08-12T04:53:26.630+0000] {dag.py:3211} INFO - Sync 1 DAGs
[2026-08-12T04:53:26.645+0000] {logging_mixin.py:190} INFO - [2026-08-12T04:53:26.645+0000] {dag.py:4138} INFO - Setting next_dagrun for example_python_decorator to None, run_after=None
[2026-08-12T04:53:26.665+0000] {processor.py:208} INFO - Processing /home/airflow/.local/lib/python3.12/site-packages/airflow/example_dags/example_python_decorator.py took 0.093 seconds
[2026-08-12T04:53:57.239+0000] {processor.py:186} INFO - Started process (PID=2658) to work on /home/airflow/.local/lib/python3.12/site-packages/airflow/example_dags/example_python_decorator.py
[2026-08-12T04:53:57.241+0000] {processor.py:914} INFO - Processing file /home/airflow/.local/lib/python3.12/site-packages/airflow/example_dags/example_python_decorator.py for tasks to queue
[2026-08-12T04:53:57.248+0000] {logging_mixin.py:190} INFO - [2026-08-12T04:53:57.247+0000] {dagbag.py:587} INFO - Filling up the DagBag from /home/airflow/.local/lib/python3.12/site-packages/airflow/example_dags/example_python_decorator.py
[2026-08-12T04:53:57.273+0000] {processor.py:925} INFO - DAG(s) 'example_python_decorator' retrieved from /home/airflow/.local/lib/python3.12/site-packages/airflow/example_dags/example_python_decorator.py
[2026-08-12T04:53:57.296+0000] {logging_mixin.py:190} INFO - [2026-08-12T04:53:57.296+0000] {dag.py:3211} INFO - Sync 1 DAGs
[2026-08-12T04:53:57.311+0000] {logging_mixin.py:190} INFO - [2026-08-12T04:53:57.311+0000] {dag.py:4138} INFO - Setting next_dagrun for example_python_decorator to None, run_after=None
[2026-08-12T04:53:57.332+0000] {processor.py:208} INFO - Processing /home/airflow/.local/lib/python3.12/site-packages/airflow/example_dags/example_python_decorator.py took 0.102 seconds
[2026-08-12T04:54:28.174+0000] {processor.py:186} INFO - Started process (PID=2720) to work on /home/airflow/.local/lib/python3.12/site-packages/airflow/example_dags/example_python_decorator.py
[2026-08-12T04:54:28.177+0000] {processor.py:914} INFO - Processing file /home/airflow/.local/lib/python3.12/site-packages/airflow/example_dags/example_python_decorator.py for tasks to queue
[2026-08-12T04:54:28.182+0000] {logging_mixin.py:190} INFO - [2026-08-12T04:54:28.181+0000] {dagbag.py:587} INFO - Filling up the DagBag from /home/airflow/.local/lib/python3.12/site-packages/airflow/example_dags/example_python_decorator.py
[2026-08-12T04:54:28.209+0000] {processor.py:925} INFO - DAG(s) 'example_python_decorator' retrieved from /home/airflow/.local/lib/python3.12/site-packages/airflow/example_dags/example_python_decorator.py
[2026-08-12T04:54:28.243+0000] {logging_mixin.py:190} INFO - [2026-08-12T04:54:28.243+0000] {dag.py:3211} INFO - Sync 1 DAGs
[2026-08-12T04:54:28.264+0000] {logging_mixin.py:190} INFO - [2026-08-12T04:54:28.264+0000] {dag.py:4138} INFO - Setting next_dagrun for example_python_decorator to None, run_after=None
[2026-08-12T04:54:28.295+0000] {processor.py:208} INFO - Processing /home/airflow/.local/lib/python3.12/site-packages/airflow/example_dags/example_python_decorator.py took 0.128 seconds
[2026-08-12T04:54:58.627+0000] {processor.py:186} INFO - Started process (PID=2783) to work on /home/airflow/.local/lib/python3.12/site-packages/airflow/example_dags/example_python_decorator.py
[2026-08-12T04:54:58.630+0000] {processor.py:914} INFO - Processing file /home/airflow/.local/lib/python3.12/site-packages/airflow/example_dags/example_python_decorator.py for tasks to queue
[2026-08-12T04:54:58.635+0000] {logging_mixin.py:190} INFO - [2026-08-12T04:54:58.634+0000] {dagbag.py:587} INFO - Filling up the DagBag from /home/airflow/.local/lib/python3.12/site-packages/airflow/example_dags/example_python_decorator.py
[2026-08-12T04:54:58.650+0000] {processor.py:925} INFO - DAG(s) 'example_python_decorator' retrieved from /home/airflow/.local/lib/python3.12/site-packages/airflow/example_dags/example_python_decorator.py
[2026-08-12T04:54:58.673+0000] {logging_mixin.py:190} INFO - [2026-08-12T04:54:58.673+0000] {dag.py:3211} INFO - Sync 1 DAGs
[2026-08-12T04:54:58.689+0000] {logging_mixin.py:190} INFO - [2026-08-12T04:54:58.689+0000] {dag.py:4138} INFO - Setting next_dagrun for example_python_decorator to None, run_after=None
[2026-08-12T04:54:58.715+0000] {processor.py:208} INFO - Processing /home/airflow/.local/lib/python3.12/site-packages/airflow/example_dags/example_python_decorator.py took 0.096 seconds
[2026-08-12T04:55:29.644+0000] {processor.py:186} INFO - Started process (PID=2846) to work on /home/airflow/.local/lib/python3.12/site-packages/airflow/example_dags/example_python_decorator.py
[2026-08-12T04:55:29.646+0000] {processor.py:914} INFO - Processing file /home/airflow/.local/lib/python3.12/site-packages/airflow/example_dags/example_python_decorator.py for tasks to queue
[2026-08-12T04:55:29.652+0000] {logging_mixin.py:190} INFO - [2026-08-12T04:55:29.651+0000] {dagbag.py:587} INFO - Filling up the DagBag from /home/airflow/.local/lib/python3.12/site-packages/airflow/example_dags/example_python_decorator.py
[2026-08-12T04:55:29.669+0000] {processor.py:925} INFO - DAG(s) 'example_python_decorator' retrieved from /home/airflow/.local/lib/python3.12/site-packages/airflow/example_dags/example_python_decorator.py
[2026-08-12T04:55:29.694+0000] {logging_mixin.py:190} INFO - [2026-08-12T04:55:29.693+0000] {dag.py:3211} INFO - Sync 1 DAGs
[2026-08-12T04:55:29.709+0000] {logging_mixin.py:190} INFO - [2026-08-12T04:55:29.709+0000] {dag.py:4138} INFO - Setting next_dagrun for example_python_decorator to None, run_after=None
[2026-08-12T04:55:29.732+0000] {processor.py:208} INFO - Processing /home/airflow/.local/lib/python3.12/site-packages/airflow/example_dags/example_python_decorator.py took 0.094 seconds
[2026-08-12T04:56:00.659+0000] {processor.py:186} INFO - Started process (PID=2909) to work on /home/airflow/.local/lib/python3.12/site-packages/airflow/example_dags/example_python_decorator.py
[2026-08-12T04:56:00.661+0000] {processor.py:914} INFO - Processing file /home/airflow/.local/lib/python3.12/site-packages/airflow/example_dags/example_python_decorator.py for tasks to queue
[2026-08-12T04:56:00.664+0000] {logging_mixin.py:190} INFO - [2026-08-12T04:56:00.664+0000] {dagbag.py:587} INFO - Filling up the DagBag from /home/airflow/.local/lib/python3.12/site-packages/airflow/example_dags/example_python_decorator.py
[2026-08-12T04:56:00.681+0000] {processor.py:925} INFO - DAG(s) 'example_python_decorator' retrieved from /home/airflow/.local/lib/python3.12/site-packages/airflow/example_dags/example_python_decorator.py
[2026-08-12T04:56:00.707+0000] {logging_mixin.py:190} INFO - [2026-08-12T04:56:00.707+0000] {dag.py:3211} INFO - Sync 1 DAGs
[2026-08-12T04:56:00.721+0000] {logging_mixin.py:190} INFO - [2026-08-12T04:56:00.721+0000] {dag.py:4138} INFO - Setting next_dagrun for example_python_decorator to None, run_after=None
[2026-08-12T04:56:00.752+0000] {processor.py:208} INFO - Processing /home/airflow/.local/lib/python3.12/site-packages/airflow/example_dags/example_python_decorator.py took 0.100 seconds
[2026-08-12T04:56:31.239+0000] {processor.py:186} INFO - Started process (PID=2972) to work on /home/airflow/.local/lib/python3.12/site-packages/airflow/example_dags/example_python_decorator.py
[2026-08-12T04:56:31.241+0000] {processor.py:914} INFO - Processing file /home/airflow/.local/lib/python3.12/site-packages/airflow/example_dags/example_python_decorator.py for tasks to queue
[2026-08-12T04:56:31.246+0000] {logging_mixin.py:190} INFO - [2026-08-12T04:56:31.245+0000] {dagbag.py:587} INFO - Filling up the DagBag from /home/airflow/.local/lib/python3.12/site-packages/airflow/example_dags/example_python_decorator.py
[2026-08-12T04:56:31.262+0000] {processor.py:925} INFO - DAG(s) 'example_python_decorator' retrieved from /home/airflow/.local/lib/python3.12/site-packages/airflow/example_dags/example_python_decorator.py
[2026-08-12T04:56:31.285+0000] {logging_mixin.py:190} INFO - [2026-08-12T04:56:31.285+0000] {dag.py:3211} INFO - Sync 1 DAGs
[2026-08-12T04:56:31.301+0000] {logging_mixin.py:190} INFO - [2026-08-12T04:56:31.300+0000] {dag.py:4138} INFO - Setting next_dagrun for example_python_decorator to None, run_after=None
[2026-08-12T04:56:31.327+0000] {processor.py:208} INFO - Processing /home/airflow/.local/lib/python3.12/site-packages/airflow/example_dags/example_python_decorator.py took 0.095 seconds
[2026-08-12T04:57:02.011+0000] {processor.py:186} INFO - Started process (PID=3035) to work on /home/airflow/.local/lib/python3.12/site-packages/airflow/example_dags/example_python_decorator.py
[2026-08-12T04:57:02.013+0000] {processor.py:914} INFO - Processing file /home/airflow/.local/lib/python3.12/site-packages/airflow/example_dags/example_python_decorator.py for tasks to queue
[2026-08-12T04:57:02.018+0000] {logging_mixin.py:190} INFO - [2026-08-12T04:57:02.018+0000] {dagbag.py:587} INFO - Filling up the DagBag from /home/airflow/.local/lib/python3.12/site-packages/airflow/example_dags/example_python_decorator.py
[2026-08-12T04:57:02.034+0000] {processor.py:925} INFO - DAG(s) 'example_python_decorator' retrieved from /home/airflow/.local/lib/python3.12/site-packages/airflow/example_dags/example_python_decorator.py
[2026-08-12T04:57:02.059+0000] {logging_mixin.py:190} INFO - [2026-08-12T04:57:02.059+0000] {dag.py:3211} INFO - Sync 1 DAGs
[2026-08-12T04:57:02.076+0000] {logging_mixin.py:190} INFO - [2026-08-12T04:57:02.076+0000] {dag.py:4138} INFO - Setting next_dagrun for example_python_decorator to None, run_after=None
[2026-08-12T04:57:02.104+0000] {processor.py:208} INFO - Processing /home/airflow/.local/lib/python3.12/site-packages/airflow/example_dags/example_python_decorator.py took 0.098 seconds
[2026-08-12T04:57:33.186+0000] {processor.py:186} INFO - Started process (PID=3098) to work on /home/airflow/.local/lib/python3.12/site-packages/airflow/example_dags/example_python_decorator.py
[2026-08-12T04:57:33.190+0000] {processor.py:914} INFO - Processing file /home/airflow/.local/lib/python3.12/site-packages/airflow/example_dags/example_python_decorator.py for tasks to queue
[2026-08-12T04:57:33.194+0000] {logging_mixin.py:190} INFO - [2026-08-12T04:57:33.194+0000] {dagbag.py:587} INFO - Filling up the DagBag from /home/airflow/.local/lib/python3.12/site-packages/airflow/example_dags/example_python_decorator.py
[2026-08-12T04:57:33.213+0000] {processor.py:925} INFO - DAG(s) 'example_python_decorator' retrieved from /home/airflow/.local/lib/python3.12/site-packages/airflow/example_dags/example_python_decorator.py
[2026-08-12T04:57:33.243+0000] {logging_mixin.py:190} INFO - [2026-08-12T04:57:33.243+0000] {dag.py:3211} INFO - Sync 1 DAGs
[2026-08-12T04:57:33.260+0000] {logging_mixin.py:190} INFO - [2026-08-12T04:57:33.259+0000] {dag.py:4138} INFO - Setting next_dagrun for example_python_decorator to None, run_after=None
[2026-08-12T04:57:33.284+0000] {processor.py:208} INFO - Processing /home/airflow/.local/lib/python3.12/site-packages/airflow/example_dags/example_python_decorator.py took 0.107 seconds
[2026-08-12T04:58:03.888+0000] {processor.py:186} INFO - Started process (PID=3161) to work on /home/airflow/.local/lib/python3.12/site-packages/airflow/example_dags/example_python_decorator.py
[2026-08-12T04:58:03.890+0000] {processor.py:914} INFO - Processing file /home/airflow/.local/lib/python3.12/site-packages/airflow/example_dags/example_python_decorator.py for tasks to queue
[2026-08-12T04:58:03.894+0000] {logging_mixin.py:190} INFO - [2026-08-12T04:58:03.894+0000] {dagbag.py:587} INFO - Filling up the DagBag from /home/airflow/.local/lib/python3.12/site-packages/airflow/example_dags/example_python_decorator.py
[2026-08-12T04:58:03.912+0000] {processor.py:925} INFO - DAG(s) 'example_python_decorator' retrieved from /home/airflow/.local/lib/python3.12/site-packages/airflow/example_dags/example_python_decorator.py
[2026-08-12T04:58:03.940+0000] {logging_mixin.py:190} INFO - [2026-08-12T04:58:03.939+0000] {dag.py:3211} INFO - Sync 1 DAGs
[2026-08-12T04:58:03.958+0000] {logging_mixin.py:190} INFO - [2026-08-12T04:58:03.958+0000] {dag.py:4138} INFO - Setting next_dagrun for example_python_decorator to None, run_after=None
[2026-08-12T04:58:03.985+0000] {processor.py:208} INFO - Processing /home/airflow/.local/lib/python3.12/site-packages/airflow/example_dags/example_python_decorator.py took 0.103 seconds
[2026-08-12T04:58:35.141+0000] {processor.py:186} INFO - Started process (PID=3224) to work on /home/airflow/.local/lib/python3.12/site-packages/airflow/example_dags/example_python_decorator.py
[2026-08-12T04:58:35.143+0000] {processor.py:914} INFO - Processing file /home/airflow/.local/lib/python3.12/site-packages/airflow/example_dags/example_python_decorator.py for tasks to queue
[2026-08-12T04:58:35.148+0000] {logging_mixin.py:190} INFO - [2026-08-12T04:58:35.147+0000] {dagbag.py:587} INFO - Filling up the DagBag from /home/airflow/.local/lib/python3.12/site-packages/airflow/example_dags/example_python_decorator.py
[2026-08-12T04:58:35.165+0000] {processor.py:925} INFO - DAG(s) 'example_python_decorator' retrieved from /home/airflow/.local/lib/python3.12/site-packages/airflow/example_dags/example_python_decorator.py
[2026-08-12T04:58:35.190+0000] {logging_mixin.py:190} INFO - [2026-08-12T04:58:35.190+0000] {dag.py:3211} INFO - Sync 1 DAGs
[2026-08-12T04:58:35.206+0000] {logging_mixin.py:190} INFO - [2026-08-12T04:58:35.205+0000] {dag.py:4138} INFO - Setting next_dagrun for example_python_decorator to None, run_after=None
[2026-08-12T04:58:35.230+0000] {processor.py:208} INFO - Processing /home/airflow/.local/lib/python3.12/site-packages/airflow/example_dags/example_python_decorator.py took 0.097 seconds
[2026-08-12T04:59:06.399+0000] {processor.py:186} INFO - Started process (PID=3287) to work on /home/airflow/.local/lib/python3.12/site-packages/airflow/example_dags/example_python_decorator.py
[2026-08-12T04:59:06.402+0000] {processor.py:914} INFO - Processing file /home/airflow/.local/lib/python3.12/site-packages/airflow/example_dags/example_python_decorator.py for tasks to queue
[2026-08-12T04:59:06.406+0000] {logging_mixin.py:190} INFO - [2026-08-12T04:59:06.405+0000] {dagbag.py:587} INFO - Filling up the DagBag from /home/airflow/.local/lib/python3.12/site-packages/airflow/example_dags/example_python_decorator.py
[2026-08-12T04:59:06.422+0000] {processor.py:925} INFO - DAG(s) 'example_python_decorator' retrieved from /home/airflow/.local/lib/python3.12/site-packages/airflow/example_dags/example_python_decorator.py
[2026-08-12T04:59:06.448+0000] {logging_mixin.py:190} INFO - [2026-08-12T04:59:06.447+0000] {dag.py:3211} INFO - Sync 1 DAGs
[2026-08-12T04:59:06.463+0000] {logging_mixin.py:190} INFO - [2026-08-12T04:59:06.463+0000] {dag.py:4138} INFO - Setting next_dagrun for example_python_decorator to None, run_after=None
[2026-08-12T04:59:06.489+0000] {processor.py:208} INFO - Processing /home/airflow/.local/lib/python3.12/site-packages/airflow/example_dags/example_python_decorator.py took 0.095 seconds
[2026-08-12T04:59:37.241+0000] {processor.py:186} INFO - Started process (PID=3350) to work on /home/airflow/.local/lib/python3.12/site-packages/airflow/example_dags/example_python_decorator.py
[2026-08-12T04:59:37.243+0000] {processor.py:914} INFO - Processing file /home/airflow/.local/lib/python3.12/site-packages/airflow/example_dags/example_python_decorator.py for tasks to queue
[2026-08-12T04:59:37.249+0000] {logging_mixin.py:190} INFO - [2026-08-12T04:59:37.248+0000] {dagbag.py:587} INFO - Filling up the DagBag from /home/airflow/.local/lib/python3.12/site-packages/airflow/example_dags/example_python_decorator.py
[2026-08-12T04:59:37.267+0000] {processor.py:925} INFO - DAG(s) 'example_python_decorator' retrieved from /home/airflow/.local/lib/python3.12/site-packages/airflow/example_dags/example_python_decorator.py
[2026-08-12T04:59:37.291+0000] {logging_mixin.py:190} INFO - [2026-08-12T04:59:37.291+0000] {dag.py:3211} INFO - Sync 1 DAGs
[2026-08-12T04:59:37.308+0000] {logging_mixin.py:190} INFO - [2026-08-12T04:59:37.308+0000] {dag.py:4138} INFO - Setting next_dagrun for example_python_decorator to None, run_after=None
[2026-08-12T04:59:37.336+0000] {processor.py:208} INFO - Processing /home/airflow/.local/lib/python3.12/site-packages/airflow/example_dags/example_python_decorator.py took 0.105 seconds
[2026-08-12T05:00:08.017+0000] {processor.py:186} INFO - Started process (PID=3413) to work on /home/airflow/.local/lib/python3.12/site-packages/airflow/example_dags/example_python_decorator.py
[2026-08-12T05:00:08.021+0000] {processor.py:914} INFO - Processing file /home/airflow/.local/lib/python3.12/site-packages/airflow/example_dags/example_python_decorator.py for tasks to queue
[2026-08-12T05:00:08.027+0000] {logging_mixin.py:190} INFO - [2026-08-12T05:00:08.027+0000] {dagbag.py:587} INFO - Filling up the DagBag from /home/airflow/.local/lib/python3.12/site-packages/airflow/example_dags/example_python_decorator.py
[2026-08-12T05:00:08.046+0000] {processor.py:925} INFO - DAG(s) 'example_python_decorator' retrieved from /home/airflow/.local/lib/python3.12/site-packages/airflow/example_dags/example_python_decorator.py
[2026-08-12T05:00:08.071+0000] {logging_mixin.py:190} INFO - [2026-08-12T05:00:08.070+0000] {dag.py:3211} INFO - Sync 1 DAGs
[2026-08-12T05:00:08.085+0000] {logging_mixin.py:190} INFO - [2026-08-12T05:00:08.085+0000] {dag.py:4138} INFO - Setting next_dagrun for example_python_decorator to None, run_after=None
[2026-08-12T05:00:08.112+0000] {processor.py:208} INFO - Processing /home/airflow/.local/lib/python3.12/site-packages/airflow/example_dags/example_python_decorator.py took 0.105 seconds
[2026-08-12T05:00:38.448+0000] {processor.py:186} INFO - Started process (PID=3476) to work on /home/airflow/.local/lib/python3.12/site-packages/airflow/example_dags/example_python_decorator.py
[2026-08-12T05:00:38.450+0000] {processor.py:914} INFO - Processing file /home/airflow/.local/lib/python3.12/site-packages/airflow/example_dags/example_python_decorator.py for tasks to queue
[2026-08-12T05:00:38.455+0000] {logging_mixin.py:190} INFO - [2026-08-12T05:00:38.454+0000] {dagbag.py:587} INFO - Filling up the DagBag from /home/airflow/.local/lib/python3.12/site-packages/airflow/example_dags/example_python_decorator.py
[2026-08-12T05:00:38.474+0000] {processor.py:925} INFO - DAG(s) 'example_python_decorator' retrieved from /home/airflow/.local/lib/python3.12/site-packages/airflow/example_dags/example_python_decorator.py
[2026-08-12T05:00:38.499+0000] {logging_mixin.py:190} INFO - [2026-08-12T05:00:38.499+0000] {dag.py:3211} INFO - Sync 1 DAGs
[2026-08-12T05:00:38.516+0000] {logging_mixin.py:190} INFO - [2026-08-12T05:00:38.515+0000] {dag.py:4138} INFO - Setting next_dagrun for example_python_decorator to None, run_after=None
[2026-08-12T05:00:38.542+0000] {processor.py:208} INFO - Processing /home/airflow/.local/lib/python3.12/site-packages/airflow/example_dags/example_python_decorator.py took 0.107 seconds
[2026-08-12T05:01:09.160+0000] {processor.py:186} INFO - Started process (PID=3539) to work on /home/airflow/.local/lib/python3.12/site-packages/airflow/example_dags/example_python_decorator.py
[2026-08-12T05:01:09.163+0000] {processor.py:914} INFO - Processing file /home/airflow/.local/lib/python3.12/site-packages/airflow/example_dags/example_python_decorator.py for tasks to queue
[2026-08-12T05:01:09.169+0000] {logging_mixin.py:190} INFO - [2026-08-12T05:01:09.168+0000] {dagbag.py:587} INFO - Filling up the DagBag from /home/airflow/.local/lib/python3.12/site-packages/airflow/example_dags/example_python_decorator.py
[2026-08-12T05:01:09.195+0000] {processor.py:925} INFO - DAG(s) 'example_python_decorator' retrieved from /home/airflow/.local/lib/python3.12/site-packages/airflow/example_dags/example_python_decorator.py
[2026-08-12T05:01:09.234+0000] {logging_mixin.py:190} INFO - [2026-08-12T05:01:09.233+0000] {dag.py:3211} INFO - Sync 1 DAGs
[2026-08-12T05:01:09.260+0000] {logging_mixin.py:190} INFO - [2026-08-12T05:01:09.259+0000] {dag.py:4138} INFO - Setting next_dagrun for example_python_decorator to None, run_after=None
[2026-08-12T05:01:09.300+0000] {processor.py:208} INFO - Processing /home/airflow/.local/lib/python3.12/site-packages/airflow/example_dags/example_python_decorator.py took 0.147 seconds
[2026-08-12T05:01:40.025+0000] {processor.py:186} INFO - Started process (PID=3602) to work on /home/airflow/.local/lib/python3.12/site-packages/airflow/example_dags/example_python_decorator.py
[2026-08-12T05:01:40.028+0000] {processor.py:914} INFO - Processing file /home/airflow/.local/lib/python3.12/site-packages/airflow/example_dags/example_python_decorator.py for tasks to queue
[2026-08-12T05:01:40.032+0000] {logging_mixin.py:190} INFO - [2026-08-12T05:01:40.032+0000] {dagbag.py:587} INFO - Filling up the DagBag from /home/airflow/.local/lib/python3.12/site-packages/airflow/example_dags/example_python_decorator.py
[2026-08-12T05:01:40.052+0000] {processor.py:925} INFO - DAG(s) 'example_python_decorator' retrieved from /home/airflow/.local/lib/python3.12/site-packages/airflow/example_dags/example_python_decorator.py
[2026-08-12T05:01:40.084+0000] {logging_mixin.py:190} INFO - [2026-08-12T05:01:40.084+0000] {dag.py:3211} INFO - Sync 1 DAGs
[2026-08-12T05:01:40.102+0000] {logging_mixin.py:190} INFO - [2026-08-12T05:01:40.102+0000] {dag.py:4138} INFO - Setting next_dagrun for example_python_decorator to None, run_after=None
[2026-08-12T05:01:40.130+0000] {processor.py:208} INFO - Processing /home/airflow/.local/lib/python3.12/site-packages/airflow/example_dags/example_python_decorator.py took 0.114 seconds
[2026-08-12T05:02:10.703+0000] {processor.py:186} INFO - Started process (PID=3666) to work on /home/airflow/.local/lib/python3.12/site-packages/airflow/example_dags/example_python_decorator.py
[2026-08-12T05:02:10.705+0000] {processor.py:914} INFO - Processing file /home/airflow/.local/lib/python3.12/site-packages/airflow/example_dags/example_python_decorator.py for tasks to queue
[2026-08-12T05:02:10.709+0000] {logging_mixin.py:190} INFO - [2026-08-12T05:02:10.709+0000] {dagbag.py:587} INFO - Filling up the DagBag from /home/airflow/.local/lib/python3.12/site-packages/airflow/example_dags/example_python_decorator.py
[2026-08-12T05:02:10.725+0000] {processor.py:925} INFO - DAG(s) 'example_python_decorator' retrieved from /home/airflow/.local/lib/python3.12/site-packages/airflow/example_dags/example_python_decorator.py
[2026-08-12T05:02:10.754+0000] {logging_mixin.py:190} INFO - [2026-08-12T05:02:10.753+0000] {dag.py:3211} INFO - Sync 1 DAGs
[2026-08-12T05:02:10.769+0000] {logging_mixin.py:190} INFO - [2026-08-12T05:02:10.768+0000] {dag.py:4138} INFO - Setting next_dagrun for example_python_decorator to None, run_after=None
[2026-08-12T05:02:10.794+0000] {processor.py:208} INFO - Processing /home/airflow/.local/lib/python3.12/site-packages/airflow/example_dags/example_python_decorator.py took 0.097 seconds
[2026-08-12T05:02:42.024+0000] {processor.py:186} INFO - Started process (PID=3729) to work on /home/airflow/.local/lib/python3.12/site-packages/airflow/example_dags/example_python_decorator.py
[2026-08-12T05:02:42.027+0000] {processor.py:914} INFO - Processing file /home/airflow/.local/lib/python3.12/site-packages/airflow/example_dags/example_python_decorator.py for tasks to queue
[2026-08-12T05:02:42.032+0000] {logging_mixin.py:190} INFO - [2026-08-12T05:02:42.032+0000] {dagbag.py:587} INFO - Filling up the DagBag from /home/airflow/.local/lib/python3.12/site-packages/airflow/example_dags/example_python_decorator.py
[2026-08-12T05:02:42.065+0000] {processor.py:925} INFO - DAG(s) 'example_python_decorator' retrieved from /home/airflow/.local/lib/python3.12/site-packages/airflow/example_dags/example_python_decorator.py
[2026-08-12T05:02:42.131+0000] {logging_mixin.py:190} INFO - [2026-08-12T05:02:42.131+0000] {dag.py:3211} INFO - Sync 1 DAGs
[2026-08-12T05:02:42.164+0000] {logging_mixin.py:190} INFO - [2026-08-12T05:02:42.164+0000] {dag.py:4138} INFO - Setting next_dagrun for example_python_decorator to None, run_after=None
[2026-08-12T05:02:42.209+0000] {processor.py:208} INFO - Processing /home/airflow/.local/lib/python3.12/site-packages/airflow/example_dags/example_python_decorator.py took 0.196 seconds
[2026-08-12T05:03:13.055+0000] {processor.py:186} INFO - Started process (PID=3792) to work on /home/airflow/.local/lib/python3.12/site-packages/airflow/example_dags/example_python_decorator.py
[2026-08-12T05:03:13.058+0000] {processor.py:914} INFO - Processing file /home/airflow/.local/lib/python3.12/site-packages/airflow/example_dags/example_python_decorator.py for tasks to queue
[2026-08-12T05:03:13.063+0000] {logging_mixin.py:190} INFO - [2026-08-12T05:03:13.063+0000] {dagbag.py:587} INFO - Filling up the DagBag from /home/airflow/.local/lib/python3.12/site-packages/airflow/example_dags/example_python_decorator.py
[2026-08-12T05:03:13.080+0000] {processor.py:925} INFO - DAG(s) 'example_python_decorator' retrieved from /home/airflow/.local/lib/python3.12/site-packages/airflow/example_dags/example_python_decorator.py
[2026-08-12T05:03:13.112+0000] {logging_mixin.py:190} INFO - [2026-08-12T05:03:13.111+0000] {dag.py:3211} INFO - Sync 1 DAGs
[2026-08-12T05:03:13.133+0000] {logging_mixin.py:190} INFO - [2026-08-12T05:03:13.132+0000] {dag.py:4138} INFO - Setting next_dagrun for example_python_decorator to None, run_after=None
[2026-08-12T05:03:13.165+0000] {processor.py:208} INFO - Processing /home/airflow/.local/lib/python3.12/site-packages/airflow/example_dags/example_python_decorator.py took 0.115 seconds
[2026-08-12T05:03:44.028+0000] {processor.py:186} INFO - Started process (PID=3855) to work on /home/airflow/.local/lib/python3.12/site-packages/airflow/example_dags/example_python_decorator.py
[2026-08-12T05:03:44.030+0000] {processor.py:914} INFO - Processing file /home/airflow/.local/lib/python3.12/site-packages/airflow/example_dags/example_python_decorator.py for tasks to queue
[2026-08-12T05:03:44.036+0000] {logging_mixin.py:190} INFO - [2026-08-12T05:03:44.035+0000] {dagbag.py:587} INFO - Filling up the DagBag from /home/airflow/.local/lib/python3.12/site-packages/airflow/example_dags/example_python_decorator.py
[2026-08-12T05:03:44.067+0000] {processor.py:925} INFO - DAG(s) 'example_python_decorator' retrieved from /home/airflow/.local/lib/python3.12/site-packages/airflow/example_dags/example_python_decorator.py
[2026-08-12T05:03:44.106+0000] {logging_mixin.py:190} INFO - [2026-08-12T05:03:44.106+0000] {dag.py:3211} INFO - Sync 1 DAGs
[2026-08-12T05:03:44.136+0000] {logging_mixin.py:190} INFO - [2026-08-12T05:03:44.135+0000] {dag.py:4138} INFO - Setting next_dagrun for example_python_decorator to None, run_after=None
[2026-08-12T05:03:44.173+0000] {processor.py:208} INFO - Processing /home/airflow/.local/lib/python3.12/site-packages/airflow/example_dags/example_python_decorator.py took 0.157 seconds
[2026-08-12T05:04:14.257+0000] {processor.py:186} INFO - Started process (PID=3917) to work on /home/airflow/.local/lib/python3.12/site-packages/airflow/example_dags/example_python_decorator.py
[2026-08-12T05:04:14.260+0000] {processor.py:914} INFO - Processing file /home/airflow/.local/lib/python3.12/site-packages/airflow/example_dags/example_python_decorator.py for tasks to queue
[2026-08-12T05:04:14.265+0000] {logging_mixin.py:190} INFO - [2026-08-12T05:04:14.264+0000] {dagbag.py:587} INFO - Filling up the DagBag from /home/airflow/.local/lib/python3.12/site-packages/airflow/example_dags/example_python_decorator.py
[2026-08-12T05:04:14.288+0000] {processor.py:925} INFO - DAG(s) 'example_python_decorator' retrieved from /home/airflow/.local/lib/python3.12/site-packages/airflow/example_dags/example_python_decorator.py
[2026-08-12T05:04:14.322+0000] {logging_mixin.py:190} INFO - [2026-08-12T05:04:14.322+0000] {dag.py:3211} INFO - Sync 1 DAGs
[2026-08-12T05:04:14.530+0000] {logging_mixin.py:190} INFO - [2026-08-12T05:04:14.529+0000] {dag.py:4138} INFO - Setting next_dagrun for example_python_decorator to None, run_after=None
[2026-08-12T05:04:14.557+0000] {processor.py:208} INFO - Processing /home/airflow/.local/lib/python3.12/site-packages/airflow/example_dags/example_python_decorator.py took 0.306 seconds
[2026-08-12T05:04:45.671+0000] {processor.py:186} INFO - Started process (PID=3981) to work on /home/airflow/.local/lib/python3.12/site-packages/airflow/example_dags/example_python_decorator.py
[2026-08-12T05:04:45.675+0000] {processor.py:914} INFO - Processing file /home/airflow/.local/lib/python3.12/site-packages/airflow/example_dags/example_python_decorator.py for tasks to queue
[2026-08-12T05:04:45.685+0000] {logging_mixin.py:190} INFO - [2026-08-12T05:04:45.684+0000] {dagbag.py:587} INFO - Filling up the DagBag from /home/airflow/.local/lib/python3.12/site-packages/airflow/example_dags/example_python_decorator.py
[2026-08-12T05:04:45.707+0000] {processor.py:925} INFO - DAG(s) 'example_python_decorator' retrieved from /home/airflow/.local/lib/python3.12/site-packages/airflow/example_dags/example_python_decorator.py
[2026-08-12T05:04:45.739+0000] {logging_mixin.py:190} INFO - [2026-08-12T05:04:45.739+0000] {dag.py:3211} INFO - Sync 1 DAGs
[2026-08-12T05:04:45.760+0000] {logging_mixin.py:190} INFO - [2026-08-12T05:04:45.759+0000] {dag.py:4138} INFO - Setting next_dagrun for example_python_decorator to None, run_after=None
[2026-08-12T05:04:46.025+0000] {processor.py:208} INFO - Processing /home/airflow/.local/lib/python3.12/site-packages/airflow/example_dags/example_python_decorator.py took 0.360 seconds
[2026-08-12T05:05:16.667+0000] {processor.py:186} INFO - Started process (PID=4044) to work on /home/airflow/.local/lib/python3.12/site-packages/airflow/example_dags/example_python_decorator.py
[2026-08-12T05:05:16.670+0000] {processor.py:914} INFO - Processing file /home/airflow/.local/lib/python3.12/site-packages/airflow/example_dags/example_python_decorator.py for tasks to queue
[2026-08-12T05:05:16.673+0000] {logging_mixin.py:190} INFO - [2026-08-12T05:05:16.673+0000] {dagbag.py:587} INFO - Filling up the DagBag from /home/airflow/.local/lib/python3.12/site-packages/airflow/example_dags/example_python_decorator.py
[2026-08-12T05:05:16.690+0000] {processor.py:925} INFO - DAG(s) 'example_python_decorator' retrieved from /home/airflow/.local/lib/python3.12/site-packages/airflow/example_dags/example_python_decorator.py
[2026-08-12T05:05:16.720+0000] {logging_mixin.py:190} INFO - [2026-08-12T05:05:16.720+0000] {dag.py:3211} INFO - Sync 1 DAGs
[2026-08-12T05:05:16.738+0000] {logging_mixin.py:190} INFO - [2026-08-12T05:05:16.737+0000] {dag.py:4138} INFO - Setting next_dagrun for example_python_decorator to None, run_after=None
[2026-08-12T05:05:16.763+0000] {processor.py:208} INFO - Processing /home/airflow/.local/lib/python3.12/site-packages/airflow/example_dags/example_python_decorator.py took 0.105 seconds
[2026-08-12T05:05:47.343+0000] {processor.py:186} INFO - Started process (PID=4107) to work on /home/airflow/.local/lib/python3.12/site-packages/airflow/example_dags/example_python_decorator.py
[2026-08-12T05:05:47.348+0000] {processor.py:914} INFO - Processing file /home/airflow/.local/lib/python3.12/site-packages/airflow/example_dags/example_python_decorator.py for tasks to queue
[2026-08-12T05:05:47.353+0000] {logging_mixin.py:190} INFO - [2026-08-12T05:05:47.353+0000] {dagbag.py:587} INFO - Filling up the DagBag from /home/airflow/.local/lib/python3.12/site-packages/airflow/example_dags/example_python_decorator.py
[2026-08-12T05:05:47.377+0000] {processor.py:925} INFO - DAG(s) 'example_python_decorator' retrieved from /home/airflow/.local/lib/python3.12/site-packages/airflow/example_dags/example_python_decorator.py
[2026-08-12T05:05:47.410+0000] {logging_mixin.py:190} INFO - [2026-08-12T05:05:47.409+0000] {dag.py:3211} INFO - Sync 1 DAGs
[2026-08-12T05:05:47.430+0000] {logging_mixin.py:190} INFO - [2026-08-12T05:05:47.430+0000] {dag.py:4138} INFO - Setting next_dagrun for example_python_decorator to None, run_after=None
[2026-08-12T05:05:47.467+0000] {processor.py:208} INFO - Processing /home/airflow/.local/lib/python3.12/site-packages/airflow/example_dags/example_python_decorator.py took 0.133 seconds
[2026-08-12T05:06:17.714+0000] {processor.py:186} INFO - Started process (PID=4170) to work on /home/airflow/.local/lib/python3.12/site-packages/airflow/example_dags/example_python_decorator.py
[2026-08-12T05:06:17.716+0000] {processor.py:914} INFO - Processing file /home/airflow/.local/lib/python3.12/site-packages/airflow/example_dags/example_python_decorator.py for tasks to queue
[2026-08-12T05:06:17.720+0000] {logging_mixin.py:190} INFO - [2026-08-12T05:06:17.720+0000] {dagbag.py:587} INFO - Filling up the DagBag from /home/airflow/.local/lib/python3.12/site-packages/airflow/example_dags/example_python_decorator.py
[2026-08-12T05:06:17.738+0000] {processor.py:925} INFO - DAG(s) 'example_python_decorator' retrieved from /home/airflow/.local/lib/python3.12/site-packages/airflow/example_dags/example_python_decorator.py
[2026-08-12T05:06:17.766+0000] {logging_mixin.py:190} INFO - [2026-08-12T05:06:17.766+0000] {dag.py:3211} INFO - Sync 1 DAGs
[2026-08-12T05:06:17.787+0000] {logging_mixin.py:190} INFO - [2026-08-12T05:06:17.787+0000] {dag.py:4138} INFO - Setting next_dagrun for example_python_decorator to None, run_after=None
[2026-08-12T05:06:17.820+0000] {processor.py:208} INFO - Processing /home/airflow/.local/lib/python3.12/site-packages/airflow/example_dags/example_python_decorator.py took 0.113 seconds
[2026-08-12T05:06:48.322+0000] {processor.py:186} INFO - Started process (PID=4233) to work on /home/airflow/.local/lib/python3.12/site-packages/airflow/example_dags/example_python_decorator.py
[2026-08-12T05:06:48.324+0000] {processor.py:914} INFO - Processing file /home/airflow/.local/lib/python3.12/site-packages/airflow/example_dags/example_python_decorator.py for tasks to queue
[2026-08-12T05:06:48.329+0000] {logging_mixin.py:190} INFO - [2026-08-12T05:06:48.328+0000] {dagbag.py:587} INFO - Filling up the DagBag from /home/airflow/.local/lib/python3.12/site-packages/airflow/example_dags/example_python_decorator.py
[2026-08-12T05:06:48.347+0000] {processor.py:925} INFO - DAG(s) 'example_python_decorator' retrieved from /home/airflow/.local/lib/python3.12/site-packages/airflow/example_dags/example_python_decorator.py
[2026-08-12T05:06:48.373+0000] {logging_mixin.py:190} INFO - [2026-08-12T05:06:48.373+0000] {dag.py:3211} INFO - Sync 1 DAGs
[2026-08-12T05:06:48.389+0000] {logging_mixin.py:190} INFO - [2026-08-12T05:06:48.389+0000] {dag.py:4138} INFO - Setting next_dagrun for example_python_decorator to None, run_after=None
[2026-08-12T05:06:48.440+0000] {processor.py:208} INFO - Processing /home/airflow/.local/lib/python3.12/site-packages/airflow/example_dags/example_python_decorator.py took 0.128 seconds
[2026-08-12T05:07:19.008+0000] {processor.py:186} INFO - Started process (PID=4296) to work on /home/airflow/.local/lib/python3.12/site-packages/airflow/example_dags/example_python_decorator.py
[2026-08-12T05:07:19.010+0000] {processor.py:914} INFO - Processing file /home/airflow/.local/lib/python3.12/site-packages/airflow/example_dags/example_python_decorator.py for tasks to queue
[2026-08-12T05:07:19.013+0000] {logging_mixin.py:190} INFO - [2026-08-12T05:07:19.012+0000] {dagbag.py:587} INFO - Filling up the DagBag from /home/airflow/.local/lib/python3.12/site-packages/airflow/example_dags/example_python_decorator.py
[2026-08-12T05:07:19.029+0000] {processor.py:925} INFO - DAG(s) 'example_python_decorator' retrieved from /home/airflow/.local/lib/python3.12/site-packages/airflow/example_dags/example_python_decorator.py
[2026-08-12T05:07:19.054+0000] {logging_mixin.py:190} INFO - [2026-08-12T05:07:19.054+0000] {dag.py:3211} INFO - Sync 1 DAGs
[2026-08-12T05:07:19.072+0000] {logging_mixin.py:190} INFO - [2026-08-12T05:07:19.071+0000] {dag.py:4138} INFO - Setting next_dagrun for example_python_decorator to None, run_after=None
[2026-08-12T05:07:19.092+0000] {processor.py:208} INFO - Processing /home/airflow/.local/lib/python3.12/site-packages/airflow/example_dags/example_python_decorator.py took 0.091 seconds
[2026-08-12T05:07:49.781+0000] {processor.py:186} INFO - Started process (PID=4359) to work on /home/airflow/.local/lib/python3.12/site-packages/airflow/example_dags/example_python_decorator.py
[2026-08-12T05:07:49.783+0000] {processor.py:914} INFO - Processing file /home/airflow/.local/lib/python3.12/site-packages/airflow/example_dags/example_python_decorator.py for tasks to queue
[2026-08-12T05:07:49.787+0000] {logging_mixin.py:190} INFO - [2026-08-12T05:07:49.787+0000] {dagbag.py:587} INFO - Filling up the DagBag from /home/airflow/.local/lib/python3.12/site-packages/airflow/example_dags/example_python_decorator.py
[2026-08-12T05:07:49.803+0000] {processor.py:925} INFO - DAG(s) 'example_python_decorator' retrieved from /home/airflow/.local/lib/python3.12/site-packages/airflow/example_dags/example_python_decorator.py
[2026-08-12T05:07:49.830+0000] {logging_mixin.py:190} INFO - [2026-08-12T05:07:49.829+0000] {dag.py:3211} INFO - Sync 1 DAGs
[2026-08-12T05:07:49.845+0000] {logging_mixin.py:190} INFO - [2026-08-12T05:07:49.844+0000] {dag.py:4138} INFO - Setting next_dagrun for example_python_decorator to None, run_after=None
[2026-08-12T05:07:49.870+0000] {processor.py:208} INFO - Processing /home/airflow/.local/lib/python3.12/site-packages/airflow/example_dags/example_python_decorator.py took 0.095 seconds
