[2026-08-12T04:31:06.499+0000] {processor.py:186} INFO - Started process (PID=87) to work on /home/airflow/.local/lib/python3.12/site-packages/airflow/example_dags/example_python_operator.py
[2026-08-12T04:31:06.501+0000] {processor.py:914} INFO - Processing file /home/airflow/.local/lib/python3.12/site-packages/airflow/example_dags/example_python_operator.py for tasks to queue
[2026-08-12T04:31:06.506+0000] {logging_mixin.py:190} INFO - [2026-08-12T04:31:06.505+0000] {dagbag.py:587} INFO - Filling up the DagBag from /home/airflow/.local/lib/python3.12/site-packages/airflow/example_dags/example_python_operator.py
[2026-08-12T04:31:06.527+0000] {processor.py:925} INFO - DAG(s) 'example_python_operator' retrieved from /home/airflow/.local/lib/python3.12/site-packages/airflow/example_dags/example_python_operator.py
[2026-08-12T04:31:06.795+0000] {logging_mixin.py:190} INFO - [2026-08-12T04:31:06.794+0000] {override.py:1858} INFO - Created Permission View: can delete on DAG:example_python_operator
[2026-08-12T04:31:06.818+0000] {logging_mixin.py:190} INFO - [2026-08-12T04:31:06.818+0000] {override.py:1858} INFO - Created Permission View: can read on DAG:example_python_operator
[2026-08-12T04:31:06.832+0000] {logging_mixin.py:190} INFO - [2026-08-12T04:31:06.831+0000] {override.py:1858} INFO - Created Permission View: can edit on DAG:example_python_operator
[2026-08-12T04:31:06.834+0000] {logging_mixin.py:190} INFO - [2026-08-12T04:31:06.834+0000] {dag.py:3211} INFO - Sync 1 DAGs
[2026-08-12T04:31:06.894+0000] {logging_mixin.py:190} INFO - [2026-08-12T04:31:06.894+0000] {dag.py:3234} INFO - Creating ORM DAG for example_python_operator
[2026-08-12T04:31:06.898+0000] {logging_mixin.py:190} INFO - [2026-08-12T04:31:06.898+0000] {dag.py:4138} INFO - Setting next_dagrun for example_python_operator to None, run_after=None
[2026-08-12T04:31:06.950+0000] {processor.py:208} INFO - Processing /home/airflow/.local/lib/python3.12/site-packages/airflow/example_dags/example_python_operator.py took 0.459 seconds
[2026-08-12T04:31:37.173+0000] {processor.py:186} INFO - Started process (PID=149) to work on /home/airflow/.local/lib/python3.12/site-packages/airflow/example_dags/example_python_operator.py
[2026-08-12T04:31:37.175+0000] {processor.py:914} INFO - Processing file /home/airflow/.local/lib/python3.12/site-packages/airflow/example_dags/example_python_operator.py for tasks to queue
[2026-08-12T04:31:37.180+0000] {logging_mixin.py:190} INFO - [2026-08-12T04:31:37.179+0000] {dagbag.py:587} INFO - Filling up the DagBag from /home/airflow/.local/lib/python3.12/site-packages/airflow/example_dags/example_python_operator.py
[2026-08-12T04:31:37.196+0000] {processor.py:925} INFO - DAG(s) 'example_python_operator' retrieved from /home/airflow/.local/lib/python3.12/site-packages/airflow/example_dags/example_python_operator.py
[2026-08-12T04:31:37.222+0000] {logging_mixin.py:190} INFO - [2026-08-12T04:31:37.222+0000] {dag.py:3211} INFO - Sync 1 DAGs
[2026-08-12T04:31:37.239+0000] {logging_mixin.py:190} INFO - [2026-08-12T04:31:37.239+0000] {dag.py:4138} INFO - Setting next_dagrun for example_python_operator to None, run_after=None
[2026-08-12T04:31:37.261+0000] {processor.py:208} INFO - Processing /home/airflow/.local/lib/python3.12/site-packages/airflow/example_dags/example_python_operator.py took 0.095 seconds
[2026-08-12T04:32:55.097+0000] {processor.py:186} INFO - Started process (PID=81) to work on /home/airflow/.local/lib/python3.12/site-packages/airflow/example_dags/example_python_operator.py
[2026-08-12T04:32:55.106+0000] {processor.py:914} INFO - Processing file /home/airflow/.local/lib/python3.12/site-packages/airflow/example_dags/example_python_operator.py for tasks to queue
[2026-08-12T04:32:55.119+0000] {logging_mixin.py:190} INFO - [2026-08-12T04:32:55.117+0000] {dagbag.py:587} INFO - Filling up the DagBag from /home/airflow/.local/lib/python3.12/site-packages/airflow/example_dags/example_python_operator.py
[2026-08-12T04:32:55.180+0000] {processor.py:925} INFO - DAG(s) 'example_python_operator' retrieved from /home/airflow/.local/lib/python3.12/site-packages/airflow/example_dags/example_python_operator.py
[2026-08-12T04:32:55.699+0000] {logging_mixin.py:190} INFO - [2026-08-12T04:32:55.696+0000] {dag.py:3211} INFO - Sync 1 DAGs
[2026-08-12T04:32:55.747+0000] {logging_mixin.py:190} INFO - [2026-08-12T04:32:55.747+0000] {dag.py:4138} INFO - Setting next_dagrun for example_python_operator to None, run_after=None
[2026-08-12T04:32:55.818+0000] {processor.py:208} INFO - Processing /home/airflow/.local/lib/python3.12/site-packages/airflow/example_dags/example_python_operator.py took 0.744 seconds
[2026-08-12T04:33:26.232+0000] {processor.py:186} INFO - Started process (PID=143) to work on /home/airflow/.local/lib/python3.12/site-packages/airflow/example_dags/example_python_operator.py
[2026-08-12T04:33:26.234+0000] {processor.py:914} INFO - Processing file /home/airflow/.local/lib/python3.12/site-packages/airflow/example_dags/example_python_operator.py for tasks to queue
[2026-08-12T04:33:26.239+0000] {logging_mixin.py:190} INFO - [2026-08-12T04:33:26.238+0000] {dagbag.py:587} INFO - Filling up the DagBag from /home/airflow/.local/lib/python3.12/site-packages/airflow/example_dags/example_python_operator.py
[2026-08-12T04:33:26.253+0000] {processor.py:925} INFO - DAG(s) 'example_python_operator' retrieved from /home/airflow/.local/lib/python3.12/site-packages/airflow/example_dags/example_python_operator.py
[2026-08-12T04:33:26.281+0000] {logging_mixin.py:190} INFO - [2026-08-12T04:33:26.280+0000] {dag.py:3211} INFO - Sync 1 DAGs
[2026-08-12T04:33:26.297+0000] {logging_mixin.py:190} INFO - [2026-08-12T04:33:26.297+0000] {dag.py:4138} INFO - Setting next_dagrun for example_python_operator to None, run_after=None
[2026-08-12T04:33:26.323+0000] {processor.py:208} INFO - Processing /home/airflow/.local/lib/python3.12/site-packages/airflow/example_dags/example_python_operator.py took 0.097 seconds
[2026-08-12T04:33:56.959+0000] {processor.py:186} INFO - Started process (PID=205) to work on /home/airflow/.local/lib/python3.12/site-packages/airflow/example_dags/example_python_operator.py
[2026-08-12T04:33:56.962+0000] {processor.py:914} INFO - Processing file /home/airflow/.local/lib/python3.12/site-packages/airflow/example_dags/example_python_operator.py for tasks to queue
[2026-08-12T04:33:56.968+0000] {logging_mixin.py:190} INFO - [2026-08-12T04:33:56.967+0000] {dagbag.py:587} INFO - Filling up the DagBag from /home/airflow/.local/lib/python3.12/site-packages/airflow/example_dags/example_python_operator.py
[2026-08-12T04:33:56.990+0000] {processor.py:925} INFO - DAG(s) 'example_python_operator' retrieved from /home/airflow/.local/lib/python3.12/site-packages/airflow/example_dags/example_python_operator.py
[2026-08-12T04:33:57.020+0000] {logging_mixin.py:190} INFO - [2026-08-12T04:33:57.020+0000] {dag.py:3211} INFO - Sync 1 DAGs
[2026-08-12T04:33:57.037+0000] {logging_mixin.py:190} INFO - [2026-08-12T04:33:57.037+0000] {dag.py:4138} INFO - Setting next_dagrun for example_python_operator to None, run_after=None
[2026-08-12T04:33:57.063+0000] {processor.py:208} INFO - Processing /home/airflow/.local/lib/python3.12/site-packages/airflow/example_dags/example_python_operator.py took 0.112 seconds
[2026-08-12T04:34:27.184+0000] {processor.py:186} INFO - Started process (PID=267) to work on /home/airflow/.local/lib/python3.12/site-packages/airflow/example_dags/example_python_operator.py
[2026-08-12T04:34:27.186+0000] {processor.py:914} INFO - Processing file /home/airflow/.local/lib/python3.12/site-packages/airflow/example_dags/example_python_operator.py for tasks to queue
[2026-08-12T04:34:27.190+0000] {logging_mixin.py:190} INFO - [2026-08-12T04:34:27.190+0000] {dagbag.py:587} INFO - Filling up the DagBag from /home/airflow/.local/lib/python3.12/site-packages/airflow/example_dags/example_python_operator.py
[2026-08-12T04:34:27.205+0000] {processor.py:925} INFO - DAG(s) 'example_python_operator' retrieved from /home/airflow/.local/lib/python3.12/site-packages/airflow/example_dags/example_python_operator.py
[2026-08-12T04:34:27.231+0000] {logging_mixin.py:190} INFO - [2026-08-12T04:34:27.231+0000] {dag.py:3211} INFO - Sync 1 DAGs
[2026-08-12T04:34:27.248+0000] {logging_mixin.py:190} INFO - [2026-08-12T04:34:27.248+0000] {dag.py:4138} INFO - Setting next_dagrun for example_python_operator to None, run_after=None
[2026-08-12T04:34:27.276+0000] {processor.py:208} INFO - Processing /home/airflow/.local/lib/python3.12/site-packages/airflow/example_dags/example_python_operator.py took 0.099 seconds
[2026-08-12T04:34:57.439+0000] {processor.py:186} INFO - Started process (PID=329) to work on /home/airflow/.local/lib/python3.12/site-packages/airflow/example_dags/example_python_operator.py
[2026-08-12T04:34:57.443+0000] {processor.py:914} INFO - Processing file /home/airflow/.local/lib/python3.12/site-packages/airflow/example_dags/example_python_operator.py for tasks to queue
[2026-08-12T04:34:57.448+0000] {logging_mixin.py:190} INFO - [2026-08-12T04:34:57.448+0000] {dagbag.py:587} INFO - Filling up the DagBag from /home/airflow/.local/lib/python3.12/site-packages/airflow/example_dags/example_python_operator.py
[2026-08-12T04:34:57.465+0000] {processor.py:925} INFO - DAG(s) 'example_python_operator' retrieved from /home/airflow/.local/lib/python3.12/site-packages/airflow/example_dags/example_python_operator.py
[2026-08-12T04:34:57.495+0000] {logging_mixin.py:190} INFO - [2026-08-12T04:34:57.495+0000] {dag.py:3211} INFO - Sync 1 DAGs
[2026-08-12T04:34:57.517+0000] {logging_mixin.py:190} INFO - [2026-08-12T04:34:57.517+0000] {dag.py:4138} INFO - Setting next_dagrun for example_python_operator to None, run_after=None
[2026-08-12T04:34:57.545+0000] {processor.py:208} INFO - Processing /home/airflow/.local/lib/python3.12/site-packages/airflow/example_dags/example_python_operator.py took 0.112 seconds
[2026-08-12T04:35:28.329+0000] {processor.py:186} INFO - Started process (PID=391) to work on /home/airflow/.local/lib/python3.12/site-packages/airflow/example_dags/example_python_operator.py
[2026-08-12T04:35:28.332+0000] {processor.py:914} INFO - Processing file /home/airflow/.local/lib/python3.12/site-packages/airflow/example_dags/example_python_operator.py for tasks to queue
[2026-08-12T04:35:28.336+0000] {logging_mixin.py:190} INFO - [2026-08-12T04:35:28.335+0000] {dagbag.py:587} INFO - Filling up the DagBag from /home/airflow/.local/lib/python3.12/site-packages/airflow/example_dags/example_python_operator.py
[2026-08-12T04:35:28.360+0000] {processor.py:925} INFO - DAG(s) 'example_python_operator' retrieved from /home/airflow/.local/lib/python3.12/site-packages/airflow/example_dags/example_python_operator.py
[2026-08-12T04:35:28.405+0000] {logging_mixin.py:190} INFO - [2026-08-12T04:35:28.405+0000] {dag.py:3211} INFO - Sync 1 DAGs
[2026-08-12T04:35:28.430+0000] {logging_mixin.py:190} INFO - [2026-08-12T04:35:28.429+0000] {dag.py:4138} INFO - Setting next_dagrun for example_python_operator to None, run_after=None
[2026-08-12T04:35:28.466+0000] {processor.py:208} INFO - Processing /home/airflow/.local/lib/python3.12/site-packages/airflow/example_dags/example_python_operator.py took 0.144 seconds
[2026-08-12T04:35:58.541+0000] {processor.py:186} INFO - Started process (PID=453) to work on /home/airflow/.local/lib/python3.12/site-packages/airflow/example_dags/example_python_operator.py
[2026-08-12T04:35:58.544+0000] {processor.py:914} INFO - Processing file /home/airflow/.local/lib/python3.12/site-packages/airflow/example_dags/example_python_operator.py for tasks to queue
[2026-08-12T04:35:58.548+0000] {logging_mixin.py:190} INFO - [2026-08-12T04:35:58.547+0000] {dagbag.py:587} INFO - Filling up the DagBag from /home/airflow/.local/lib/python3.12/site-packages/airflow/example_dags/example_python_operator.py
[2026-08-12T04:35:58.562+0000] {processor.py:925} INFO - DAG(s) 'example_python_operator' retrieved from /home/airflow/.local/lib/python3.12/site-packages/airflow/example_dags/example_python_operator.py
[2026-08-12T04:35:58.590+0000] {logging_mixin.py:190} INFO - [2026-08-12T04:35:58.590+0000] {dag.py:3211} INFO - Sync 1 DAGs
[2026-08-12T04:35:58.606+0000] {logging_mixin.py:190} INFO - [2026-08-12T04:35:58.606+0000] {dag.py:4138} INFO - Setting next_dagrun for example_python_operator to None, run_after=None
[2026-08-12T04:35:58.631+0000] {processor.py:208} INFO - Processing /home/airflow/.local/lib/python3.12/site-packages/airflow/example_dags/example_python_operator.py took 0.097 seconds
[2026-08-12T04:36:28.879+0000] {processor.py:186} INFO - Started process (PID=515) to work on /home/airflow/.local/lib/python3.12/site-packages/airflow/example_dags/example_python_operator.py
[2026-08-12T04:36:28.882+0000] {processor.py:914} INFO - Processing file /home/airflow/.local/lib/python3.12/site-packages/airflow/example_dags/example_python_operator.py for tasks to queue
[2026-08-12T04:36:28.888+0000] {logging_mixin.py:190} INFO - [2026-08-12T04:36:28.887+0000] {dagbag.py:587} INFO - Filling up the DagBag from /home/airflow/.local/lib/python3.12/site-packages/airflow/example_dags/example_python_operator.py
[2026-08-12T04:36:28.903+0000] {processor.py:925} INFO - DAG(s) 'example_python_operator' retrieved from /home/airflow/.local/lib/python3.12/site-packages/airflow/example_dags/example_python_operator.py
[2026-08-12T04:36:28.929+0000] {logging_mixin.py:190} INFO - [2026-08-12T04:36:28.929+0000] {dag.py:3211} INFO - Sync 1 DAGs
[2026-08-12T04:36:28.947+0000] {logging_mixin.py:190} INFO - [2026-08-12T04:36:28.947+0000] {dag.py:4138} INFO - Setting next_dagrun for example_python_operator to None, run_after=None
[2026-08-12T04:36:28.969+0000] {processor.py:208} INFO - Processing /home/airflow/.local/lib/python3.12/site-packages/airflow/example_dags/example_python_operator.py took 0.096 seconds
[2026-08-12T04:36:59.545+0000] {processor.py:186} INFO - Started process (PID=577) to work on /home/airflow/.local/lib/python3.12/site-packages/airflow/example_dags/example_python_operator.py
[2026-08-12T04:36:59.548+0000] {processor.py:914} INFO - Processing file /home/airflow/.local/lib/python3.12/site-packages/airflow/example_dags/example_python_operator.py for tasks to queue
[2026-08-12T04:36:59.554+0000] {logging_mixin.py:190} INFO - [2026-08-12T04:36:59.554+0000] {dagbag.py:587} INFO - Filling up the DagBag from /home/airflow/.local/lib/python3.12/site-packages/airflow/example_dags/example_python_operator.py
[2026-08-12T04:36:59.575+0000] {processor.py:925} INFO - DAG(s) 'example_python_operator' retrieved from /home/airflow/.local/lib/python3.12/site-packages/airflow/example_dags/example_python_operator.py
[2026-08-12T04:36:59.611+0000] {logging_mixin.py:190} INFO - [2026-08-12T04:36:59.611+0000] {dag.py:3211} INFO - Sync 1 DAGs
[2026-08-12T04:36:59.629+0000] {logging_mixin.py:190} INFO - [2026-08-12T04:36:59.629+0000] {dag.py:4138} INFO - Setting next_dagrun for example_python_operator to None, run_after=None
[2026-08-12T04:36:59.658+0000] {processor.py:208} INFO - Processing /home/airflow/.local/lib/python3.12/site-packages/airflow/example_dags/example_python_operator.py took 0.121 seconds
[2026-08-12T04:37:29.995+0000] {processor.py:186} INFO - Started process (PID=639) to work on /home/airflow/.local/lib/python3.12/site-packages/airflow/example_dags/example_python_operator.py
[2026-08-12T04:37:29.998+0000] {processor.py:914} INFO - Processing file /home/airflow/.local/lib/python3.12/site-packages/airflow/example_dags/example_python_operator.py for tasks to queue
[2026-08-12T04:37:30.002+0000] {logging_mixin.py:190} INFO - [2026-08-12T04:37:30.001+0000] {dagbag.py:587} INFO - Filling up the DagBag from /home/airflow/.local/lib/python3.12/site-packages/airflow/example_dags/example_python_operator.py
[2026-08-12T04:37:30.019+0000] {processor.py:925} INFO - DAG(s) 'example_python_operator' retrieved from /home/airflow/.local/lib/python3.12/site-packages/airflow/example_dags/example_python_operator.py
[2026-08-12T04:37:30.045+0000] {logging_mixin.py:190} INFO - [2026-08-12T04:37:30.044+0000] {dag.py:3211} INFO - Sync 1 DAGs
[2026-08-12T04:37:30.062+0000] {logging_mixin.py:190} INFO - [2026-08-12T04:37:30.061+0000] {dag.py:4138} INFO - Setting next_dagrun for example_python_operator to None, run_after=None
[2026-08-12T04:37:30.083+0000] {processor.py:208} INFO - Processing /home/airflow/.local/lib/python3.12/site-packages/airflow/example_dags/example_python_operator.py took 0.096 seconds
[2026-08-12T04:38:00.239+0000] {processor.py:186} INFO - Started process (PID=701) to work on /home/airflow/.local/lib/python3.12/site-packages/airflow/example_dags/example_python_operator.py
[2026-08-12T04:38:00.242+0000] {processor.py:914} INFO - Processing file /home/airflow/.local/lib/python3.12/site-packages/airflow/example_dags/example_python_operator.py for tasks to queue
[2026-08-12T04:38:00.252+0000] {logging_mixin.py:190} INFO - [2026-08-12T04:38:00.251+0000] {dagbag.py:587} INFO - Filling up the DagBag from /home/airflow/.local/lib/python3.12/site-packages/airflow/example_dags/example_python_operator.py
[2026-08-12T04:38:00.274+0000] {processor.py:925} INFO - DAG(s) 'example_python_operator' retrieved from /home/airflow/.local/lib/python3.12/site-packages/airflow/example_dags/example_python_operator.py
[2026-08-12T04:38:00.305+0000] {logging_mixin.py:190} INFO - [2026-08-12T04:38:00.305+0000] {dag.py:3211} INFO - Sync 1 DAGs
[2026-08-12T04:38:00.323+0000] {logging_mixin.py:190} INFO - [2026-08-12T04:38:00.323+0000] {dag.py:4138} INFO - Setting next_dagrun for example_python_operator to None, run_after=None
[2026-08-12T04:38:00.349+0000] {processor.py:208} INFO - Processing /home/airflow/.local/lib/python3.12/site-packages/airflow/example_dags/example_python_operator.py took 0.125 seconds
[2026-08-12T04:38:30.419+0000] {processor.py:186} INFO - Started process (PID=762) to work on /home/airflow/.local/lib/python3.12/site-packages/airflow/example_dags/example_python_operator.py
[2026-08-12T04:38:30.421+0000] {processor.py:914} INFO - Processing file /home/airflow/.local/lib/python3.12/site-packages/airflow/example_dags/example_python_operator.py for tasks to queue
[2026-08-12T04:38:30.425+0000] {logging_mixin.py:190} INFO - [2026-08-12T04:38:30.424+0000] {dagbag.py:587} INFO - Filling up the DagBag from /home/airflow/.local/lib/python3.12/site-packages/airflow/example_dags/example_python_operator.py
[2026-08-12T04:38:30.439+0000] {processor.py:925} INFO - DAG(s) 'example_python_operator' retrieved from /home/airflow/.local/lib/python3.12/site-packages/airflow/example_dags/example_python_operator.py
[2026-08-12T04:38:30.467+0000] {logging_mixin.py:190} INFO - [2026-08-12T04:38:30.467+0000] {dag.py:3211} INFO - Sync 1 DAGs
[2026-08-12T04:38:30.485+0000] {logging_mixin.py:190} INFO - [2026-08-12T04:38:30.484+0000] {dag.py:4138} INFO - Setting next_dagrun for example_python_operator to None, run_after=None
[2026-08-12T04:38:30.510+0000] {processor.py:208} INFO - Processing /home/airflow/.local/lib/python3.12/site-packages/airflow/example_dags/example_python_operator.py took 0.098 seconds
[2026-08-12T04:39:00.594+0000] {processor.py:186} INFO - Started process (PID=824) to work on /home/airflow/.local/lib/python3.12/site-packages/airflow/example_dags/example_python_operator.py
[2026-08-12T04:39:00.596+0000] {processor.py:914} INFO - Processing file /home/airflow/.local/lib/python3.12/site-packages/airflow/example_dags/example_python_operator.py for tasks to queue
[2026-08-12T04:39:00.600+0000] {logging_mixin.py:190} INFO - [2026-08-12T04:39:00.599+0000] {dagbag.py:587} INFO - Filling up the DagBag from /home/airflow/.local/lib/python3.12/site-packages/airflow/example_dags/example_python_operator.py
[2026-08-12T04:39:00.620+0000] {processor.py:925} INFO - DAG(s) 'example_python_operator' retrieved from /home/airflow/.local/lib/python3.12/site-packages/airflow/example_dags/example_python_operator.py
[2026-08-12T04:39:00.657+0000] {logging_mixin.py:190} INFO - [2026-08-12T04:39:00.657+0000] {dag.py:3211} INFO - Sync 1 DAGs
[2026-08-12T04:39:00.678+0000] {logging_mixin.py:190} INFO - [2026-08-12T04:39:00.678+0000] {dag.py:4138} INFO - Setting next_dagrun for example_python_operator to None, run_after=None
[2026-08-12T04:39:00.714+0000] {processor.py:208} INFO - Processing /home/airflow/.local/lib/python3.12/site-packages/airflow/example_dags/example_python_operator.py took 0.128 seconds
[2026-08-12T04:39:32.588+0000] {processor.py:186} INFO - Started process (PID=887) to work on /home/airflow/.local/lib/python3.12/site-packages/airflow/example_dags/example_python_operator.py
[2026-08-12T04:39:32.593+0000] {processor.py:914} INFO - Processing file /home/airflow/.local/lib/python3.12/site-packages/airflow/example_dags/example_python_operator.py for tasks to queue
[2026-08-12T04:39:32.600+0000] {logging_mixin.py:190} INFO - [2026-08-12T04:39:32.599+0000] {dagbag.py:587} INFO - Filling up the DagBag from /home/airflow/.local/lib/python3.12/site-packages/airflow/example_dags/example_python_operator.py
[2026-08-12T04:39:32.626+0000] {processor.py:925} INFO - DAG(s) 'example_python_operator' retrieved from /home/airflow/.local/lib/python3.12/site-packages/airflow/example_dags/example_python_operator.py
[2026-08-12T04:39:32.665+0000] {logging_mixin.py:190} INFO - [2026-08-12T04:39:32.665+0000] {dag.py:3211} INFO - Sync 1 DAGs
[2026-08-12T04:39:32.687+0000] {logging_mixin.py:190} INFO - [2026-08-12T04:39:32.686+0000] {dag.py:4138} INFO - Setting next_dagrun for example_python_operator to None, run_after=None
[2026-08-12T04:39:32.722+0000] {processor.py:208} INFO - Processing /home/airflow/.local/lib/python3.12/site-packages/airflow/example_dags/example_python_operator.py took 0.146 seconds
[2026-08-12T04:40:03.216+0000] {processor.py:186} INFO - Started process (PID=949) to work on /home/airflow/.local/lib/python3.12/site-packages/airflow/example_dags/example_python_operator.py
[2026-08-12T04:40:03.219+0000] {processor.py:914} INFO - Processing file /home/airflow/.local/lib/python3.12/site-packages/airflow/example_dags/example_python_operator.py for tasks to queue
[2026-08-12T04:40:03.225+0000] {logging_mixin.py:190} INFO - [2026-08-12T04:40:03.224+0000] {dagbag.py:587} INFO - Filling up the DagBag from /home/airflow/.local/lib/python3.12/site-packages/airflow/example_dags/example_python_operator.py
[2026-08-12T04:40:03.252+0000] {processor.py:925} INFO - DAG(s) 'example_python_operator' retrieved from /home/airflow/.local/lib/python3.12/site-packages/airflow/example_dags/example_python_operator.py
[2026-08-12T04:40:03.289+0000] {logging_mixin.py:190} INFO - [2026-08-12T04:40:03.289+0000] {dag.py:3211} INFO - Sync 1 DAGs
[2026-08-12T04:40:03.306+0000] {logging_mixin.py:190} INFO - [2026-08-12T04:40:03.306+0000] {dag.py:4138} INFO - Setting next_dagrun for example_python_operator to None, run_after=None
[2026-08-12T04:40:03.328+0000] {processor.py:208} INFO - Processing /home/airflow/.local/lib/python3.12/site-packages/airflow/example_dags/example_python_operator.py took 0.118 seconds
[2026-08-12T04:40:33.504+0000] {processor.py:186} INFO - Started process (PID=1011) to work on /home/airflow/.local/lib/python3.12/site-packages/airflow/example_dags/example_python_operator.py
[2026-08-12T04:40:33.507+0000] {processor.py:914} INFO - Processing file /home/airflow/.local/lib/python3.12/site-packages/airflow/example_dags/example_python_operator.py for tasks to queue
[2026-08-12T04:40:33.513+0000] {logging_mixin.py:190} INFO - [2026-08-12T04:40:33.513+0000] {dagbag.py:587} INFO - Filling up the DagBag from /home/airflow/.local/lib/python3.12/site-packages/airflow/example_dags/example_python_operator.py
[2026-08-12T04:40:33.529+0000] {processor.py:925} INFO - DAG(s) 'example_python_operator' retrieved from /home/airflow/.local/lib/python3.12/site-packages/airflow/example_dags/example_python_operator.py
[2026-08-12T04:40:33.554+0000] {logging_mixin.py:190} INFO - [2026-08-12T04:40:33.553+0000] {dag.py:3211} INFO - Sync 1 DAGs
[2026-08-12T04:40:33.569+0000] {logging_mixin.py:190} INFO - [2026-08-12T04:40:33.569+0000] {dag.py:4138} INFO - Setting next_dagrun for example_python_operator to None, run_after=None
[2026-08-12T04:40:33.599+0000] {processor.py:208} INFO - Processing /home/airflow/.local/lib/python3.12/site-packages/airflow/example_dags/example_python_operator.py took 0.102 seconds
[2026-08-12T04:41:03.763+0000] {processor.py:186} INFO - Started process (PID=1073) to work on /home/airflow/.local/lib/python3.12/site-packages/airflow/example_dags/example_python_operator.py
[2026-08-12T04:41:03.765+0000] {processor.py:914} INFO - Processing file /home/airflow/.local/lib/python3.12/site-packages/airflow/example_dags/example_python_operator.py for tasks to queue
[2026-08-12T04:41:03.769+0000] {logging_mixin.py:190} INFO - [2026-08-12T04:41:03.768+0000] {dagbag.py:587} INFO - Filling up the DagBag from /home/airflow/.local/lib/python3.12/site-packages/airflow/example_dags/example_python_operator.py
[2026-08-12T04:41:03.783+0000] {processor.py:925} INFO - DAG(s) 'example_python_operator' retrieved from /home/airflow/.local/lib/python3.12/site-packages/airflow/example_dags/example_python_operator.py
[2026-08-12T04:41:03.808+0000] {logging_mixin.py:190} INFO - [2026-08-12T04:41:03.808+0000] {dag.py:3211} INFO - Sync 1 DAGs
[2026-08-12T04:41:03.823+0000] {logging_mixin.py:190} INFO - [2026-08-12T04:41:03.823+0000] {dag.py:4138} INFO - Setting next_dagrun for example_python_operator to None, run_after=None
[2026-08-12T04:41:03.854+0000] {processor.py:208} INFO - Processing /home/airflow/.local/lib/python3.12/site-packages/airflow/example_dags/example_python_operator.py took 0.097 seconds
[2026-08-12T04:41:34.312+0000] {processor.py:186} INFO - Started process (PID=1135) to work on /home/airflow/.local/lib/python3.12/site-packages/airflow/example_dags/example_python_operator.py
[2026-08-12T04:41:34.315+0000] {processor.py:914} INFO - Processing file /home/airflow/.local/lib/python3.12/site-packages/airflow/example_dags/example_python_operator.py for tasks to queue
[2026-08-12T04:41:34.319+0000] {logging_mixin.py:190} INFO - [2026-08-12T04:41:34.318+0000] {dagbag.py:587} INFO - Filling up the DagBag from /home/airflow/.local/lib/python3.12/site-packages/airflow/example_dags/example_python_operator.py
[2026-08-12T04:41:34.333+0000] {processor.py:925} INFO - DAG(s) 'example_python_operator' retrieved from /home/airflow/.local/lib/python3.12/site-packages/airflow/example_dags/example_python_operator.py
[2026-08-12T04:41:34.360+0000] {logging_mixin.py:190} INFO - [2026-08-12T04:41:34.360+0000] {dag.py:3211} INFO - Sync 1 DAGs
[2026-08-12T04:41:34.375+0000] {logging_mixin.py:190} INFO - [2026-08-12T04:41:34.375+0000] {dag.py:4138} INFO - Setting next_dagrun for example_python_operator to None, run_after=None
[2026-08-12T04:41:34.396+0000] {processor.py:208} INFO - Processing /home/airflow/.local/lib/python3.12/site-packages/airflow/example_dags/example_python_operator.py took 0.094 seconds
[2026-08-12T04:42:05.015+0000] {processor.py:186} INFO - Started process (PID=1197) to work on /home/airflow/.local/lib/python3.12/site-packages/airflow/example_dags/example_python_operator.py
[2026-08-12T04:42:05.019+0000] {processor.py:914} INFO - Processing file /home/airflow/.local/lib/python3.12/site-packages/airflow/example_dags/example_python_operator.py for tasks to queue
[2026-08-12T04:42:05.024+0000] {logging_mixin.py:190} INFO - [2026-08-12T04:42:05.023+0000] {dagbag.py:587} INFO - Filling up the DagBag from /home/airflow/.local/lib/python3.12/site-packages/airflow/example_dags/example_python_operator.py
[2026-08-12T04:42:05.041+0000] {processor.py:925} INFO - DAG(s) 'example_python_operator' retrieved from /home/airflow/.local/lib/python3.12/site-packages/airflow/example_dags/example_python_operator.py
[2026-08-12T04:42:05.069+0000] {logging_mixin.py:190} INFO - [2026-08-12T04:42:05.069+0000] {dag.py:3211} INFO - Sync 1 DAGs
[2026-08-12T04:42:05.086+0000] {logging_mixin.py:190} INFO - [2026-08-12T04:42:05.085+0000] {dag.py:4138} INFO - Setting next_dagrun for example_python_operator to None, run_after=None
[2026-08-12T04:42:05.113+0000] {processor.py:208} INFO - Processing /home/airflow/.local/lib/python3.12/site-packages/airflow/example_dags/example_python_operator.py took 0.107 seconds
[2026-08-12T04:42:35.467+0000] {processor.py:186} INFO - Started process (PID=1259) to work on /home/airflow/.local/lib/python3.12/site-packages/airflow/example_dags/example_python_operator.py
[2026-08-12T04:42:35.470+0000] {processor.py:914} INFO - Processing file /home/airflow/.local/lib/python3.12/site-packages/airflow/example_dags/example_python_operator.py for tasks to queue
[2026-08-12T04:42:35.476+0000] {logging_mixin.py:190} INFO - [2026-08-12T04:42:35.475+0000] {dagbag.py:587} INFO - Filling up the DagBag from /home/airflow/.local/lib/python3.12/site-packages/airflow/example_dags/example_python_operator.py
[2026-08-12T04:42:35.495+0000] {processor.py:925} INFO - DAG(s) 'example_python_operator' retrieved from /home/airflow/.local/lib/python3.12/site-packages/airflow/example_dags/example_python_operator.py
[2026-08-12T04:42:35.529+0000] {logging_mixin.py:190} INFO - [2026-08-12T04:42:35.528+0000] {dag.py:3211} INFO - Sync 1 DAGs
[2026-08-12T04:42:35.548+0000] {logging_mixin.py:190} INFO - [2026-08-12T04:42:35.548+0000] {dag.py:4138} INFO - Setting next_dagrun for example_python_operator to None, run_after=None
[2026-08-12T04:42:35.579+0000] {processor.py:208} INFO - Processing /home/airflow/.local/lib/python3.12/site-packages/airflow/example_dags/example_python_operator.py took 0.120 seconds
[2026-08-12T04:43:06.576+0000] {processor.py:186} INFO - Started process (PID=1321) to work on /home/airflow/.local/lib/python3.12/site-packages/airflow/example_dags/example_python_operator.py
[2026-08-12T04:43:06.579+0000] {processor.py:914} INFO - Processing file /home/airflow/.local/lib/python3.12/site-packages/airflow/example_dags/example_python_operator.py for tasks to queue
[2026-08-12T04:43:06.583+0000] {logging_mixin.py:190} INFO - [2026-08-12T04:43:06.583+0000] {dagbag.py:587} INFO - Filling up the DagBag from /home/airflow/.local/lib/python3.12/site-packages/airflow/example_dags/example_python_operator.py
[2026-08-12T04:43:06.598+0000] {processor.py:925} INFO - DAG(s) 'example_python_operator' retrieved from /home/airflow/.local/lib/python3.12/site-packages/airflow/example_dags/example_python_operator.py
[2026-08-12T04:43:06.621+0000] {logging_mixin.py:190} INFO - [2026-08-12T04:43:06.621+0000] {dag.py:3211} INFO - Sync 1 DAGs
[2026-08-12T04:43:06.640+0000] {logging_mixin.py:190} INFO - [2026-08-12T04:43:06.639+0000] {dag.py:4138} INFO - Setting next_dagrun for example_python_operator to None, run_after=None
[2026-08-12T04:43:06.661+0000] {processor.py:208} INFO - Processing /home/airflow/.local/lib/python3.12/site-packages/airflow/example_dags/example_python_operator.py took 0.094 seconds
[2026-08-12T04:43:36.933+0000] {processor.py:186} INFO - Started process (PID=1384) to work on /home/airflow/.local/lib/python3.12/site-packages/airflow/example_dags/example_python_operator.py
[2026-08-12T04:43:36.935+0000] {processor.py:914} INFO - Processing file /home/airflow/.local/lib/python3.12/site-packages/airflow/example_dags/example_python_operator.py for tasks to queue
[2026-08-12T04:43:36.940+0000] {logging_mixin.py:190} INFO - [2026-08-12T04:43:36.939+0000] {dagbag.py:587} INFO - Filling up the DagBag from /home/airflow/.local/lib/python3.12/site-packages/airflow/example_dags/example_python_operator.py
[2026-08-12T04:43:36.957+0000] {processor.py:925} INFO - DAG(s) 'example_python_operator' retrieved from /home/airflow/.local/lib/python3.12/site-packages/airflow/example_dags/example_python_operator.py
[2026-08-12T04:43:36.983+0000] {logging_mixin.py:190} INFO - [2026-08-12T04:43:36.983+0000] {dag.py:3211} INFO - Sync 1 DAGs
[2026-08-12T04:43:37.000+0000] {logging_mixin.py:190} INFO - [2026-08-12T04:43:37.000+0000] {dag.py:4138} INFO - Setting next_dagrun for example_python_operator to None, run_after=None
[2026-08-12T04:43:37.027+0000] {processor.py:208} INFO - Processing /home/airflow/.local/lib/python3.12/site-packages/airflow/example_dags/example_python_operator.py took 0.101 seconds
[2026-08-12T04:44:07.287+0000] {processor.py:186} INFO - Started process (PID=1446) to work on /home/airflow/.local/lib/python3.12/site-packages/airflow/example_dags/example_python_operator.py
[2026-08-12T04:44:07.290+0000] {processor.py:914} INFO - Processing file /home/airflow/.local/lib/python3.12/site-packages/airflow/example_dags/example_python_operator.py for tasks to queue
[2026-08-12T04:44:07.294+0000] {logging_mixin.py:190} INFO - [2026-08-12T04:44:07.293+0000] {dagbag.py:587} INFO - Filling up the DagBag from /home/airflow/.local/lib/python3.12/site-packages/airflow/example_dags/example_python_operator.py
[2026-08-12T04:44:07.311+0000] {processor.py:925} INFO - DAG(s) 'example_python_operator' retrieved from /home/airflow/.local/lib/python3.12/site-packages/airflow/example_dags/example_python_operator.py
[2026-08-12T04:44:07.338+0000] {logging_mixin.py:190} INFO - [2026-08-12T04:44:07.338+0000] {dag.py:3211} INFO - Sync 1 DAGs
[2026-08-12T04:44:07.356+0000] {logging_mixin.py:190} INFO - [2026-08-12T04:44:07.356+0000] {dag.py:4138} INFO - Setting next_dagrun for example_python_operator to None, run_after=None
[2026-08-12T04:44:07.379+0000] {processor.py:208} INFO - Processing /home/airflow/.local/lib/python3.12/site-packages/airflow/example_dags/example_python_operator.py took 0.098 seconds
[2026-08-12T04:44:37.778+0000] {processor.py:186} INFO - Started process (PID=1508) to work on /home/airflow/.local/lib/python3.12/site-packages/airflow/example_dags/example_python_operator.py
[2026-08-12T04:44:37.780+0000] {processor.py:914} INFO - Processing file /home/airflow/.local/lib/python3.12/site-packages/airflow/example_dags/example_python_operator.py for tasks to queue
[2026-08-12T04:44:37.786+0000] {logging_mixin.py:190} INFO - [2026-08-12T04:44:37.785+0000] {dagbag.py:587} INFO - Filling up the DagBag from /home/airflow/.local/lib/python3.12/site-packages/airflow/example_dags/example_python_operator.py
[2026-08-12T04:44:37.807+0000] {processor.py:925} INFO - DAG(s) 'example_python_operator' retrieved from /home/airflow/.local/lib/python3.12/site-packages/airflow/example_dags/example_python_operator.py
[2026-08-12T04:44:37.837+0000] {logging_mixin.py:190} INFO - [2026-08-12T04:44:37.836+0000] {dag.py:3211} INFO - Sync 1 DAGs
[2026-08-12T04:44:37.856+0000] {logging_mixin.py:190} INFO - [2026-08-12T04:44:37.856+0000] {dag.py:4138} INFO - Setting next_dagrun for example_python_operator to None, run_after=None
[2026-08-12T04:44:37.887+0000] {processor.py:208} INFO - Processing /home/airflow/.local/lib/python3.12/site-packages/airflow/example_dags/example_python_operator.py took 0.118 seconds
[2026-08-12T04:45:08.235+0000] {processor.py:186} INFO - Started process (PID=1569) to work on /home/airflow/.local/lib/python3.12/site-packages/airflow/example_dags/example_python_operator.py
[2026-08-12T04:45:08.237+0000] {processor.py:914} INFO - Processing file /home/airflow/.local/lib/python3.12/site-packages/airflow/example_dags/example_python_operator.py for tasks to queue
[2026-08-12T04:45:08.241+0000] {logging_mixin.py:190} INFO - [2026-08-12T04:45:08.241+0000] {dagbag.py:587} INFO - Filling up the DagBag from /home/airflow/.local/lib/python3.12/site-packages/airflow/example_dags/example_python_operator.py
[2026-08-12T04:45:08.254+0000] {processor.py:925} INFO - DAG(s) 'example_python_operator' retrieved from /home/airflow/.local/lib/python3.12/site-packages/airflow/example_dags/example_python_operator.py
[2026-08-12T04:45:08.278+0000] {logging_mixin.py:190} INFO - [2026-08-12T04:45:08.278+0000] {dag.py:3211} INFO - Sync 1 DAGs
[2026-08-12T04:45:08.294+0000] {logging_mixin.py:190} INFO - [2026-08-12T04:45:08.294+0000] {dag.py:4138} INFO - Setting next_dagrun for example_python_operator to None, run_after=None
[2026-08-12T04:45:08.315+0000] {processor.py:208} INFO - Processing /home/airflow/.local/lib/python3.12/site-packages/airflow/example_dags/example_python_operator.py took 0.086 seconds
[2026-08-12T04:45:39.271+0000] {processor.py:186} INFO - Started process (PID=1631) to work on /home/airflow/.local/lib/python3.12/site-packages/airflow/example_dags/example_python_operator.py
[2026-08-12T04:45:39.275+0000] {processor.py:914} INFO - Processing file /home/airflow/.local/lib/python3.12/site-packages/airflow/example_dags/example_python_operator.py for tasks to queue
[2026-08-12T04:45:39.281+0000] {logging_mixin.py:190} INFO - [2026-08-12T04:45:39.280+0000] {dagbag.py:587} INFO - Filling up the DagBag from /home/airflow/.local/lib/python3.12/site-packages/airflow/example_dags/example_python_operator.py
[2026-08-12T04:45:39.303+0000] {processor.py:925} INFO - DAG(s) 'example_python_operator' retrieved from /home/airflow/.local/lib/python3.12/site-packages/airflow/example_dags/example_python_operator.py
[2026-08-12T04:45:39.331+0000] {logging_mixin.py:190} INFO - [2026-08-12T04:45:39.331+0000] {dag.py:3211} INFO - Sync 1 DAGs
[2026-08-12T04:45:39.350+0000] {logging_mixin.py:190} INFO - [2026-08-12T04:45:39.349+0000] {dag.py:4138} INFO - Setting next_dagrun for example_python_operator to None, run_after=None
[2026-08-12T04:45:39.383+0000] {processor.py:208} INFO - Processing /home/airflow/.local/lib/python3.12/site-packages/airflow/example_dags/example_python_operator.py took 0.123 seconds
[2026-08-12T04:46:10.210+0000] {processor.py:186} INFO - Started process (PID=1693) to work on /home/airflow/.local/lib/python3.12/site-packages/airflow/example_dags/example_python_operator.py
[2026-08-12T04:46:10.213+0000] {processor.py:914} INFO - Processing file /home/airflow/.local/lib/python3.12/site-packages/airflow/example_dags/example_python_operator.py for tasks to queue
[2026-08-12T04:46:10.220+0000] {logging_mixin.py:190} INFO - [2026-08-12T04:46:10.219+0000] {dagbag.py:587} INFO - Filling up the DagBag from /home/airflow/.local/lib/python3.12/site-packages/airflow/example_dags/example_python_operator.py
[2026-08-12T04:46:10.239+0000] {processor.py:925} INFO - DAG(s) 'example_python_operator' retrieved from /home/airflow/.local/lib/python3.12/site-packages/airflow/example_dags/example_python_operator.py
[2026-08-12T04:46:10.269+0000] {logging_mixin.py:190} INFO - [2026-08-12T04:46:10.269+0000] {dag.py:3211} INFO - Sync 1 DAGs
[2026-08-12T04:46:10.292+0000] {logging_mixin.py:190} INFO - [2026-08-12T04:46:10.292+0000] {dag.py:4138} INFO - Setting next_dagrun for example_python_operator to None, run_after=None
[2026-08-12T04:46:10.321+0000] {processor.py:208} INFO - Processing /home/airflow/.local/lib/python3.12/site-packages/airflow/example_dags/example_python_operator.py took 0.121 seconds
[2026-08-12T04:46:40.916+0000] {processor.py:186} INFO - Started process (PID=1755) to work on /home/airflow/.local/lib/python3.12/site-packages/airflow/example_dags/example_python_operator.py
[2026-08-12T04:46:40.921+0000] {processor.py:914} INFO - Processing file /home/airflow/.local/lib/python3.12/site-packages/airflow/example_dags/example_python_operator.py for tasks to queue
[2026-08-12T04:46:40.926+0000] {logging_mixin.py:190} INFO - [2026-08-12T04:46:40.925+0000] {dagbag.py:587} INFO - Filling up the DagBag from /home/airflow/.local/lib/python3.12/site-packages/airflow/example_dags/example_python_operator.py
[2026-08-12T04:46:40.944+0000] {processor.py:925} INFO - DAG(s) 'example_python_operator' retrieved from /home/airflow/.local/lib/python3.12/site-packages/airflow/example_dags/example_python_operator.py
[2026-08-12T04:46:40.968+0000] {logging_mixin.py:190} INFO - [2026-08-12T04:46:40.968+0000] {dag.py:3211} INFO - Sync 1 DAGs
[2026-08-12T04:46:40.985+0000] {logging_mixin.py:190} INFO - [2026-08-12T04:46:40.984+0000] {dag.py:4138} INFO - Setting next_dagrun for example_python_operator to None, run_after=None
[2026-08-12T04:46:41.012+0000] {processor.py:208} INFO - Processing /home/airflow/.local/lib/python3.12/site-packages/airflow/example_dags/example_python_operator.py took 0.107 seconds
[2026-08-12T04:47:11.417+0000] {processor.py:186} INFO - Started process (PID=1818) to work on /home/airflow/.local/lib/python3.12/site-packages/airflow/example_dags/example_python_operator.py
[2026-08-12T04:47:11.420+0000] {processor.py:914} INFO - Processing file /home/airflow/.local/lib/python3.12/site-packages/airflow/example_dags/example_python_operator.py for tasks to queue
[2026-08-12T04:47:11.427+0000] {logging_mixin.py:190} INFO - [2026-08-12T04:47:11.426+0000] {dagbag.py:587} INFO - Filling up the DagBag from /home/airflow/.local/lib/python3.12/site-packages/airflow/example_dags/example_python_operator.py
[2026-08-12T04:47:11.451+0000] {processor.py:925} INFO - DAG(s) 'example_python_operator' retrieved from /home/airflow/.local/lib/python3.12/site-packages/airflow/example_dags/example_python_operator.py
[2026-08-12T04:47:11.494+0000] {logging_mixin.py:190} INFO - [2026-08-12T04:47:11.493+0000] {dag.py:3211} INFO - Sync 1 DAGs
[2026-08-12T04:47:11.516+0000] {logging_mixin.py:190} INFO - [2026-08-12T04:47:11.515+0000] {dag.py:4138} INFO - Setting next_dagrun for example_python_operator to None, run_after=None
[2026-08-12T04:47:11.550+0000] {processor.py:208} INFO - Processing /home/airflow/.local/lib/python3.12/site-packages/airflow/example_dags/example_python_operator.py took 0.143 seconds
[2026-08-12T04:47:42.131+0000] {processor.py:186} INFO - Started process (PID=1880) to work on /home/airflow/.local/lib/python3.12/site-packages/airflow/example_dags/example_python_operator.py
[2026-08-12T04:47:42.133+0000] {processor.py:914} INFO - Processing file /home/airflow/.local/lib/python3.12/site-packages/airflow/example_dags/example_python_operator.py for tasks to queue
[2026-08-12T04:47:42.137+0000] {logging_mixin.py:190} INFO - [2026-08-12T04:47:42.137+0000] {dagbag.py:587} INFO - Filling up the DagBag from /home/airflow/.local/lib/python3.12/site-packages/airflow/example_dags/example_python_operator.py
[2026-08-12T04:47:42.155+0000] {processor.py:925} INFO - DAG(s) 'example_python_operator' retrieved from /home/airflow/.local/lib/python3.12/site-packages/airflow/example_dags/example_python_operator.py
[2026-08-12T04:47:42.183+0000] {logging_mixin.py:190} INFO - [2026-08-12T04:47:42.183+0000] {dag.py:3211} INFO - Sync 1 DAGs
[2026-08-12T04:47:42.199+0000] {logging_mixin.py:190} INFO - [2026-08-12T04:47:42.199+0000] {dag.py:4138} INFO - Setting next_dagrun for example_python_operator to None, run_after=None
[2026-08-12T04:47:42.223+0000] {processor.py:208} INFO - Processing /home/airflow/.local/lib/python3.12/site-packages/airflow/example_dags/example_python_operator.py took 0.099 seconds
