[2026-08-12T04:31:09.122+0000] {processor.py:186} INFO - Started process (PID=97) to work on /home/airflow/.local/lib/python3.12/site-packages/airflow/example_dags/example_outlet_event_extra.py
[2026-08-12T04:31:09.125+0000] {processor.py:914} INFO - Processing file /home/airflow/.local/lib/python3.12/site-packages/airflow/example_dags/example_outlet_event_extra.py for tasks to queue
[2026-08-12T04:31:09.130+0000] {logging_mixin.py:190} INFO - [2026-08-12T04:31:09.129+0000] {dagbag.py:587} INFO - Filling up the DagBag from /home/airflow/.local/lib/python3.12/site-packages/airflow/example_dags/example_outlet_event_extra.py
[2026-08-12T04:31:09.328+0000] {processor.py:925} INFO - DAG(s) 'dataset_with_extra_by_yield', 'dataset_with_extra_by_context', 'dataset_with_extra_from_classic_operator' retrieved from /home/airflow/.local/lib/python3.12/site-packages/airflow/example_dags/example_outlet_event_extra.py
[2026-08-12T04:31:09.453+0000] {logging_mixin.py:190} INFO - [2026-08-12T04:31:09.452+0000] {override.py:1858} INFO - Created Permission View: can delete on DAG:dataset_with_extra_by_yield
[2026-08-12T04:31:09.469+0000] {logging_mixin.py:190} INFO - [2026-08-12T04:31:09.469+0000] {override.py:1858} INFO - Created Permission View: can read on DAG:dataset_with_extra_by_yield
[2026-08-12T04:31:09.481+0000] {logging_mixin.py:190} INFO - [2026-08-12T04:31:09.481+0000] {override.py:1858} INFO - Created Permission View: can edit on DAG:dataset_with_extra_by_yield
[2026-08-12T04:31:09.504+0000] {logging_mixin.py:190} INFO - [2026-08-12T04:31:09.503+0000] {override.py:1858} INFO - Created Permission View: can delete on DAG:dataset_with_extra_by_context
[2026-08-12T04:31:09.516+0000] {logging_mixin.py:190} INFO - [2026-08-12T04:31:09.516+0000] {override.py:1858} INFO - Created Permission View: can read on DAG:dataset_with_extra_by_context
[2026-08-12T04:31:09.529+0000] {logging_mixin.py:190} INFO - [2026-08-12T04:31:09.528+0000] {override.py:1858} INFO - Created Permission View: can edit on DAG:dataset_with_extra_by_context
[2026-08-12T04:31:09.550+0000] {logging_mixin.py:190} INFO - [2026-08-12T04:31:09.550+0000] {override.py:1858} INFO - Created Permission View: can delete on DAG:dataset_with_extra_from_classic_operator
[2026-08-12T04:31:09.561+0000] {logging_mixin.py:190} INFO - [2026-08-12T04:31:09.561+0000] {override.py:1858} INFO - Created Permission View: can read on DAG:dataset_with_extra_from_classic_operator
[2026-08-12T04:31:09.571+0000] {logging_mixin.py:190} INFO - [2026-08-12T04:31:09.571+0000] {override.py:1858} INFO - Created Permission View: can edit on DAG:dataset_with_extra_from_classic_operator
[2026-08-12T04:31:09.573+0000] {logging_mixin.py:190} INFO - [2026-08-12T04:31:09.573+0000] {dag.py:3211} INFO - Sync 3 DAGs
[2026-08-12T04:31:09.596+0000] {logging_mixin.py:190} INFO - [2026-08-12T04:31:09.595+0000] {dag.py:3234} INFO - Creating ORM DAG for dataset_with_extra_by_context
[2026-08-12T04:31:09.599+0000] {logging_mixin.py:190} INFO - [2026-08-12T04:31:09.599+0000] {dag.py:3234} INFO - Creating ORM DAG for dataset_with_extra_by_yield
[2026-08-12T04:31:09.602+0000] {logging_mixin.py:190} INFO - [2026-08-12T04:31:09.601+0000] {dag.py:3234} INFO - Creating ORM DAG for dataset_with_extra_from_classic_operator
[2026-08-12T04:31:09.619+0000] {logging_mixin.py:190} INFO - [2026-08-12T04:31:09.619+0000] {dag.py:4138} INFO - Setting next_dagrun for dataset_with_extra_by_context to 2026-08-11 00:00:00+00:00, run_after=2026-08-12 00:00:00+00:00
[2026-08-12T04:31:09.624+0000] {logging_mixin.py:190} INFO - [2026-08-12T04:31:09.623+0000] {dag.py:4138} INFO - Setting next_dagrun for dataset_with_extra_by_yield to 2026-08-11 00:00:00+00:00, run_after=2026-08-12 00:00:00+00:00
[2026-08-12T04:31:09.627+0000] {logging_mixin.py:190} INFO - [2026-08-12T04:31:09.627+0000] {dag.py:4138} INFO - Setting next_dagrun for dataset_with_extra_from_classic_operator to 2026-08-11 00:00:00+00:00, run_after=2026-08-12 00:00:00+00:00
[2026-08-12T04:31:09.676+0000] {processor.py:208} INFO - Processing /home/airflow/.local/lib/python3.12/site-packages/airflow/example_dags/example_outlet_event_extra.py took 0.563 seconds
[2026-08-12T04:31:40.241+0000] {processor.py:186} INFO - Started process (PID=159) to work on /home/airflow/.local/lib/python3.12/site-packages/airflow/example_dags/example_outlet_event_extra.py
[2026-08-12T04:31:40.247+0000] {processor.py:914} INFO - Processing file /home/airflow/.local/lib/python3.12/site-packages/airflow/example_dags/example_outlet_event_extra.py for tasks to queue
[2026-08-12T04:31:40.252+0000] {logging_mixin.py:190} INFO - [2026-08-12T04:31:40.252+0000] {dagbag.py:587} INFO - Filling up the DagBag from /home/airflow/.local/lib/python3.12/site-packages/airflow/example_dags/example_outlet_event_extra.py
[2026-08-12T04:31:40.411+0000] {processor.py:925} INFO - DAG(s) 'dataset_with_extra_by_yield', 'dataset_with_extra_from_classic_operator', 'dataset_with_extra_by_context' retrieved from /home/airflow/.local/lib/python3.12/site-packages/airflow/example_dags/example_outlet_event_extra.py
[2026-08-12T04:31:40.441+0000] {logging_mixin.py:190} INFO - [2026-08-12T04:31:40.440+0000] {dag.py:3211} INFO - Sync 3 DAGs
[2026-08-12T04:31:40.468+0000] {logging_mixin.py:190} INFO - [2026-08-12T04:31:40.468+0000] {dag.py:4138} INFO - Setting next_dagrun for dataset_with_extra_by_context to 2026-08-11 00:00:00+00:00, run_after=2026-08-12 00:00:00+00:00
[2026-08-12T04:31:40.476+0000] {logging_mixin.py:190} INFO - [2026-08-12T04:31:40.475+0000] {dag.py:4138} INFO - Setting next_dagrun for dataset_with_extra_by_yield to 2026-08-11 00:00:00+00:00, run_after=2026-08-12 00:00:00+00:00
[2026-08-12T04:31:40.480+0000] {logging_mixin.py:190} INFO - [2026-08-12T04:31:40.480+0000] {dag.py:4138} INFO - Setting next_dagrun for dataset_with_extra_from_classic_operator to 2026-08-11 00:00:00+00:00, run_after=2026-08-12 00:00:00+00:00
[2026-08-12T04:31:40.505+0000] {processor.py:208} INFO - Processing /home/airflow/.local/lib/python3.12/site-packages/airflow/example_dags/example_outlet_event_extra.py took 0.280 seconds
[2026-08-12T04:32:58.612+0000] {processor.py:186} INFO - Started process (PID=91) to work on /home/airflow/.local/lib/python3.12/site-packages/airflow/example_dags/example_outlet_event_extra.py
[2026-08-12T04:32:58.615+0000] {processor.py:914} INFO - Processing file /home/airflow/.local/lib/python3.12/site-packages/airflow/example_dags/example_outlet_event_extra.py for tasks to queue
[2026-08-12T04:32:58.621+0000] {logging_mixin.py:190} INFO - [2026-08-12T04:32:58.620+0000] {dagbag.py:587} INFO - Filling up the DagBag from /home/airflow/.local/lib/python3.12/site-packages/airflow/example_dags/example_outlet_event_extra.py
[2026-08-12T04:32:58.828+0000] {processor.py:925} INFO - DAG(s) 'dataset_with_extra_from_classic_operator', 'dataset_with_extra_by_context', 'dataset_with_extra_by_yield' retrieved from /home/airflow/.local/lib/python3.12/site-packages/airflow/example_dags/example_outlet_event_extra.py
[2026-08-12T04:32:58.874+0000] {logging_mixin.py:190} INFO - [2026-08-12T04:32:58.874+0000] {dag.py:3211} INFO - Sync 3 DAGs
[2026-08-12T04:32:58.915+0000] {logging_mixin.py:190} INFO - [2026-08-12T04:32:58.914+0000] {dag.py:4138} INFO - Setting next_dagrun for dataset_with_extra_by_context to 2026-08-11 00:00:00+00:00, run_after=2026-08-12 00:00:00+00:00
[2026-08-12T04:32:58.923+0000] {logging_mixin.py:190} INFO - [2026-08-12T04:32:58.923+0000] {dag.py:4138} INFO - Setting next_dagrun for dataset_with_extra_by_yield to 2026-08-11 00:00:00+00:00, run_after=2026-08-12 00:00:00+00:00
[2026-08-12T04:32:58.928+0000] {logging_mixin.py:190} INFO - [2026-08-12T04:32:58.928+0000] {dag.py:4138} INFO - Setting next_dagrun for dataset_with_extra_from_classic_operator to 2026-08-11 00:00:00+00:00, run_after=2026-08-12 00:00:00+00:00
[2026-08-12T04:32:58.981+0000] {processor.py:208} INFO - Processing /home/airflow/.local/lib/python3.12/site-packages/airflow/example_dags/example_outlet_event_extra.py took 0.377 seconds
[2026-08-12T04:33:29.129+0000] {processor.py:186} INFO - Started process (PID=153) to work on /home/airflow/.local/lib/python3.12/site-packages/airflow/example_dags/example_outlet_event_extra.py
[2026-08-12T04:33:29.132+0000] {processor.py:914} INFO - Processing file /home/airflow/.local/lib/python3.12/site-packages/airflow/example_dags/example_outlet_event_extra.py for tasks to queue
[2026-08-12T04:33:29.136+0000] {logging_mixin.py:190} INFO - [2026-08-12T04:33:29.136+0000] {dagbag.py:587} INFO - Filling up the DagBag from /home/airflow/.local/lib/python3.12/site-packages/airflow/example_dags/example_outlet_event_extra.py
[2026-08-12T04:33:29.346+0000] {processor.py:925} INFO - DAG(s) 'dataset_with_extra_by_yield', 'dataset_with_extra_from_classic_operator', 'dataset_with_extra_by_context' retrieved from /home/airflow/.local/lib/python3.12/site-packages/airflow/example_dags/example_outlet_event_extra.py
[2026-08-12T04:33:29.380+0000] {logging_mixin.py:190} INFO - [2026-08-12T04:33:29.380+0000] {dag.py:3211} INFO - Sync 3 DAGs
[2026-08-12T04:33:29.425+0000] {logging_mixin.py:190} INFO - [2026-08-12T04:33:29.425+0000] {dag.py:4138} INFO - Setting next_dagrun for dataset_with_extra_by_context to 2026-08-11 00:00:00+00:00, run_after=2026-08-12 00:00:00+00:00
[2026-08-12T04:33:29.432+0000] {logging_mixin.py:190} INFO - [2026-08-12T04:33:29.431+0000] {dag.py:4138} INFO - Setting next_dagrun for dataset_with_extra_by_yield to 2026-08-11 00:00:00+00:00, run_after=2026-08-12 00:00:00+00:00
[2026-08-12T04:33:29.435+0000] {logging_mixin.py:190} INFO - [2026-08-12T04:33:29.435+0000] {dag.py:4138} INFO - Setting next_dagrun for dataset_with_extra_from_classic_operator to 2026-08-11 00:00:00+00:00, run_after=2026-08-12 00:00:00+00:00
[2026-08-12T04:33:29.464+0000] {processor.py:208} INFO - Processing /home/airflow/.local/lib/python3.12/site-packages/airflow/example_dags/example_outlet_event_extra.py took 0.347 seconds
[2026-08-12T04:34:00.298+0000] {processor.py:186} INFO - Started process (PID=216) to work on /home/airflow/.local/lib/python3.12/site-packages/airflow/example_dags/example_outlet_event_extra.py
[2026-08-12T04:34:00.302+0000] {processor.py:914} INFO - Processing file /home/airflow/.local/lib/python3.12/site-packages/airflow/example_dags/example_outlet_event_extra.py for tasks to queue
[2026-08-12T04:34:00.309+0000] {logging_mixin.py:190} INFO - [2026-08-12T04:34:00.308+0000] {dagbag.py:587} INFO - Filling up the DagBag from /home/airflow/.local/lib/python3.12/site-packages/airflow/example_dags/example_outlet_event_extra.py
[2026-08-12T04:34:00.489+0000] {processor.py:925} INFO - DAG(s) 'dataset_with_extra_by_context', 'dataset_with_extra_by_yield', 'dataset_with_extra_from_classic_operator' retrieved from /home/airflow/.local/lib/python3.12/site-packages/airflow/example_dags/example_outlet_event_extra.py
[2026-08-12T04:34:00.528+0000] {logging_mixin.py:190} INFO - [2026-08-12T04:34:00.527+0000] {dag.py:3211} INFO - Sync 3 DAGs
[2026-08-12T04:34:00.561+0000] {logging_mixin.py:190} INFO - [2026-08-12T04:34:00.561+0000] {dag.py:4138} INFO - Setting next_dagrun for dataset_with_extra_by_context to 2026-08-11 00:00:00+00:00, run_after=2026-08-12 00:00:00+00:00
[2026-08-12T04:34:00.568+0000] {logging_mixin.py:190} INFO - [2026-08-12T04:34:00.568+0000] {dag.py:4138} INFO - Setting next_dagrun for dataset_with_extra_by_yield to 2026-08-11 00:00:00+00:00, run_after=2026-08-12 00:00:00+00:00
[2026-08-12T04:34:00.572+0000] {logging_mixin.py:190} INFO - [2026-08-12T04:34:00.572+0000] {dag.py:4138} INFO - Setting next_dagrun for dataset_with_extra_from_classic_operator to 2026-08-11 00:00:00+00:00, run_after=2026-08-12 00:00:00+00:00
[2026-08-12T04:34:00.603+0000] {processor.py:208} INFO - Processing /home/airflow/.local/lib/python3.12/site-packages/airflow/example_dags/example_outlet_event_extra.py took 0.317 seconds
[2026-08-12T04:34:31.391+0000] {processor.py:186} INFO - Started process (PID=278) to work on /home/airflow/.local/lib/python3.12/site-packages/airflow/example_dags/example_outlet_event_extra.py
[2026-08-12T04:34:31.394+0000] {processor.py:914} INFO - Processing file /home/airflow/.local/lib/python3.12/site-packages/airflow/example_dags/example_outlet_event_extra.py for tasks to queue
[2026-08-12T04:34:31.399+0000] {logging_mixin.py:190} INFO - [2026-08-12T04:34:31.399+0000] {dagbag.py:587} INFO - Filling up the DagBag from /home/airflow/.local/lib/python3.12/site-packages/airflow/example_dags/example_outlet_event_extra.py
[2026-08-12T04:34:31.631+0000] {processor.py:925} INFO - DAG(s) 'dataset_with_extra_from_classic_operator', 'dataset_with_extra_by_context', 'dataset_with_extra_by_yield' retrieved from /home/airflow/.local/lib/python3.12/site-packages/airflow/example_dags/example_outlet_event_extra.py
[2026-08-12T04:34:31.664+0000] {logging_mixin.py:190} INFO - [2026-08-12T04:34:31.663+0000] {dag.py:3211} INFO - Sync 3 DAGs
[2026-08-12T04:34:31.692+0000] {logging_mixin.py:190} INFO - [2026-08-12T04:34:31.692+0000] {dag.py:4138} INFO - Setting next_dagrun for dataset_with_extra_by_context to 2026-08-11 00:00:00+00:00, run_after=2026-08-12 00:00:00+00:00
[2026-08-12T04:34:31.698+0000] {logging_mixin.py:190} INFO - [2026-08-12T04:34:31.698+0000] {dag.py:4138} INFO - Setting next_dagrun for dataset_with_extra_by_yield to 2026-08-11 00:00:00+00:00, run_after=2026-08-12 00:00:00+00:00
[2026-08-12T04:34:31.702+0000] {logging_mixin.py:190} INFO - [2026-08-12T04:34:31.702+0000] {dag.py:4138} INFO - Setting next_dagrun for dataset_with_extra_from_classic_operator to 2026-08-11 00:00:00+00:00, run_after=2026-08-12 00:00:00+00:00
[2026-08-12T04:34:31.732+0000] {processor.py:208} INFO - Processing /home/airflow/.local/lib/python3.12/site-packages/airflow/example_dags/example_outlet_event_extra.py took 0.354 seconds
[2026-08-12T04:35:01.835+0000] {processor.py:186} INFO - Started process (PID=340) to work on /home/airflow/.local/lib/python3.12/site-packages/airflow/example_dags/example_outlet_event_extra.py
[2026-08-12T04:35:01.841+0000] {processor.py:914} INFO - Processing file /home/airflow/.local/lib/python3.12/site-packages/airflow/example_dags/example_outlet_event_extra.py for tasks to queue
[2026-08-12T04:35:01.848+0000] {logging_mixin.py:190} INFO - [2026-08-12T04:35:01.847+0000] {dagbag.py:587} INFO - Filling up the DagBag from /home/airflow/.local/lib/python3.12/site-packages/airflow/example_dags/example_outlet_event_extra.py
[2026-08-12T04:35:02.014+0000] {processor.py:925} INFO - DAG(s) 'dataset_with_extra_by_yield', 'dataset_with_extra_from_classic_operator', 'dataset_with_extra_by_context' retrieved from /home/airflow/.local/lib/python3.12/site-packages/airflow/example_dags/example_outlet_event_extra.py
[2026-08-12T04:35:02.049+0000] {logging_mixin.py:190} INFO - [2026-08-12T04:35:02.049+0000] {dag.py:3211} INFO - Sync 3 DAGs
[2026-08-12T04:35:02.080+0000] {logging_mixin.py:190} INFO - [2026-08-12T04:35:02.080+0000] {dag.py:4138} INFO - Setting next_dagrun for dataset_with_extra_by_context to 2026-08-11 00:00:00+00:00, run_after=2026-08-12 00:00:00+00:00
[2026-08-12T04:35:02.086+0000] {logging_mixin.py:190} INFO - [2026-08-12T04:35:02.086+0000] {dag.py:4138} INFO - Setting next_dagrun for dataset_with_extra_by_yield to 2026-08-11 00:00:00+00:00, run_after=2026-08-12 00:00:00+00:00
[2026-08-12T04:35:02.091+0000] {logging_mixin.py:190} INFO - [2026-08-12T04:35:02.091+0000] {dag.py:4138} INFO - Setting next_dagrun for dataset_with_extra_from_classic_operator to 2026-08-11 00:00:00+00:00, run_after=2026-08-12 00:00:00+00:00
[2026-08-12T04:35:02.121+0000] {processor.py:208} INFO - Processing /home/airflow/.local/lib/python3.12/site-packages/airflow/example_dags/example_outlet_event_extra.py took 0.297 seconds
[2026-08-12T04:35:32.822+0000] {processor.py:186} INFO - Started process (PID=402) to work on /home/airflow/.local/lib/python3.12/site-packages/airflow/example_dags/example_outlet_event_extra.py
[2026-08-12T04:35:32.824+0000] {processor.py:914} INFO - Processing file /home/airflow/.local/lib/python3.12/site-packages/airflow/example_dags/example_outlet_event_extra.py for tasks to queue
[2026-08-12T04:35:32.829+0000] {logging_mixin.py:190} INFO - [2026-08-12T04:35:32.829+0000] {dagbag.py:587} INFO - Filling up the DagBag from /home/airflow/.local/lib/python3.12/site-packages/airflow/example_dags/example_outlet_event_extra.py
[2026-08-12T04:35:33.005+0000] {processor.py:925} INFO - DAG(s) 'dataset_with_extra_from_classic_operator', 'dataset_with_extra_by_context', 'dataset_with_extra_by_yield' retrieved from /home/airflow/.local/lib/python3.12/site-packages/airflow/example_dags/example_outlet_event_extra.py
[2026-08-12T04:35:33.040+0000] {logging_mixin.py:190} INFO - [2026-08-12T04:35:33.040+0000] {dag.py:3211} INFO - Sync 3 DAGs
[2026-08-12T04:35:33.072+0000] {logging_mixin.py:190} INFO - [2026-08-12T04:35:33.071+0000] {dag.py:4138} INFO - Setting next_dagrun for dataset_with_extra_by_context to 2026-08-11 00:00:00+00:00, run_after=2026-08-12 00:00:00+00:00
[2026-08-12T04:35:33.079+0000] {logging_mixin.py:190} INFO - [2026-08-12T04:35:33.078+0000] {dag.py:4138} INFO - Setting next_dagrun for dataset_with_extra_by_yield to 2026-08-11 00:00:00+00:00, run_after=2026-08-12 00:00:00+00:00
[2026-08-12T04:35:33.084+0000] {logging_mixin.py:190} INFO - [2026-08-12T04:35:33.084+0000] {dag.py:4138} INFO - Setting next_dagrun for dataset_with_extra_from_classic_operator to 2026-08-11 00:00:00+00:00, run_after=2026-08-12 00:00:00+00:00
[2026-08-12T04:35:33.120+0000] {processor.py:208} INFO - Processing /home/airflow/.local/lib/python3.12/site-packages/airflow/example_dags/example_outlet_event_extra.py took 0.306 seconds
[2026-08-12T04:36:03.630+0000] {processor.py:186} INFO - Started process (PID=464) to work on /home/airflow/.local/lib/python3.12/site-packages/airflow/example_dags/example_outlet_event_extra.py
[2026-08-12T04:36:03.633+0000] {processor.py:914} INFO - Processing file /home/airflow/.local/lib/python3.12/site-packages/airflow/example_dags/example_outlet_event_extra.py for tasks to queue
[2026-08-12T04:36:03.638+0000] {logging_mixin.py:190} INFO - [2026-08-12T04:36:03.638+0000] {dagbag.py:587} INFO - Filling up the DagBag from /home/airflow/.local/lib/python3.12/site-packages/airflow/example_dags/example_outlet_event_extra.py
[2026-08-12T04:36:03.827+0000] {processor.py:925} INFO - DAG(s) 'dataset_with_extra_by_context', 'dataset_with_extra_by_yield', 'dataset_with_extra_from_classic_operator' retrieved from /home/airflow/.local/lib/python3.12/site-packages/airflow/example_dags/example_outlet_event_extra.py
[2026-08-12T04:36:03.869+0000] {logging_mixin.py:190} INFO - [2026-08-12T04:36:03.868+0000] {dag.py:3211} INFO - Sync 3 DAGs
[2026-08-12T04:36:03.900+0000] {logging_mixin.py:190} INFO - [2026-08-12T04:36:03.900+0000] {dag.py:4138} INFO - Setting next_dagrun for dataset_with_extra_by_context to 2026-08-11 00:00:00+00:00, run_after=2026-08-12 00:00:00+00:00
[2026-08-12T04:36:03.909+0000] {logging_mixin.py:190} INFO - [2026-08-12T04:36:03.909+0000] {dag.py:4138} INFO - Setting next_dagrun for dataset_with_extra_by_yield to 2026-08-11 00:00:00+00:00, run_after=2026-08-12 00:00:00+00:00
[2026-08-12T04:36:03.914+0000] {logging_mixin.py:190} INFO - [2026-08-12T04:36:03.914+0000] {dag.py:4138} INFO - Setting next_dagrun for dataset_with_extra_from_classic_operator to 2026-08-11 00:00:00+00:00, run_after=2026-08-12 00:00:00+00:00
[2026-08-12T04:36:03.949+0000] {processor.py:208} INFO - Processing /home/airflow/.local/lib/python3.12/site-packages/airflow/example_dags/example_outlet_event_extra.py took 0.326 seconds
[2026-08-12T04:36:34.102+0000] {processor.py:186} INFO - Started process (PID=526) to work on /home/airflow/.local/lib/python3.12/site-packages/airflow/example_dags/example_outlet_event_extra.py
[2026-08-12T04:36:34.104+0000] {processor.py:914} INFO - Processing file /home/airflow/.local/lib/python3.12/site-packages/airflow/example_dags/example_outlet_event_extra.py for tasks to queue
[2026-08-12T04:36:34.107+0000] {logging_mixin.py:190} INFO - [2026-08-12T04:36:34.107+0000] {dagbag.py:587} INFO - Filling up the DagBag from /home/airflow/.local/lib/python3.12/site-packages/airflow/example_dags/example_outlet_event_extra.py
[2026-08-12T04:36:34.282+0000] {processor.py:925} INFO - DAG(s) 'dataset_with_extra_from_classic_operator', 'dataset_with_extra_by_context', 'dataset_with_extra_by_yield' retrieved from /home/airflow/.local/lib/python3.12/site-packages/airflow/example_dags/example_outlet_event_extra.py
[2026-08-12T04:36:34.313+0000] {logging_mixin.py:190} INFO - [2026-08-12T04:36:34.313+0000] {dag.py:3211} INFO - Sync 3 DAGs
[2026-08-12T04:36:34.352+0000] {logging_mixin.py:190} INFO - [2026-08-12T04:36:34.351+0000] {dag.py:4138} INFO - Setting next_dagrun for dataset_with_extra_by_context to 2026-08-11 00:00:00+00:00, run_after=2026-08-12 00:00:00+00:00
[2026-08-12T04:36:34.358+0000] {logging_mixin.py:190} INFO - [2026-08-12T04:36:34.358+0000] {dag.py:4138} INFO - Setting next_dagrun for dataset_with_extra_by_yield to 2026-08-11 00:00:00+00:00, run_after=2026-08-12 00:00:00+00:00
[2026-08-12T04:36:34.362+0000] {logging_mixin.py:190} INFO - [2026-08-12T04:36:34.362+0000] {dag.py:4138} INFO - Setting next_dagrun for dataset_with_extra_from_classic_operator to 2026-08-11 00:00:00+00:00, run_after=2026-08-12 00:00:00+00:00
[2026-08-12T04:36:34.388+0000] {processor.py:208} INFO - Processing /home/airflow/.local/lib/python3.12/site-packages/airflow/example_dags/example_outlet_event_extra.py took 0.292 seconds
[2026-08-12T04:37:04.714+0000] {processor.py:186} INFO - Started process (PID=588) to work on /home/airflow/.local/lib/python3.12/site-packages/airflow/example_dags/example_outlet_event_extra.py
[2026-08-12T04:37:04.718+0000] {processor.py:914} INFO - Processing file /home/airflow/.local/lib/python3.12/site-packages/airflow/example_dags/example_outlet_event_extra.py for tasks to queue
[2026-08-12T04:37:04.723+0000] {logging_mixin.py:190} INFO - [2026-08-12T04:37:04.722+0000] {dagbag.py:587} INFO - Filling up the DagBag from /home/airflow/.local/lib/python3.12/site-packages/airflow/example_dags/example_outlet_event_extra.py
[2026-08-12T04:37:04.902+0000] {processor.py:925} INFO - DAG(s) 'dataset_with_extra_by_context', 'dataset_with_extra_from_classic_operator', 'dataset_with_extra_by_yield' retrieved from /home/airflow/.local/lib/python3.12/site-packages/airflow/example_dags/example_outlet_event_extra.py
[2026-08-12T04:37:04.936+0000] {logging_mixin.py:190} INFO - [2026-08-12T04:37:04.936+0000] {dag.py:3211} INFO - Sync 3 DAGs
[2026-08-12T04:37:04.968+0000] {logging_mixin.py:190} INFO - [2026-08-12T04:37:04.968+0000] {dag.py:4138} INFO - Setting next_dagrun for dataset_with_extra_by_context to 2026-08-11 00:00:00+00:00, run_after=2026-08-12 00:00:00+00:00
[2026-08-12T04:37:04.975+0000] {logging_mixin.py:190} INFO - [2026-08-12T04:37:04.975+0000] {dag.py:4138} INFO - Setting next_dagrun for dataset_with_extra_by_yield to 2026-08-11 00:00:00+00:00, run_after=2026-08-12 00:00:00+00:00
[2026-08-12T04:37:04.979+0000] {logging_mixin.py:190} INFO - [2026-08-12T04:37:04.979+0000] {dag.py:4138} INFO - Setting next_dagrun for dataset_with_extra_from_classic_operator to 2026-08-11 00:00:00+00:00, run_after=2026-08-12 00:00:00+00:00
[2026-08-12T04:37:05.006+0000] {processor.py:208} INFO - Processing /home/airflow/.local/lib/python3.12/site-packages/airflow/example_dags/example_outlet_event_extra.py took 0.305 seconds
[2026-08-12T04:37:35.104+0000] {processor.py:186} INFO - Started process (PID=650) to work on /home/airflow/.local/lib/python3.12/site-packages/airflow/example_dags/example_outlet_event_extra.py
[2026-08-12T04:37:35.108+0000] {processor.py:914} INFO - Processing file /home/airflow/.local/lib/python3.12/site-packages/airflow/example_dags/example_outlet_event_extra.py for tasks to queue
[2026-08-12T04:37:35.114+0000] {logging_mixin.py:190} INFO - [2026-08-12T04:37:35.114+0000] {dagbag.py:587} INFO - Filling up the DagBag from /home/airflow/.local/lib/python3.12/site-packages/airflow/example_dags/example_outlet_event_extra.py
[2026-08-12T04:37:35.273+0000] {processor.py:925} INFO - DAG(s) 'dataset_with_extra_by_yield', 'dataset_with_extra_from_classic_operator', 'dataset_with_extra_by_context' retrieved from /home/airflow/.local/lib/python3.12/site-packages/airflow/example_dags/example_outlet_event_extra.py
[2026-08-12T04:37:35.301+0000] {logging_mixin.py:190} INFO - [2026-08-12T04:37:35.301+0000] {dag.py:3211} INFO - Sync 3 DAGs
[2026-08-12T04:37:35.339+0000] {logging_mixin.py:190} INFO - [2026-08-12T04:37:35.338+0000] {dag.py:4138} INFO - Setting next_dagrun for dataset_with_extra_by_context to 2026-08-11 00:00:00+00:00, run_after=2026-08-12 00:00:00+00:00
[2026-08-12T04:37:35.346+0000] {logging_mixin.py:190} INFO - [2026-08-12T04:37:35.346+0000] {dag.py:4138} INFO - Setting next_dagrun for dataset_with_extra_by_yield to 2026-08-11 00:00:00+00:00, run_after=2026-08-12 00:00:00+00:00
[2026-08-12T04:37:35.350+0000] {logging_mixin.py:190} INFO - [2026-08-12T04:37:35.349+0000] {dag.py:4138} INFO - Setting next_dagrun for dataset_with_extra_from_classic_operator to 2026-08-11 00:00:00+00:00, run_after=2026-08-12 00:00:00+00:00
[2026-08-12T04:37:35.373+0000] {processor.py:208} INFO - Processing /home/airflow/.local/lib/python3.12/site-packages/airflow/example_dags/example_outlet_event_extra.py took 0.278 seconds
[2026-08-12T04:38:05.619+0000] {processor.py:186} INFO - Started process (PID=713) to work on /home/airflow/.local/lib/python3.12/site-packages/airflow/example_dags/example_outlet_event_extra.py
[2026-08-12T04:38:05.622+0000] {processor.py:914} INFO - Processing file /home/airflow/.local/lib/python3.12/site-packages/airflow/example_dags/example_outlet_event_extra.py for tasks to queue
[2026-08-12T04:38:05.627+0000] {logging_mixin.py:190} INFO - [2026-08-12T04:38:05.626+0000] {dagbag.py:587} INFO - Filling up the DagBag from /home/airflow/.local/lib/python3.12/site-packages/airflow/example_dags/example_outlet_event_extra.py
[2026-08-12T04:38:05.769+0000] {processor.py:925} INFO - DAG(s) 'dataset_with_extra_by_context', 'dataset_with_extra_by_yield', 'dataset_with_extra_from_classic_operator' retrieved from /home/airflow/.local/lib/python3.12/site-packages/airflow/example_dags/example_outlet_event_extra.py
[2026-08-12T04:38:05.801+0000] {logging_mixin.py:190} INFO - [2026-08-12T04:38:05.801+0000] {dag.py:3211} INFO - Sync 3 DAGs
[2026-08-12T04:38:05.827+0000] {logging_mixin.py:190} INFO - [2026-08-12T04:38:05.827+0000] {dag.py:4138} INFO - Setting next_dagrun for dataset_with_extra_by_context to 2026-08-11 00:00:00+00:00, run_after=2026-08-12 00:00:00+00:00
[2026-08-12T04:38:05.834+0000] {logging_mixin.py:190} INFO - [2026-08-12T04:38:05.834+0000] {dag.py:4138} INFO - Setting next_dagrun for dataset_with_extra_by_yield to 2026-08-11 00:00:00+00:00, run_after=2026-08-12 00:00:00+00:00
[2026-08-12T04:38:05.839+0000] {logging_mixin.py:190} INFO - [2026-08-12T04:38:05.838+0000] {dag.py:4138} INFO - Setting next_dagrun for dataset_with_extra_from_classic_operator to 2026-08-11 00:00:00+00:00, run_after=2026-08-12 00:00:00+00:00
[2026-08-12T04:38:05.868+0000] {processor.py:208} INFO - Processing /home/airflow/.local/lib/python3.12/site-packages/airflow/example_dags/example_outlet_event_extra.py took 0.254 seconds
[2026-08-12T04:38:36.013+0000] {processor.py:186} INFO - Started process (PID=775) to work on /home/airflow/.local/lib/python3.12/site-packages/airflow/example_dags/example_outlet_event_extra.py
[2026-08-12T04:38:36.016+0000] {processor.py:914} INFO - Processing file /home/airflow/.local/lib/python3.12/site-packages/airflow/example_dags/example_outlet_event_extra.py for tasks to queue
[2026-08-12T04:38:36.021+0000] {logging_mixin.py:190} INFO - [2026-08-12T04:38:36.021+0000] {dagbag.py:587} INFO - Filling up the DagBag from /home/airflow/.local/lib/python3.12/site-packages/airflow/example_dags/example_outlet_event_extra.py
[2026-08-12T04:38:36.164+0000] {processor.py:925} INFO - DAG(s) 'dataset_with_extra_by_context', 'dataset_with_extra_from_classic_operator', 'dataset_with_extra_by_yield' retrieved from /home/airflow/.local/lib/python3.12/site-packages/airflow/example_dags/example_outlet_event_extra.py
[2026-08-12T04:38:36.192+0000] {logging_mixin.py:190} INFO - [2026-08-12T04:38:36.192+0000] {dag.py:3211} INFO - Sync 3 DAGs
[2026-08-12T04:38:36.220+0000] {logging_mixin.py:190} INFO - [2026-08-12T04:38:36.220+0000] {dag.py:4138} INFO - Setting next_dagrun for dataset_with_extra_by_context to 2026-08-11 00:00:00+00:00, run_after=2026-08-12 00:00:00+00:00
[2026-08-12T04:38:36.227+0000] {logging_mixin.py:190} INFO - [2026-08-12T04:38:36.227+0000] {dag.py:4138} INFO - Setting next_dagrun for dataset_with_extra_by_yield to 2026-08-11 00:00:00+00:00, run_after=2026-08-12 00:00:00+00:00
[2026-08-12T04:38:36.231+0000] {logging_mixin.py:190} INFO - [2026-08-12T04:38:36.231+0000] {dag.py:4138} INFO - Setting next_dagrun for dataset_with_extra_from_classic_operator to 2026-08-11 00:00:00+00:00, run_after=2026-08-12 00:00:00+00:00
[2026-08-12T04:38:36.262+0000] {processor.py:208} INFO - Processing /home/airflow/.local/lib/python3.12/site-packages/airflow/example_dags/example_outlet_event_extra.py took 0.257 seconds
[2026-08-12T04:39:06.431+0000] {processor.py:186} INFO - Started process (PID=838) to work on /home/airflow/.local/lib/python3.12/site-packages/airflow/example_dags/example_outlet_event_extra.py
[2026-08-12T04:39:06.433+0000] {processor.py:914} INFO - Processing file /home/airflow/.local/lib/python3.12/site-packages/airflow/example_dags/example_outlet_event_extra.py for tasks to queue
[2026-08-12T04:39:06.437+0000] {logging_mixin.py:190} INFO - [2026-08-12T04:39:06.437+0000] {dagbag.py:587} INFO - Filling up the DagBag from /home/airflow/.local/lib/python3.12/site-packages/airflow/example_dags/example_outlet_event_extra.py
[2026-08-12T04:39:06.617+0000] {processor.py:925} INFO - DAG(s) 'dataset_with_extra_by_yield', 'dataset_with_extra_from_classic_operator', 'dataset_with_extra_by_context' retrieved from /home/airflow/.local/lib/python3.12/site-packages/airflow/example_dags/example_outlet_event_extra.py
[2026-08-12T04:39:06.652+0000] {logging_mixin.py:190} INFO - [2026-08-12T04:39:06.651+0000] {dag.py:3211} INFO - Sync 3 DAGs
[2026-08-12T04:39:06.685+0000] {logging_mixin.py:190} INFO - [2026-08-12T04:39:06.684+0000] {dag.py:4138} INFO - Setting next_dagrun for dataset_with_extra_by_context to 2026-08-11 00:00:00+00:00, run_after=2026-08-12 00:00:00+00:00
[2026-08-12T04:39:06.692+0000] {logging_mixin.py:190} INFO - [2026-08-12T04:39:06.692+0000] {dag.py:4138} INFO - Setting next_dagrun for dataset_with_extra_by_yield to 2026-08-11 00:00:00+00:00, run_after=2026-08-12 00:00:00+00:00
[2026-08-12T04:39:06.697+0000] {logging_mixin.py:190} INFO - [2026-08-12T04:39:06.697+0000] {dag.py:4138} INFO - Setting next_dagrun for dataset_with_extra_from_classic_operator to 2026-08-11 00:00:00+00:00, run_after=2026-08-12 00:00:00+00:00
[2026-08-12T04:39:06.727+0000] {processor.py:208} INFO - Processing /home/airflow/.local/lib/python3.12/site-packages/airflow/example_dags/example_outlet_event_extra.py took 0.303 seconds
[2026-08-12T04:39:36.823+0000] {processor.py:186} INFO - Started process (PID=898) to work on /home/airflow/.local/lib/python3.12/site-packages/airflow/example_dags/example_outlet_event_extra.py
[2026-08-12T04:39:36.826+0000] {processor.py:914} INFO - Processing file /home/airflow/.local/lib/python3.12/site-packages/airflow/example_dags/example_outlet_event_extra.py for tasks to queue
[2026-08-12T04:39:36.831+0000] {logging_mixin.py:190} INFO - [2026-08-12T04:39:36.830+0000] {dagbag.py:587} INFO - Filling up the DagBag from /home/airflow/.local/lib/python3.12/site-packages/airflow/example_dags/example_outlet_event_extra.py
[2026-08-12T04:39:36.975+0000] {processor.py:925} INFO - DAG(s) 'dataset_with_extra_by_context', 'dataset_with_extra_by_yield', 'dataset_with_extra_from_classic_operator' retrieved from /home/airflow/.local/lib/python3.12/site-packages/airflow/example_dags/example_outlet_event_extra.py
[2026-08-12T04:39:37.005+0000] {logging_mixin.py:190} INFO - [2026-08-12T04:39:37.005+0000] {dag.py:3211} INFO - Sync 3 DAGs
[2026-08-12T04:39:37.037+0000] {logging_mixin.py:190} INFO - [2026-08-12T04:39:37.036+0000] {dag.py:4138} INFO - Setting next_dagrun for dataset_with_extra_by_context to 2026-08-11 00:00:00+00:00, run_after=2026-08-12 00:00:00+00:00
[2026-08-12T04:39:37.042+0000] {logging_mixin.py:190} INFO - [2026-08-12T04:39:37.042+0000] {dag.py:4138} INFO - Setting next_dagrun for dataset_with_extra_by_yield to 2026-08-11 00:00:00+00:00, run_after=2026-08-12 00:00:00+00:00
[2026-08-12T04:39:37.046+0000] {logging_mixin.py:190} INFO - [2026-08-12T04:39:37.046+0000] {dag.py:4138} INFO - Setting next_dagrun for dataset_with_extra_from_classic_operator to 2026-08-11 00:00:00+00:00, run_after=2026-08-12 00:00:00+00:00
[2026-08-12T04:39:37.071+0000] {processor.py:208} INFO - Processing /home/airflow/.local/lib/python3.12/site-packages/airflow/example_dags/example_outlet_event_extra.py took 0.255 seconds
[2026-08-12T04:40:07.411+0000] {processor.py:186} INFO - Started process (PID=960) to work on /home/airflow/.local/lib/python3.12/site-packages/airflow/example_dags/example_outlet_event_extra.py
[2026-08-12T04:40:07.414+0000] {processor.py:914} INFO - Processing file /home/airflow/.local/lib/python3.12/site-packages/airflow/example_dags/example_outlet_event_extra.py for tasks to queue
[2026-08-12T04:40:07.421+0000] {logging_mixin.py:190} INFO - [2026-08-12T04:40:07.421+0000] {dagbag.py:587} INFO - Filling up the DagBag from /home/airflow/.local/lib/python3.12/site-packages/airflow/example_dags/example_outlet_event_extra.py
[2026-08-12T04:40:07.577+0000] {processor.py:925} INFO - DAG(s) 'dataset_with_extra_by_yield', 'dataset_with_extra_by_context', 'dataset_with_extra_from_classic_operator' retrieved from /home/airflow/.local/lib/python3.12/site-packages/airflow/example_dags/example_outlet_event_extra.py
[2026-08-12T04:40:07.603+0000] {logging_mixin.py:190} INFO - [2026-08-12T04:40:07.603+0000] {dag.py:3211} INFO - Sync 3 DAGs
[2026-08-12T04:40:07.629+0000] {logging_mixin.py:190} INFO - [2026-08-12T04:40:07.628+0000] {dag.py:4138} INFO - Setting next_dagrun for dataset_with_extra_by_context to 2026-08-11 00:00:00+00:00, run_after=2026-08-12 00:00:00+00:00
[2026-08-12T04:40:07.635+0000] {logging_mixin.py:190} INFO - [2026-08-12T04:40:07.635+0000] {dag.py:4138} INFO - Setting next_dagrun for dataset_with_extra_by_yield to 2026-08-11 00:00:00+00:00, run_after=2026-08-12 00:00:00+00:00
[2026-08-12T04:40:07.641+0000] {logging_mixin.py:190} INFO - [2026-08-12T04:40:07.641+0000] {dag.py:4138} INFO - Setting next_dagrun for dataset_with_extra_from_classic_operator to 2026-08-11 00:00:00+00:00, run_after=2026-08-12 00:00:00+00:00
[2026-08-12T04:40:07.688+0000] {processor.py:208} INFO - Processing /home/airflow/.local/lib/python3.12/site-packages/airflow/example_dags/example_outlet_event_extra.py took 0.286 seconds
[2026-08-12T04:40:37.811+0000] {processor.py:186} INFO - Started process (PID=1023) to work on /home/airflow/.local/lib/python3.12/site-packages/airflow/example_dags/example_outlet_event_extra.py
[2026-08-12T04:40:37.814+0000] {processor.py:914} INFO - Processing file /home/airflow/.local/lib/python3.12/site-packages/airflow/example_dags/example_outlet_event_extra.py for tasks to queue
[2026-08-12T04:40:37.817+0000] {logging_mixin.py:190} INFO - [2026-08-12T04:40:37.817+0000] {dagbag.py:587} INFO - Filling up the DagBag from /home/airflow/.local/lib/python3.12/site-packages/airflow/example_dags/example_outlet_event_extra.py
[2026-08-12T04:40:37.967+0000] {processor.py:925} INFO - DAG(s) 'dataset_with_extra_by_yield', 'dataset_with_extra_from_classic_operator', 'dataset_with_extra_by_context' retrieved from /home/airflow/.local/lib/python3.12/site-packages/airflow/example_dags/example_outlet_event_extra.py
[2026-08-12T04:40:37.996+0000] {logging_mixin.py:190} INFO - [2026-08-12T04:40:37.995+0000] {dag.py:3211} INFO - Sync 3 DAGs
[2026-08-12T04:40:38.022+0000] {logging_mixin.py:190} INFO - [2026-08-12T04:40:38.021+0000] {dag.py:4138} INFO - Setting next_dagrun for dataset_with_extra_by_context to 2026-08-11 00:00:00+00:00, run_after=2026-08-12 00:00:00+00:00
[2026-08-12T04:40:38.028+0000] {logging_mixin.py:190} INFO - [2026-08-12T04:40:38.028+0000] {dag.py:4138} INFO - Setting next_dagrun for dataset_with_extra_by_yield to 2026-08-11 00:00:00+00:00, run_after=2026-08-12 00:00:00+00:00
[2026-08-12T04:40:38.032+0000] {logging_mixin.py:190} INFO - [2026-08-12T04:40:38.032+0000] {dag.py:4138} INFO - Setting next_dagrun for dataset_with_extra_from_classic_operator to 2026-08-11 00:00:00+00:00, run_after=2026-08-12 00:00:00+00:00
[2026-08-12T04:40:38.064+0000] {processor.py:208} INFO - Processing /home/airflow/.local/lib/python3.12/site-packages/airflow/example_dags/example_outlet_event_extra.py took 0.259 seconds
[2026-08-12T04:41:08.136+0000] {processor.py:186} INFO - Started process (PID=1084) to work on /home/airflow/.local/lib/python3.12/site-packages/airflow/example_dags/example_outlet_event_extra.py
[2026-08-12T04:41:08.141+0000] {processor.py:914} INFO - Processing file /home/airflow/.local/lib/python3.12/site-packages/airflow/example_dags/example_outlet_event_extra.py for tasks to queue
[2026-08-12T04:41:08.147+0000] {logging_mixin.py:190} INFO - [2026-08-12T04:41:08.147+0000] {dagbag.py:587} INFO - Filling up the DagBag from /home/airflow/.local/lib/python3.12/site-packages/airflow/example_dags/example_outlet_event_extra.py
[2026-08-12T04:41:08.300+0000] {processor.py:925} INFO - DAG(s) 'dataset_with_extra_by_yield', 'dataset_with_extra_from_classic_operator', 'dataset_with_extra_by_context' retrieved from /home/airflow/.local/lib/python3.12/site-packages/airflow/example_dags/example_outlet_event_extra.py
[2026-08-12T04:41:08.329+0000] {logging_mixin.py:190} INFO - [2026-08-12T04:41:08.328+0000] {dag.py:3211} INFO - Sync 3 DAGs
[2026-08-12T04:41:08.360+0000] {logging_mixin.py:190} INFO - [2026-08-12T04:41:08.360+0000] {dag.py:4138} INFO - Setting next_dagrun for dataset_with_extra_by_context to 2026-08-11 00:00:00+00:00, run_after=2026-08-12 00:00:00+00:00
[2026-08-12T04:41:08.369+0000] {logging_mixin.py:190} INFO - [2026-08-12T04:41:08.369+0000] {dag.py:4138} INFO - Setting next_dagrun for dataset_with_extra_by_yield to 2026-08-11 00:00:00+00:00, run_after=2026-08-12 00:00:00+00:00
[2026-08-12T04:41:08.376+0000] {logging_mixin.py:190} INFO - [2026-08-12T04:41:08.376+0000] {dag.py:4138} INFO - Setting next_dagrun for dataset_with_extra_from_classic_operator to 2026-08-11 00:00:00+00:00, run_after=2026-08-12 00:00:00+00:00
[2026-08-12T04:41:08.407+0000] {processor.py:208} INFO - Processing /home/airflow/.local/lib/python3.12/site-packages/airflow/example_dags/example_outlet_event_extra.py took 0.279 seconds
[2026-08-12T04:41:38.598+0000] {processor.py:186} INFO - Started process (PID=1146) to work on /home/airflow/.local/lib/python3.12/site-packages/airflow/example_dags/example_outlet_event_extra.py
[2026-08-12T04:41:38.601+0000] {processor.py:914} INFO - Processing file /home/airflow/.local/lib/python3.12/site-packages/airflow/example_dags/example_outlet_event_extra.py for tasks to queue
[2026-08-12T04:41:38.609+0000] {logging_mixin.py:190} INFO - [2026-08-12T04:41:38.608+0000] {dagbag.py:587} INFO - Filling up the DagBag from /home/airflow/.local/lib/python3.12/site-packages/airflow/example_dags/example_outlet_event_extra.py
[2026-08-12T04:41:38.794+0000] {processor.py:925} INFO - DAG(s) 'dataset_with_extra_by_context', 'dataset_with_extra_by_yield', 'dataset_with_extra_from_classic_operator' retrieved from /home/airflow/.local/lib/python3.12/site-packages/airflow/example_dags/example_outlet_event_extra.py
[2026-08-12T04:41:38.831+0000] {logging_mixin.py:190} INFO - [2026-08-12T04:41:38.831+0000] {dag.py:3211} INFO - Sync 3 DAGs
[2026-08-12T04:41:38.864+0000] {logging_mixin.py:190} INFO - [2026-08-12T04:41:38.864+0000] {dag.py:4138} INFO - Setting next_dagrun for dataset_with_extra_by_context to 2026-08-11 00:00:00+00:00, run_after=2026-08-12 00:00:00+00:00
[2026-08-12T04:41:38.870+0000] {logging_mixin.py:190} INFO - [2026-08-12T04:41:38.870+0000] {dag.py:4138} INFO - Setting next_dagrun for dataset_with_extra_by_yield to 2026-08-11 00:00:00+00:00, run_after=2026-08-12 00:00:00+00:00
[2026-08-12T04:41:38.876+0000] {logging_mixin.py:190} INFO - [2026-08-12T04:41:38.875+0000] {dag.py:4138} INFO - Setting next_dagrun for dataset_with_extra_from_classic_operator to 2026-08-11 00:00:00+00:00, run_after=2026-08-12 00:00:00+00:00
[2026-08-12T04:41:38.911+0000] {processor.py:208} INFO - Processing /home/airflow/.local/lib/python3.12/site-packages/airflow/example_dags/example_outlet_event_extra.py took 0.319 seconds
[2026-08-12T04:42:09.182+0000] {processor.py:186} INFO - Started process (PID=1208) to work on /home/airflow/.local/lib/python3.12/site-packages/airflow/example_dags/example_outlet_event_extra.py
[2026-08-12T04:42:09.186+0000] {processor.py:914} INFO - Processing file /home/airflow/.local/lib/python3.12/site-packages/airflow/example_dags/example_outlet_event_extra.py for tasks to queue
[2026-08-12T04:42:09.196+0000] {logging_mixin.py:190} INFO - [2026-08-12T04:42:09.195+0000] {dagbag.py:587} INFO - Filling up the DagBag from /home/airflow/.local/lib/python3.12/site-packages/airflow/example_dags/example_outlet_event_extra.py
[2026-08-12T04:42:09.353+0000] {processor.py:925} INFO - DAG(s) 'dataset_with_extra_from_classic_operator', 'dataset_with_extra_by_yield', 'dataset_with_extra_by_context' retrieved from /home/airflow/.local/lib/python3.12/site-packages/airflow/example_dags/example_outlet_event_extra.py
[2026-08-12T04:42:09.380+0000] {logging_mixin.py:190} INFO - [2026-08-12T04:42:09.380+0000] {dag.py:3211} INFO - Sync 3 DAGs
[2026-08-12T04:42:09.406+0000] {logging_mixin.py:190} INFO - [2026-08-12T04:42:09.406+0000] {dag.py:4138} INFO - Setting next_dagrun for dataset_with_extra_by_context to 2026-08-11 00:00:00+00:00, run_after=2026-08-12 00:00:00+00:00
[2026-08-12T04:42:09.412+0000] {logging_mixin.py:190} INFO - [2026-08-12T04:42:09.412+0000] {dag.py:4138} INFO - Setting next_dagrun for dataset_with_extra_by_yield to 2026-08-11 00:00:00+00:00, run_after=2026-08-12 00:00:00+00:00
[2026-08-12T04:42:09.416+0000] {logging_mixin.py:190} INFO - [2026-08-12T04:42:09.416+0000] {dag.py:4138} INFO - Setting next_dagrun for dataset_with_extra_from_classic_operator to 2026-08-11 00:00:00+00:00, run_after=2026-08-12 00:00:00+00:00
[2026-08-12T04:42:09.444+0000] {processor.py:208} INFO - Processing /home/airflow/.local/lib/python3.12/site-packages/airflow/example_dags/example_outlet_event_extra.py took 0.274 seconds
[2026-08-12T04:42:39.833+0000] {processor.py:186} INFO - Started process (PID=1270) to work on /home/airflow/.local/lib/python3.12/site-packages/airflow/example_dags/example_outlet_event_extra.py
[2026-08-12T04:42:39.836+0000] {processor.py:914} INFO - Processing file /home/airflow/.local/lib/python3.12/site-packages/airflow/example_dags/example_outlet_event_extra.py for tasks to queue
[2026-08-12T04:42:39.840+0000] {logging_mixin.py:190} INFO - [2026-08-12T04:42:39.839+0000] {dagbag.py:587} INFO - Filling up the DagBag from /home/airflow/.local/lib/python3.12/site-packages/airflow/example_dags/example_outlet_event_extra.py
[2026-08-12T04:42:39.985+0000] {processor.py:925} INFO - DAG(s) 'dataset_with_extra_by_yield', 'dataset_with_extra_from_classic_operator', 'dataset_with_extra_by_context' retrieved from /home/airflow/.local/lib/python3.12/site-packages/airflow/example_dags/example_outlet_event_extra.py
[2026-08-12T04:42:40.011+0000] {logging_mixin.py:190} INFO - [2026-08-12T04:42:40.011+0000] {dag.py:3211} INFO - Sync 3 DAGs
[2026-08-12T04:42:40.035+0000] {logging_mixin.py:190} INFO - [2026-08-12T04:42:40.034+0000] {dag.py:4138} INFO - Setting next_dagrun for dataset_with_extra_by_context to 2026-08-11 00:00:00+00:00, run_after=2026-08-12 00:00:00+00:00
[2026-08-12T04:42:40.040+0000] {logging_mixin.py:190} INFO - [2026-08-12T04:42:40.040+0000] {dag.py:4138} INFO - Setting next_dagrun for dataset_with_extra_by_yield to 2026-08-11 00:00:00+00:00, run_after=2026-08-12 00:00:00+00:00
[2026-08-12T04:42:40.044+0000] {logging_mixin.py:190} INFO - [2026-08-12T04:42:40.043+0000] {dag.py:4138} INFO - Setting next_dagrun for dataset_with_extra_from_classic_operator to 2026-08-11 00:00:00+00:00, run_after=2026-08-12 00:00:00+00:00
[2026-08-12T04:42:40.070+0000] {processor.py:208} INFO - Processing /home/airflow/.local/lib/python3.12/site-packages/airflow/example_dags/example_outlet_event_extra.py took 0.243 seconds
[2026-08-12T04:43:10.640+0000] {processor.py:186} INFO - Started process (PID=1332) to work on /home/airflow/.local/lib/python3.12/site-packages/airflow/example_dags/example_outlet_event_extra.py
[2026-08-12T04:43:10.643+0000] {processor.py:914} INFO - Processing file /home/airflow/.local/lib/python3.12/site-packages/airflow/example_dags/example_outlet_event_extra.py for tasks to queue
[2026-08-12T04:43:10.647+0000] {logging_mixin.py:190} INFO - [2026-08-12T04:43:10.647+0000] {dagbag.py:587} INFO - Filling up the DagBag from /home/airflow/.local/lib/python3.12/site-packages/airflow/example_dags/example_outlet_event_extra.py
[2026-08-12T04:43:10.795+0000] {processor.py:925} INFO - DAG(s) 'dataset_with_extra_by_yield', 'dataset_with_extra_by_context', 'dataset_with_extra_from_classic_operator' retrieved from /home/airflow/.local/lib/python3.12/site-packages/airflow/example_dags/example_outlet_event_extra.py
[2026-08-12T04:43:10.825+0000] {logging_mixin.py:190} INFO - [2026-08-12T04:43:10.825+0000] {dag.py:3211} INFO - Sync 3 DAGs
[2026-08-12T04:43:10.851+0000] {logging_mixin.py:190} INFO - [2026-08-12T04:43:10.851+0000] {dag.py:4138} INFO - Setting next_dagrun for dataset_with_extra_by_context to 2026-08-11 00:00:00+00:00, run_after=2026-08-12 00:00:00+00:00
[2026-08-12T04:43:10.858+0000] {logging_mixin.py:190} INFO - [2026-08-12T04:43:10.857+0000] {dag.py:4138} INFO - Setting next_dagrun for dataset_with_extra_by_yield to 2026-08-11 00:00:00+00:00, run_after=2026-08-12 00:00:00+00:00
[2026-08-12T04:43:10.862+0000] {logging_mixin.py:190} INFO - [2026-08-12T04:43:10.862+0000] {dag.py:4138} INFO - Setting next_dagrun for dataset_with_extra_from_classic_operator to 2026-08-11 00:00:00+00:00, run_after=2026-08-12 00:00:00+00:00
[2026-08-12T04:43:10.893+0000] {processor.py:208} INFO - Processing /home/airflow/.local/lib/python3.12/site-packages/airflow/example_dags/example_outlet_event_extra.py took 0.264 seconds
[2026-08-12T04:43:41.002+0000] {processor.py:186} INFO - Started process (PID=1394) to work on /home/airflow/.local/lib/python3.12/site-packages/airflow/example_dags/example_outlet_event_extra.py
[2026-08-12T04:43:41.005+0000] {processor.py:914} INFO - Processing file /home/airflow/.local/lib/python3.12/site-packages/airflow/example_dags/example_outlet_event_extra.py for tasks to queue
[2026-08-12T04:43:41.012+0000] {logging_mixin.py:190} INFO - [2026-08-12T04:43:41.010+0000] {dagbag.py:587} INFO - Filling up the DagBag from /home/airflow/.local/lib/python3.12/site-packages/airflow/example_dags/example_outlet_event_extra.py
[2026-08-12T04:43:41.162+0000] {processor.py:925} INFO - DAG(s) 'dataset_with_extra_from_classic_operator', 'dataset_with_extra_by_yield', 'dataset_with_extra_by_context' retrieved from /home/airflow/.local/lib/python3.12/site-packages/airflow/example_dags/example_outlet_event_extra.py
[2026-08-12T04:43:41.200+0000] {logging_mixin.py:190} INFO - [2026-08-12T04:43:41.200+0000] {dag.py:3211} INFO - Sync 3 DAGs
[2026-08-12T04:43:41.228+0000] {logging_mixin.py:190} INFO - [2026-08-12T04:43:41.228+0000] {dag.py:4138} INFO - Setting next_dagrun for dataset_with_extra_by_context to 2026-08-11 00:00:00+00:00, run_after=2026-08-12 00:00:00+00:00
[2026-08-12T04:43:41.234+0000] {logging_mixin.py:190} INFO - [2026-08-12T04:43:41.234+0000] {dag.py:4138} INFO - Setting next_dagrun for dataset_with_extra_by_yield to 2026-08-11 00:00:00+00:00, run_after=2026-08-12 00:00:00+00:00
[2026-08-12T04:43:41.238+0000] {logging_mixin.py:190} INFO - [2026-08-12T04:43:41.238+0000] {dag.py:4138} INFO - Setting next_dagrun for dataset_with_extra_from_classic_operator to 2026-08-11 00:00:00+00:00, run_after=2026-08-12 00:00:00+00:00
[2026-08-12T04:43:41.266+0000] {processor.py:208} INFO - Processing /home/airflow/.local/lib/python3.12/site-packages/airflow/example_dags/example_outlet_event_extra.py took 0.273 seconds
[2026-08-12T04:44:11.426+0000] {processor.py:186} INFO - Started process (PID=1456) to work on /home/airflow/.local/lib/python3.12/site-packages/airflow/example_dags/example_outlet_event_extra.py
[2026-08-12T04:44:11.430+0000] {processor.py:914} INFO - Processing file /home/airflow/.local/lib/python3.12/site-packages/airflow/example_dags/example_outlet_event_extra.py for tasks to queue
[2026-08-12T04:44:11.440+0000] {logging_mixin.py:190} INFO - [2026-08-12T04:44:11.439+0000] {dagbag.py:587} INFO - Filling up the DagBag from /home/airflow/.local/lib/python3.12/site-packages/airflow/example_dags/example_outlet_event_extra.py
[2026-08-12T04:44:11.652+0000] {processor.py:925} INFO - DAG(s) 'dataset_with_extra_from_classic_operator', 'dataset_with_extra_by_context', 'dataset_with_extra_by_yield' retrieved from /home/airflow/.local/lib/python3.12/site-packages/airflow/example_dags/example_outlet_event_extra.py
[2026-08-12T04:44:11.688+0000] {logging_mixin.py:190} INFO - [2026-08-12T04:44:11.688+0000] {dag.py:3211} INFO - Sync 3 DAGs
[2026-08-12T04:44:11.722+0000] {logging_mixin.py:190} INFO - [2026-08-12T04:44:11.721+0000] {dag.py:4138} INFO - Setting next_dagrun for dataset_with_extra_by_context to 2026-08-11 00:00:00+00:00, run_after=2026-08-12 00:00:00+00:00
[2026-08-12T04:44:11.727+0000] {logging_mixin.py:190} INFO - [2026-08-12T04:44:11.727+0000] {dag.py:4138} INFO - Setting next_dagrun for dataset_with_extra_by_yield to 2026-08-11 00:00:00+00:00, run_after=2026-08-12 00:00:00+00:00
[2026-08-12T04:44:11.731+0000] {logging_mixin.py:190} INFO - [2026-08-12T04:44:11.731+0000] {dag.py:4138} INFO - Setting next_dagrun for dataset_with_extra_from_classic_operator to 2026-08-11 00:00:00+00:00, run_after=2026-08-12 00:00:00+00:00
[2026-08-12T04:44:11.759+0000] {processor.py:208} INFO - Processing /home/airflow/.local/lib/python3.12/site-packages/airflow/example_dags/example_outlet_event_extra.py took 0.347 seconds
[2026-08-12T04:44:41.936+0000] {processor.py:186} INFO - Started process (PID=1519) to work on /home/airflow/.local/lib/python3.12/site-packages/airflow/example_dags/example_outlet_event_extra.py
[2026-08-12T04:44:41.940+0000] {processor.py:914} INFO - Processing file /home/airflow/.local/lib/python3.12/site-packages/airflow/example_dags/example_outlet_event_extra.py for tasks to queue
[2026-08-12T04:44:41.950+0000] {logging_mixin.py:190} INFO - [2026-08-12T04:44:41.949+0000] {dagbag.py:587} INFO - Filling up the DagBag from /home/airflow/.local/lib/python3.12/site-packages/airflow/example_dags/example_outlet_event_extra.py
[2026-08-12T04:44:42.123+0000] {processor.py:925} INFO - DAG(s) 'dataset_with_extra_from_classic_operator', 'dataset_with_extra_by_yield', 'dataset_with_extra_by_context' retrieved from /home/airflow/.local/lib/python3.12/site-packages/airflow/example_dags/example_outlet_event_extra.py
[2026-08-12T04:44:42.154+0000] {logging_mixin.py:190} INFO - [2026-08-12T04:44:42.153+0000] {dag.py:3211} INFO - Sync 3 DAGs
[2026-08-12T04:44:42.179+0000] {logging_mixin.py:190} INFO - [2026-08-12T04:44:42.178+0000] {dag.py:4138} INFO - Setting next_dagrun for dataset_with_extra_by_context to 2026-08-11 00:00:00+00:00, run_after=2026-08-12 00:00:00+00:00
[2026-08-12T04:44:42.185+0000] {logging_mixin.py:190} INFO - [2026-08-12T04:44:42.185+0000] {dag.py:4138} INFO - Setting next_dagrun for dataset_with_extra_by_yield to 2026-08-11 00:00:00+00:00, run_after=2026-08-12 00:00:00+00:00
[2026-08-12T04:44:42.188+0000] {logging_mixin.py:190} INFO - [2026-08-12T04:44:42.188+0000] {dag.py:4138} INFO - Setting next_dagrun for dataset_with_extra_from_classic_operator to 2026-08-11 00:00:00+00:00, run_after=2026-08-12 00:00:00+00:00
[2026-08-12T04:44:42.221+0000] {processor.py:208} INFO - Processing /home/airflow/.local/lib/python3.12/site-packages/airflow/example_dags/example_outlet_event_extra.py took 0.295 seconds
[2026-08-12T04:45:12.390+0000] {processor.py:186} INFO - Started process (PID=1582) to work on /home/airflow/.local/lib/python3.12/site-packages/airflow/example_dags/example_outlet_event_extra.py
[2026-08-12T04:45:12.392+0000] {processor.py:914} INFO - Processing file /home/airflow/.local/lib/python3.12/site-packages/airflow/example_dags/example_outlet_event_extra.py for tasks to queue
[2026-08-12T04:45:12.397+0000] {logging_mixin.py:190} INFO - [2026-08-12T04:45:12.397+0000] {dagbag.py:587} INFO - Filling up the DagBag from /home/airflow/.local/lib/python3.12/site-packages/airflow/example_dags/example_outlet_event_extra.py
[2026-08-12T04:45:12.552+0000] {processor.py:925} INFO - DAG(s) 'dataset_with_extra_by_context', 'dataset_with_extra_from_classic_operator', 'dataset_with_extra_by_yield' retrieved from /home/airflow/.local/lib/python3.12/site-packages/airflow/example_dags/example_outlet_event_extra.py
[2026-08-12T04:45:12.584+0000] {logging_mixin.py:190} INFO - [2026-08-12T04:45:12.584+0000] {dag.py:3211} INFO - Sync 3 DAGs
[2026-08-12T04:45:12.612+0000] {logging_mixin.py:190} INFO - [2026-08-12T04:45:12.611+0000] {dag.py:4138} INFO - Setting next_dagrun for dataset_with_extra_by_context to 2026-08-11 00:00:00+00:00, run_after=2026-08-12 00:00:00+00:00
[2026-08-12T04:45:12.619+0000] {logging_mixin.py:190} INFO - [2026-08-12T04:45:12.619+0000] {dag.py:4138} INFO - Setting next_dagrun for dataset_with_extra_by_yield to 2026-08-11 00:00:00+00:00, run_after=2026-08-12 00:00:00+00:00
[2026-08-12T04:45:12.624+0000] {logging_mixin.py:190} INFO - [2026-08-12T04:45:12.623+0000] {dag.py:4138} INFO - Setting next_dagrun for dataset_with_extra_from_classic_operator to 2026-08-11 00:00:00+00:00, run_after=2026-08-12 00:00:00+00:00
[2026-08-12T04:45:12.647+0000] {processor.py:208} INFO - Processing /home/airflow/.local/lib/python3.12/site-packages/airflow/example_dags/example_outlet_event_extra.py took 0.264 seconds
[2026-08-12T04:45:42.770+0000] {processor.py:186} INFO - Started process (PID=1644) to work on /home/airflow/.local/lib/python3.12/site-packages/airflow/example_dags/example_outlet_event_extra.py
[2026-08-12T04:45:42.772+0000] {processor.py:914} INFO - Processing file /home/airflow/.local/lib/python3.12/site-packages/airflow/example_dags/example_outlet_event_extra.py for tasks to queue
[2026-08-12T04:45:42.776+0000] {logging_mixin.py:190} INFO - [2026-08-12T04:45:42.775+0000] {dagbag.py:587} INFO - Filling up the DagBag from /home/airflow/.local/lib/python3.12/site-packages/airflow/example_dags/example_outlet_event_extra.py
[2026-08-12T04:45:42.912+0000] {processor.py:925} INFO - DAG(s) 'dataset_with_extra_by_context', 'dataset_with_extra_from_classic_operator', 'dataset_with_extra_by_yield' retrieved from /home/airflow/.local/lib/python3.12/site-packages/airflow/example_dags/example_outlet_event_extra.py
[2026-08-12T04:45:42.950+0000] {logging_mixin.py:190} INFO - [2026-08-12T04:45:42.950+0000] {dag.py:3211} INFO - Sync 3 DAGs
[2026-08-12T04:45:42.981+0000] {logging_mixin.py:190} INFO - [2026-08-12T04:45:42.980+0000] {dag.py:4138} INFO - Setting next_dagrun for dataset_with_extra_by_context to 2026-08-11 00:00:00+00:00, run_after=2026-08-12 00:00:00+00:00
[2026-08-12T04:45:42.991+0000] {logging_mixin.py:190} INFO - [2026-08-12T04:45:42.990+0000] {dag.py:4138} INFO - Setting next_dagrun for dataset_with_extra_by_yield to 2026-08-11 00:00:00+00:00, run_after=2026-08-12 00:00:00+00:00
[2026-08-12T04:45:42.997+0000] {logging_mixin.py:190} INFO - [2026-08-12T04:45:42.997+0000] {dag.py:4138} INFO - Setting next_dagrun for dataset_with_extra_from_classic_operator to 2026-08-11 00:00:00+00:00, run_after=2026-08-12 00:00:00+00:00
[2026-08-12T04:45:43.044+0000] {processor.py:208} INFO - Processing /home/airflow/.local/lib/python3.12/site-packages/airflow/example_dags/example_outlet_event_extra.py took 0.281 seconds
[2026-08-12T04:46:13.396+0000] {processor.py:186} INFO - Started process (PID=1704) to work on /home/airflow/.local/lib/python3.12/site-packages/airflow/example_dags/example_outlet_event_extra.py
[2026-08-12T04:46:13.399+0000] {processor.py:914} INFO - Processing file /home/airflow/.local/lib/python3.12/site-packages/airflow/example_dags/example_outlet_event_extra.py for tasks to queue
[2026-08-12T04:46:13.403+0000] {logging_mixin.py:190} INFO - [2026-08-12T04:46:13.402+0000] {dagbag.py:587} INFO - Filling up the DagBag from /home/airflow/.local/lib/python3.12/site-packages/airflow/example_dags/example_outlet_event_extra.py
[2026-08-12T04:46:13.552+0000] {processor.py:925} INFO - DAG(s) 'dataset_with_extra_by_context', 'dataset_with_extra_by_yield', 'dataset_with_extra_from_classic_operator' retrieved from /home/airflow/.local/lib/python3.12/site-packages/airflow/example_dags/example_outlet_event_extra.py
[2026-08-12T04:46:13.581+0000] {logging_mixin.py:190} INFO - [2026-08-12T04:46:13.581+0000] {dag.py:3211} INFO - Sync 3 DAGs
[2026-08-12T04:46:13.609+0000] {logging_mixin.py:190} INFO - [2026-08-12T04:46:13.608+0000] {dag.py:4138} INFO - Setting next_dagrun for dataset_with_extra_by_context to 2026-08-11 00:00:00+00:00, run_after=2026-08-12 00:00:00+00:00
[2026-08-12T04:46:13.615+0000] {logging_mixin.py:190} INFO - [2026-08-12T04:46:13.615+0000] {dag.py:4138} INFO - Setting next_dagrun for dataset_with_extra_by_yield to 2026-08-11 00:00:00+00:00, run_after=2026-08-12 00:00:00+00:00
[2026-08-12T04:46:13.619+0000] {logging_mixin.py:190} INFO - [2026-08-12T04:46:13.619+0000] {dag.py:4138} INFO - Setting next_dagrun for dataset_with_extra_from_classic_operator to 2026-08-11 00:00:00+00:00, run_after=2026-08-12 00:00:00+00:00
[2026-08-12T04:46:13.653+0000] {processor.py:208} INFO - Processing /home/airflow/.local/lib/python3.12/site-packages/airflow/example_dags/example_outlet_event_extra.py took 0.262 seconds
[2026-08-12T04:46:44.088+0000] {processor.py:186} INFO - Started process (PID=1766) to work on /home/airflow/.local/lib/python3.12/site-packages/airflow/example_dags/example_outlet_event_extra.py
[2026-08-12T04:46:44.092+0000] {processor.py:914} INFO - Processing file /home/airflow/.local/lib/python3.12/site-packages/airflow/example_dags/example_outlet_event_extra.py for tasks to queue
[2026-08-12T04:46:44.100+0000] {logging_mixin.py:190} INFO - [2026-08-12T04:46:44.099+0000] {dagbag.py:587} INFO - Filling up the DagBag from /home/airflow/.local/lib/python3.12/site-packages/airflow/example_dags/example_outlet_event_extra.py
[2026-08-12T04:46:44.263+0000] {processor.py:925} INFO - DAG(s) 'dataset_with_extra_by_context', 'dataset_with_extra_by_yield', 'dataset_with_extra_from_classic_operator' retrieved from /home/airflow/.local/lib/python3.12/site-packages/airflow/example_dags/example_outlet_event_extra.py
[2026-08-12T04:46:44.289+0000] {logging_mixin.py:190} INFO - [2026-08-12T04:46:44.289+0000] {dag.py:3211} INFO - Sync 3 DAGs
[2026-08-12T04:46:44.312+0000] {logging_mixin.py:190} INFO - [2026-08-12T04:46:44.312+0000] {dag.py:4138} INFO - Setting next_dagrun for dataset_with_extra_by_context to 2026-08-11 00:00:00+00:00, run_after=2026-08-12 00:00:00+00:00
[2026-08-12T04:46:44.319+0000] {logging_mixin.py:190} INFO - [2026-08-12T04:46:44.319+0000] {dag.py:4138} INFO - Setting next_dagrun for dataset_with_extra_by_yield to 2026-08-11 00:00:00+00:00, run_after=2026-08-12 00:00:00+00:00
[2026-08-12T04:46:44.323+0000] {logging_mixin.py:190} INFO - [2026-08-12T04:46:44.322+0000] {dag.py:4138} INFO - Setting next_dagrun for dataset_with_extra_from_classic_operator to 2026-08-11 00:00:00+00:00, run_after=2026-08-12 00:00:00+00:00
[2026-08-12T04:46:44.352+0000] {processor.py:208} INFO - Processing /home/airflow/.local/lib/python3.12/site-packages/airflow/example_dags/example_outlet_event_extra.py took 0.275 seconds
[2026-08-12T04:47:14.854+0000] {processor.py:186} INFO - Started process (PID=1829) to work on /home/airflow/.local/lib/python3.12/site-packages/airflow/example_dags/example_outlet_event_extra.py
[2026-08-12T04:47:14.857+0000] {processor.py:914} INFO - Processing file /home/airflow/.local/lib/python3.12/site-packages/airflow/example_dags/example_outlet_event_extra.py for tasks to queue
[2026-08-12T04:47:14.861+0000] {logging_mixin.py:190} INFO - [2026-08-12T04:47:14.860+0000] {dagbag.py:587} INFO - Filling up the DagBag from /home/airflow/.local/lib/python3.12/site-packages/airflow/example_dags/example_outlet_event_extra.py
[2026-08-12T04:47:15.011+0000] {processor.py:925} INFO - DAG(s) 'dataset_with_extra_by_context', 'dataset_with_extra_from_classic_operator', 'dataset_with_extra_by_yield' retrieved from /home/airflow/.local/lib/python3.12/site-packages/airflow/example_dags/example_outlet_event_extra.py
[2026-08-12T04:47:15.039+0000] {logging_mixin.py:190} INFO - [2026-08-12T04:47:15.039+0000] {dag.py:3211} INFO - Sync 3 DAGs
[2026-08-12T04:47:15.065+0000] {logging_mixin.py:190} INFO - [2026-08-12T04:47:15.065+0000] {dag.py:4138} INFO - Setting next_dagrun for dataset_with_extra_by_context to 2026-08-11 00:00:00+00:00, run_after=2026-08-12 00:00:00+00:00
[2026-08-12T04:47:15.071+0000] {logging_mixin.py:190} INFO - [2026-08-12T04:47:15.071+0000] {dag.py:4138} INFO - Setting next_dagrun for dataset_with_extra_by_yield to 2026-08-11 00:00:00+00:00, run_after=2026-08-12 00:00:00+00:00
[2026-08-12T04:47:15.075+0000] {logging_mixin.py:190} INFO - [2026-08-12T04:47:15.075+0000] {dag.py:4138} INFO - Setting next_dagrun for dataset_with_extra_from_classic_operator to 2026-08-11 00:00:00+00:00, run_after=2026-08-12 00:00:00+00:00
[2026-08-12T04:47:15.101+0000] {processor.py:208} INFO - Processing /home/airflow/.local/lib/python3.12/site-packages/airflow/example_dags/example_outlet_event_extra.py took 0.254 seconds
[2026-08-12T04:47:45.267+0000] {processor.py:186} INFO - Started process (PID=1891) to work on /home/airflow/.local/lib/python3.12/site-packages/airflow/example_dags/example_outlet_event_extra.py
[2026-08-12T04:47:45.270+0000] {processor.py:914} INFO - Processing file /home/airflow/.local/lib/python3.12/site-packages/airflow/example_dags/example_outlet_event_extra.py for tasks to queue
[2026-08-12T04:47:45.274+0000] {logging_mixin.py:190} INFO - [2026-08-12T04:47:45.274+0000] {dagbag.py:587} INFO - Filling up the DagBag from /home/airflow/.local/lib/python3.12/site-packages/airflow/example_dags/example_outlet_event_extra.py
[2026-08-12T04:47:45.429+0000] {processor.py:925} INFO - DAG(s) 'dataset_with_extra_by_yield', 'dataset_with_extra_by_context', 'dataset_with_extra_from_classic_operator' retrieved from /home/airflow/.local/lib/python3.12/site-packages/airflow/example_dags/example_outlet_event_extra.py
[2026-08-12T04:47:45.458+0000] {logging_mixin.py:190} INFO - [2026-08-12T04:47:45.458+0000] {dag.py:3211} INFO - Sync 3 DAGs
[2026-08-12T04:47:45.489+0000] {logging_mixin.py:190} INFO - [2026-08-12T04:47:45.489+0000] {dag.py:4138} INFO - Setting next_dagrun for dataset_with_extra_by_context to 2026-08-11 00:00:00+00:00, run_after=2026-08-12 00:00:00+00:00
[2026-08-12T04:47:45.496+0000] {logging_mixin.py:190} INFO - [2026-08-12T04:47:45.496+0000] {dag.py:4138} INFO - Setting next_dagrun for dataset_with_extra_by_yield to 2026-08-11 00:00:00+00:00, run_after=2026-08-12 00:00:00+00:00
[2026-08-12T04:47:45.500+0000] {logging_mixin.py:190} INFO - [2026-08-12T04:47:45.500+0000] {dag.py:4138} INFO - Setting next_dagrun for dataset_with_extra_from_classic_operator to 2026-08-11 00:00:00+00:00, run_after=2026-08-12 00:00:00+00:00
[2026-08-12T04:47:45.534+0000] {processor.py:208} INFO - Processing /home/airflow/.local/lib/python3.12/site-packages/airflow/example_dags/example_outlet_event_extra.py took 0.275 seconds
